12-13 10:32:25.051    26    26 I vold    : Verified that /data/system_de/0 has the encryption policy def96e015042a3169eae9b3601cfb45f v2 modes 1/4 flags 0x2
12-13 10:32:25.051    26    26 I vold    : Verified that /data/misc_de/0 has the encryption policy def96e015042a3169eae9b3601cfb45f v2 modes 1/4 flags 0x2
12-13 10:32:25.051    26    26 I vold    : Verified that /data/vendor_de/0 has the encryption policy def96e015042a3169eae9b3601cfb45f v2 modes 1/4 flags 0x2
12-13 10:32:25.051    26    26 I vold    : Verified that /data/user_de/0 has the encryption policy def96e015042a3169eae9b3601cfb45f v2 modes 1/4 flags 0x2
12-13 10:32:25.052    26    26 D vold    : /system/bin/vold_prepare_subdirs
12-13 10:32:25.052    26    26 D vold    :     prepare
12-13 10:32:25.052    26    26 D vold    :     
12-13 10:32:25.052    26    26 D vold    :     0
12-13 10:32:25.052    26    26 D vold    :     1
12-13 10:32:25.060    56    56 D vold_prepare_subdirs: Setting up mode 700 uid 0 gid 0 context u:object_r:vold_data_file:s0 on path: /data/misc_de/0/vold
12-13 10:32:25.061    56    56 D vold_prepare_subdirs: Setting up mode 700 uid 0 gid 0 context u:object_r:storaged_data_file:s0 on path: /data/misc_de/0/storaged
12-13 10:32:25.061    56    56 D vold_prepare_subdirs: Setting up mode 700 uid 0 gid 0 context u:object_r:rollback_data_file:s0 on path: /data/misc_de/0/rollback
12-13 10:32:25.061    56    56 D vold_prepare_subdirs: Setting up mode 700 uid 0 gid 0 context u:object_r:apex_rollback_data_file:s0 on path: /data/misc_de/0/apexrollback
12-13 10:32:25.061    56    56 D vold_prepare_subdirs: Setting up mode 711 uid 0 gid 0 context u:object_r:apex_module_data_file:s0 on path: /data/misc_de/0/apexdata
12-13 10:32:25.061    56    56 D vold_prepare_subdirs: Setting up mode 771 uid 0 gid 1000 context u:object_r:apex_module_data_file:s0 on path: /data/misc_de/0/apexdata/com.microsoft.windows.framework
12-13 10:32:25.062    56    56 D vold_prepare_subdirs: Setting up mode 771 uid 0 gid 1000 context u:object_r:apex_module_data_file:s0 on path: /data/misc_de/0/apexdata/com.android.sdkext
12-13 10:32:25.062    56    56 D vold_prepare_subdirs: Setting up mode 771 uid 0 gid 1000 context u:object_r:apex_module_data_file:s0 on path: /data/misc_de/0/apexdata/com.android.media.swcodec
12-13 10:32:25.062    56    56 D vold_prepare_subdirs: Setting up mode 771 uid 0 gid 1000 context u:object_r:apex_module_data_file:s0 on path: /data/misc_de/0/apexdata/com.android.tzdata
12-13 10:32:25.062    56    56 D vold_prepare_subdirs: Setting up mode 771 uid 0 gid 1000 context u:object_r:apex_module_data_file:s0 on path: /data/misc_de/0/apexdata/com.android.os.statsd
12-13 10:32:25.063    56    56 D vold_prepare_subdirs: Setting up mode 771 uid 0 gid 1000 context u:object_r:apex_module_data_file:s0 on path: /data/misc_de/0/apexdata/com.android.art
12-13 10:32:25.063    56    56 D vold_prepare_subdirs: Setting up mode 771 uid 0 gid 1000 context u:object_r:apex_module_data_file:s0 on path: /data/misc_de/0/apexdata/com.android.conscrypt
12-13 10:32:25.063    56    56 D vold_prepare_subdirs: Setting up mode 771 uid 0 gid 1000 context u:object_r:apex_module_data_file:s0 on path: /data/misc_de/0/apexdata/com.android.neuralnetworks
12-13 10:32:25.063    56    56 D vold_prepare_subdirs: Setting up mode 771 uid 0 gid 1000 context u:object_r:apex_module_data_file:s0 on path: /data/misc_de/0/apexdata/com.android.i18n
12-13 10:32:25.063    56    56 D vold_prepare_subdirs: Setting up mode 771 uid 0 gid 1000 context u:object_r:apex_module_data_file:s0 on path: /data/misc_de/0/apexdata/com.android.runtime
12-13 10:32:25.063    56    56 D vold_prepare_subdirs: Setting up mode 771 uid 0 gid 1000 context u:object_r:apex_module_data_file:s0 on path: /data/misc_de/0/apexdata/com.android.vndk.v30
12-13 10:32:25.063    56    56 D vold_prepare_subdirs: Setting up mode 771 uid 0 gid 1000 context u:object_r:apex_module_data_file:s0 on path: /data/misc_de/0/apexdata/com.android.mediaprovider
12-13 10:32:25.063    56    56 D vold_prepare_subdirs: Setting up mode 771 uid 0 gid 1000 context u:object_r:apex_module_data_file:s0 on path: /data/misc_de/0/apexdata/com.android.adbd
12-13 10:32:25.064    56    56 D vold_prepare_subdirs: Setting up mode 771 uid 0 gid 1000 context u:object_r:apex_wifi_data_file:s0 on path: /data/misc_de/0/apexdata/com.android.wifi
12-13 10:32:25.064    56    56 D vold_prepare_subdirs: Setting up mode 771 uid 0 gid 1000 context u:object_r:apex_module_data_file:s0 on path: /data/misc_de/0/apexdata/com.android.ipsec
12-13 10:32:25.064    56    56 D vold_prepare_subdirs: Setting up mode 771 uid 0 gid 1000 context u:object_r:apex_module_data_file:s0 on path: /data/misc_de/0/apexdata/com.android.resolv
12-13 10:32:25.064    56    56 D vold_prepare_subdirs: Setting up mode 771 uid 0 gid 1000 context u:object_r:apex_module_data_file:s0 on path: /data/misc_de/0/apexdata/com.android.extservices
12-13 10:32:25.064    56    56 D vold_prepare_subdirs: Setting up mode 771 uid 0 gid 1000 context u:object_r:apex_permission_data_file:s0 on path: /data/misc_de/0/apexdata/com.android.permission
12-13 10:32:25.064    56    56 D vold_prepare_subdirs: Setting up mode 771 uid 0 gid 1000 context u:object_r:apex_module_data_file:s0 on path: /data/misc_de/0/apexdata/com.android.tethering
12-13 10:32:25.064    56    56 D vold_prepare_subdirs: Setting up mode 771 uid 0 gid 1000 context u:object_r:apex_module_data_file:s0 on path: /data/misc_de/0/apexdata/com.android.media
12-13 10:32:25.064    56    56 D vold_prepare_subdirs: Setting up mode 700 uid 1000 gid 1000 context u:object_r:fingerprint_vendor_data_file:s0 on path: /data/vendor_de/0/fpdata
12-13 10:32:25.065    56    56 D vold_prepare_subdirs: Setting up mode 700 uid 1000 gid 1000 context u:object_r:face_vendor_data_file:s0 on path: /data/vendor_de/0/facedata
12-13 10:32:25.066    26    26 D vold    : Detected support for FS_IOC_ADD_ENCRYPTION_KEY
12-13 10:32:25.069     0     0 I         : vold_prepare_su (266) used greatest stack depth: 12712 bytes left
12-13 10:32:25.071     0     0 I init    : Service 'exec 6 (/system/bin/vdc --wait cryptfs init_user0)' (pid 55) exited with status 0 waiting took 0.030000 seconds
12-13 10:32:25.071     0     0 I init    : Sending signal 9 to service 'exec 6 (/system/bin/vdc --wait cryptfs init_user0)' (pid 55) process group...
12-13 10:32:25.071     0     0 I libprocessgroup: Successfully killed process cgroup uid 0 pid 55 in 0ms
12-13 10:32:25.071     0     0 I init    : starting service 'apexd-snapshotde'...
12-13 10:32:25.073     0     0 I init    : SVC_EXEC service 'apexd-snapshotde' pid 58 (uid 0 gid 1000+0 context default) started; waiting...
12-13 10:32:25.083     0     0 I apexd   : This device does not support updatable APEX. Exiting
12-13 10:32:25.083     0     0 I apexd   : Marking APEXd as ready
12-13 10:32:25.084     0     0 I init    : Service 'apexd-snapshotde' (pid 58) exited with status 0 waiting took 0.012000 seconds
12-13 10:32:25.084     0     0 I init    : Sending signal 9 to service 'apexd-snapshotde' (pid 58) process group...
12-13 10:32:25.084     0     0 I libprocessgroup: Successfully killed process cgroup uid 0 pid 58 in 0ms
12-13 10:32:25.086     0     0 I selinux : SELinux: Skipping restorecon on directory(/data)
12-13 10:32:25.086     0     0 I selinux :  
12-13 10:32:25.086     0     0 I init    : starting service 'exec 7 (/system/bin/tzdatacheck /apex/com.android.tzdata/etc/tz /data/misc/zoneinfo)'...
12-13 10:32:25.087     0     0 I init    : SVC_EXEC service 'exec 7 (/system/bin/tzdatacheck /apex/com.android.tzdata/etc/tz /data/misc/zoneinfo)' pid 59 (uid 1000 gid 1000+0 context default) started; waiting...
12-13 10:32:25.089    59    59 I tzdatacheck: timezone distro dir /data/misc/zoneinfo/current does not exist. No action required.
12-13 10:32:25.093     0     0 I init    : Service 'exec 7 (/system/bin/tzdatacheck /apex/com.android.tzdata/etc/tz /data/misc/zoneinfo)' (pid 59) exited with status 0 waiting took 0.006000 seconds
12-13 10:32:25.093     0     0 I init    : Sending signal 9 to service 'exec 7 (/system/bin/tzdatacheck /apex/com.android.tzdata/etc/tz /data/misc/zoneinfo)' (pid 59) process group...
12-13 10:32:25.093     0     0 I libprocessgroup: Successfully killed process cgroup uid 1000 pid 59 in 0ms
12-13 10:32:25.094     0     0 I init    : processing action (post-fs-data) from (/system/etc/init/hw/init.usb.rc:6)
12-13 10:32:25.094     0     0 I init    : Verified that /data/adb has the encryption policy ab821d9df022fa689c9fe7123d4648ab v2 modes 1/4 flags 0x2
12-13 10:32:25.094     0     0 I init    : processing action (post-fs-data) from (/system/etc/init/bootstat.rc:9)
12-13 10:32:25.095     0     0 I init    : processing action (ro.debuggable=1 && post-fs-data) from (/system/etc/init/clean_scratch_files.rc:1)
12-13 10:32:25.095     0     0 I init    : Command 'exec_background - root root -- /system/bin/clean_scratch_files' action=ro.debuggable=1 && post-fs-data (/system/etc/init/clean_scratch_files.rc:2) took 0ms and failed: Could not start exec background service: File /system/bin/clean_scratch_files(labeled "u:object_r:system_file:s0") has incorrect label or no domain transition from u:r:init:s0 to another SELinux domain defined. Have you configured your service correctly? https://source.android.com/security/selinux/device-policy#label_new_services_and_address_denials
12-13 10:32:25.096     0     0 I init    : processing action (post-fs-data) from (/system/etc/init/gsid.rc:14)
12-13 10:32:25.096     0     0 I init    : Not setting encryption policy on: /data/gsi
12-13 10:32:25.096     0     0 I init    : processing action (post-fs-data) from (/system/etc/init/incidentd.rc:21)
12-13 10:32:25.096     0     0 I init    : processing action (post-fs-data) from (/system/etc/init/iorapd.rc:28)
12-13 10:32:25.096     0     0 I init    : processing action (post-fs-data) from (/system/etc/init/logtagd.rc:4)
12-13 10:32:25.097     0     0 I init    : processing action (post-fs-data) from (/system/etc/init/perfetto.rc:67)
12-13 10:32:25.098     0     0 I init    : Command 'rm /data/misc/perfetto-traces/.guardraildata' action=post-fs-data (/system/etc/init/perfetto.rc:68) took 0ms and failed: unlink() failed: No such file or directory
12-13 10:32:25.098     0     0 I init    : processing action (post-fs-data) from (/system/etc/init/recovery-persist.rc:1)
12-13 10:32:25.098     0     0 I init    : starting service 'exec 9 (/system/bin/recovery-persist)'...
12-13 10:32:25.100     0     0 I init    : processing action (post-fs-data) from (/system/etc/init/tombstoned.rc:10)
12-13 10:32:25.100     0     0 I init    : starting service 'tombstoned'...
12-13 10:32:25.100     0     0 I init    : Created socket '/dev/socket/tombstoned_crash', mode 666, user 1000, group 1000
12-13 10:32:25.100     0     0 I init    : Created socket '/dev/socket/tombstoned_intercept', mode 666, user 1000, group 1000
12-13 10:32:25.100     0     0 I init    : Created socket '/dev/socket/tombstoned_java_trace', mode 666, user 1000, group 1000
12-13 10:32:25.101    60    60 E recovery-persist: Failed to unlink /cache/recovery/last_install: No such file or directory
12-13 10:32:25.102     0     0 I init    : processing action (post-fs-data) from (/system/etc/init/wifi.rc:18)
12-13 10:32:25.102     0     0 I selinux : SELinux: Skipping restorecon on directory(/data/misc/apexdata/com.android.wifi)
12-13 10:32:25.102     0     0 I selinux :  
12-13 10:32:25.102     0     0 I init    : processing action (post-fs-data) from (/vendor/etc/init/init.windows_x86_64.rc:27)
12-13 10:32:25.103     0     0 I init    : processing action (load_persist_props_action) from (/system/etc/init/hw/init.rc:405)
12-13 10:32:25.103     0     0 W init    : Couldn't load property file '/data/local.prop': open() failed: No such file or directory: No such file or directory
12-13 10:32:25.106    61    61 I tombstoned: tombstoned successfully initialized
12-13 10:32:25.106     0     0 I init    : Service 'exec 9 (/system/bin/recovery-persist)' (pid 60) exited with status 0 oneshot service took 0.006000 seconds in background
12-13 10:32:25.106     0     0 I init    : Sending signal 9 to service 'exec 9 (/system/bin/recovery-persist)' (pid 60) process group...
12-13 10:32:25.106     0     0 I libprocessgroup: Successfully killed process cgroup uid 1000 pid 60 in 0ms
12-13 10:32:25.106     0     0 I init    : Wait for property 'ro.persistent_properties.ready=true' took 3ms
12-13 10:32:25.106     0     0 I init    : starting service 'logd-reinit'...
12-13 10:32:25.108     0     0 I init    : processing action (load_persist_props_action) from (/system/etc/init/flags_health_check.rc:1)
12-13 10:32:25.108     0     0 W init    : Top-level directory needs encryption action, eg mkdir /data/server_configurable_flags <mode> <uid> <gid> encryption=Require
12-13 10:32:25.110     0     0 I init    : Verified that /data/server_configurable_flags has the encryption policy ab821d9df022fa689c9fe7123d4648ab v2 modes 1/4 flags 0x2
12-13 10:32:25.110     0     0 I init    : starting service 'exec 10 (/system/bin/flags_health_check BOOT_FAILURE)'...
12-13 10:32:25.111     0     0 I init    : SVC_EXEC service 'exec 10 (/system/bin/flags_health_check BOOT_FAILURE)' pid 63 (uid 1000 gid 1000+0 context default) started; waiting...
12-13 10:32:25.113    63    63 I flags_health_check: ServerConfigurableFlagsReset reset_mode value: 0
12-13 10:32:25.113    63    63 I flags_health_check: ServerConfigurableFlagsReset attempted boot count is under threshold, skipping reset.
12-13 10:32:25.113     0     0 I logd.daemon: reinit
12-13 10:32:25.114     0     0 I init    : Service 'logd-reinit' (pid 62) exited with status 0 oneshot service took 0.006000 seconds in background
12-13 10:32:25.114     0     0 I init    : Sending signal 9 to service 'logd-reinit' (pid 62) process group...
12-13 10:32:25.114     0     0 I libprocessgroup: Successfully killed process cgroup uid 1036 pid 62 in 0ms
12-13 10:32:25.140     0     0 I init    : Service 'exec 10 (/system/bin/flags_health_check BOOT_FAILURE)' (pid 63) exited with status 0 waiting took 0.029000 seconds
12-13 10:32:25.140     0     0 I init    : Sending signal 9 to service 'exec 10 (/system/bin/flags_health_check BOOT_FAILURE)' (pid 63) process group...
12-13 10:32:25.141     0     0 I libprocessgroup: Successfully killed process cgroup uid 1000 pid 63 in 0ms
12-13 10:32:25.141     0     0 I init    : processing action (load_persist_props_action) from (/system/etc/init/logcatd.rc:29)
12-13 10:32:25.141     0     0 I init    : processing action (load_bpf_programs) from (/system/etc/init/bpfloader.rc:20)
12-13 10:32:25.141     0     0 I init    : starting service 'bpfloader'...
12-13 10:32:25.143     0     0 I init    : processing action (persist.sys.fuse=true && zygote-start) from (/system/etc/init/hw/init.rc:797)
12-13 10:32:25.143     0     0 I init    : processing action (ro.crypto.state=encrypted && ro.crypto.type=file && zygote-start) from (/system/etc/init/hw/init.rc:828)
12-13 10:32:25.143     0     0 I init    : Command 'exec_start update_verifier_nonencrypted' action=ro.crypto.state=encrypted && ro.crypto.type=file && zygote-start (/system/etc/init/hw/init.rc:830) took 0ms and failed: Service not found
12-13 10:32:25.143     0     0 I init    : starting service 'statsd'...
12-13 10:32:25.144     0     0 I init    : Created socket '/dev/socket/statsdw', mode 222, user 1066, group 1066
12-13 10:32:25.145     0     0 I init    : starting service 'netd'...
12-13 10:32:25.145     0     0 I init    : Created socket '/dev/socket/dnsproxyd', mode 660, user 0, group 3003
12-13 10:32:25.145     0     0 I init    : Created socket '/dev/socket/mdns', mode 660, user 0, group 1000
12-13 10:32:25.145     0     0 I init    : Created socket '/dev/socket/fwmarkd', mode 660, user 0, group 3003
12-13 10:32:25.147     0     0 I init    : starting service 'zygote'...
12-13 10:32:25.147     0     0 I init    : Created socket '/dev/socket/zygote', mode 660, user 0, group 1000
12-13 10:32:25.147     0     0 I init    : Created socket '/dev/socket/usap_pool_primary', mode 660, user 0, group 1000
12-13 10:32:25.148     0     0 I init    : starting service 'zygote_secondary'...
12-13 10:32:25.148     0     0 I init    : Created socket '/dev/socket/zygote_secondary', mode 660, user 0, group 1000
12-13 10:32:25.148     0     0 I init    : Created socket '/dev/socket/usap_pool_secondary', mode 660, user 0, group 1000
12-13 10:32:25.148     0     0 W libprocessgroup: Failed to open /dev/stune/top-app/tasks: No such file or directory: No such file or directory
12-13 10:32:25.150     0     0 W libprocessgroup: Failed to apply MaxPerformance task profile: No such file or directory
12-13 10:32:25.151    64    64 D LibBpfLoader: Loading critical for netd ELF object /system/etc/bpf/clatd.o with license Apache 2.0
12-13 10:32:25.151     0     0 I init    : processing action (firmware_mounts_complete) from (/system/etc/init/hw/init.rc:411)
12-13 10:32:25.151     0     0 I init    : processing action (early-boot) from (/system/etc/init/installd.rc:5)
12-13 10:32:25.151     0     0 W libprocessgroup: Failed to open /dev/stune/top-app/tasks: No such file or directory: No such file or directory
12-13 10:32:25.152    64    64 E LibBpfLoader: No progs section could be found in elf object
12-13 10:32:25.152    64    64 D LibBpfLoader: Loaded code section 3 (schedcls_ingress_clat_ether)
12-13 10:32:25.153    64    64 D LibBpfLoader: Loaded relo section 3 (.relschedcls/ingress/clat_ether)
12-13 10:32:25.153    64    64 D LibBpfLoader: Adding section 3 to cs list
12-13 10:32:25.153    64    64 D LibBpfLoader: Loaded code section 5 (schedcls_ingress_clat_rawip)
12-13 10:32:25.153     0     0 W libprocessgroup: Failed to apply MaxPerformance task profile: No such file or directory
12-13 10:32:25.153    64    64 D LibBpfLoader: Loaded relo section 5 (.relschedcls/ingress/clat_rawip)
12-13 10:32:25.153    64    64 D LibBpfLoader: Adding section 5 to cs list
12-13 10:32:25.153    64    64 D LibBpfLoader: Loaded code section 7 (schedcls_egress_clat_ether)
12-13 10:32:25.153    64    64 D LibBpfLoader: Adding section 7 to cs list
12-13 10:32:25.154    64    64 D LibBpfLoader: Loaded code section 8 (schedcls_egress_clat_rawip)
12-13 10:32:25.154    64    64 D LibBpfLoader: Loaded relo section 8 (.relschedcls/egress/clat_rawip)
12-13 10:32:25.154    64    64 D LibBpfLoader: Adding section 8 to cs list
12-13 10:32:25.155    64    64 D LibBpfLoader: bpf_create_map name clat_ingress_map, ret: 6
12-13 10:32:25.155    64    64 D LibBpfLoader: bpf_create_map name clat_egress_map, ret: 7
12-13 10:32:25.155    64    64 D LibBpfLoader: map_fd found at 0 is 6 in /system/etc/bpf/clatd.o
12-13 10:32:25.155    64    64 D LibBpfLoader: map_fd found at 1 is 7 in /system/etc/bpf/clatd.o
12-13 10:32:25.155    64    64 D LibBpfLoader: applying relo to instruction at byte offset: 392, 	       insn offset 49 , insn 118
12-13 10:32:25.155    64    64 D LibBpfLoader: applying relo to instruction at byte offset: 352, 	       insn offset 44 , insn 118
12-13 10:32:25.155    64    64 D LibBpfLoader: applying relo to instruction at byte offset: 520, 	       insn offset 65 , insn 118
12-13 10:32:25.157    64    64 D LibBpfLoader: bpf_prog_load lib call for /system/etc/bpf/clatd.o (schedcls_ingress_clat_ether) returned fd: 8 (no error)
12-13 10:32:25.158    64    64 D LibBpfLoader: bpf_prog_load lib call for /system/etc/bpf/clatd.o (schedcls_ingress_clat_rawip) returned fd: 9 (no error)
12-13 10:32:25.159    64    64 D LibBpfLoader: bpf_prog_load lib call for /system/etc/bpf/clatd.o (schedcls_egress_clat_ether) returned fd: 10 (no error)
12-13 10:32:25.160    64    64 D LibBpfLoader: bpf_prog_load lib call for /system/etc/bpf/clatd.o (schedcls_egress_clat_rawip) returned fd: 11 (no error)
12-13 10:32:25.160    64    64 I bpfloader: Loaded object: /system/etc/bpf/clatd.o
12-13 10:32:25.161    64    64 D LibBpfLoader: Loading critical for netd ELF object /system/etc/bpf/offload.o with license Apache 2.0
12-13 10:32:25.161    64    64 D LibBpfLoader: Loaded code section 3 (schedcls_ingress_tether_ether)
12-13 10:32:25.161     0     0 I init    : processing action (early-boot) from (/vendor/etc/init/init.windows_x86_64.rc:31)
12-13 10:32:25.161    64    64 D LibBpfLoader: Loaded relo section 3 (.relschedcls/ingress/tether_ether)
12-13 10:32:25.161    64    64 D LibBpfLoader: Adding section 3 to cs list
12-13 10:32:25.162    64    64 D LibBpfLoader: Loaded code section 5 (schedcls_ingress_tether_rawip$5_4)
12-13 10:32:25.162     0     0 I init    : starting service 'wait_for_rcm'...
12-13 10:32:25.162    64    64 D LibBpfLoader: Loaded relo section 5 (.relschedcls/ingress/tether_rawip$5_4)
12-13 10:32:25.162    64    64 D LibBpfLoader: Adding section 5 to cs list
12-13 10:32:25.162    64    64 D LibBpfLoader: Loaded code section 7 (schedcls_ingress_tether_rawip$4_14)
12-13 10:32:25.162    64    64 D LibBpfLoader: Loaded relo section 7 (.relschedcls/ingress/tether_rawip$4_14)
12-13 10:32:25.162    64    64 D LibBpfLoader: Adding section 7 to cs list
12-13 10:32:25.162    64    64 D LibBpfLoader: Loaded code section 9 (schedcls_ingress_tether_rawip$stub)
12-13 10:32:25.163    64    64 D LibBpfLoader: Adding section 9 to cs list
12-13 10:32:25.163    64    64 D LibBpfLoader: bpf_create_map name tether_ingress_map, ret: 6
12-13 10:32:25.163     0     0 I init    : SVC_EXEC service 'wait_for_rcm' pid 69 (uid 0 gid 0+1 context default) started; waiting...
12-13 10:32:25.163    64    64 D LibBpfLoader: bpf_create_map name tether_stats_map, ret: 7
12-13 10:32:25.163    64    64 D LibBpfLoader: bpf_create_map name tether_limit_map, ret: 8
12-13 10:32:25.163    64    64 D LibBpfLoader: map_fd found at 0 is 6 in /system/etc/bpf/offload.o
12-13 10:32:25.163    64    64 D LibBpfLoader: map_fd found at 1 is 7 in /system/etc/bpf/offload.o
12-13 10:32:25.163    64    64 D LibBpfLoader: map_fd found at 2 is 8 in /system/etc/bpf/offload.o
12-13 10:32:25.164    64    64 D LibBpfLoader: applying relo to instruction at byte offset: 304, 	       insn offset 38 , insn 118
12-13 10:32:25.164    64    64 D LibBpfLoader: applying relo to instruction at byte offset: 384, 	       insn offset 48 , insn 118
12-13 10:32:25.164    64    64 D LibBpfLoader: applying relo to instruction at byte offset: 448, 	       insn offset 56 , insn 118
12-13 10:32:25.164    64    64 D LibBpfLoader: applying relo to instruction at byte offset: 264, 	       insn offset 33 , insn 118
12-13 10:32:25.164    64    64 D LibBpfLoader: applying relo to instruction at byte offset: 344, 	       insn offset 43 , insn 118
12-13 10:32:25.164    64    64 D LibBpfLoader: applying relo to instruction at byte offset: 408, 	       insn offset 51 , insn 118
12-13 10:32:25.164    64    64 D LibBpfLoader: applying relo to instruction at byte offset: 264, 	       insn offset 33 , insn 118
12-13 10:32:25.164    64    64 D LibBpfLoader: applying relo to instruction at byte offset: 344, 	       insn offset 43 , insn 118
12-13 10:32:25.164    64    64 D LibBpfLoader: applying relo to instruction at byte offset: 408, 	       insn offset 51 , insn 118
12-13 10:32:25.165    64    64 D LibBpfLoader: bpf_prog_load lib call for /system/etc/bpf/offload.o (schedcls_ingress_tether_ether) returned fd: 9 (no error)
12-13 10:32:25.166    64    64 D LibBpfLoader: cs[1].name:schedcls_ingress_tether_rawip$5_4 min_kver:50400 .max_kver:ffffffff (kvers:50a2b)
12-13 10:32:25.167    64    64 D LibBpfLoader: bpf_prog_load lib call for /system/etc/bpf/offload.o (schedcls_ingress_tether_rawip$5_4) returned fd: 10 (no error)
12-13 10:32:25.167    64    64 D LibBpfLoader: cs[2].name:schedcls_ingress_tether_rawip$4_14 min_kver:40e00 .max_kver:50400 (kvers:50a2b)
12-13 10:32:25.167    64    64 D LibBpfLoader: cs[3].name:schedcls_ingress_tether_rawip$stub min_kver:0 .max_kver:50400 (kvers:50a2b)
12-13 10:32:25.167    64    64 I bpfloader: Loaded object: /system/etc/bpf/offload.o
12-13 10:32:25.168    64    64 D LibBpfLoader: Loading critical for netd ELF object /system/etc/bpf/netd.o with license Apache 2.0
12-13 10:32:25.168    64    64 D LibBpfLoader: Loaded code section 3 (cgroupskb_ingress_stats)
12-13 10:32:25.169    65    65 I ServiceManager: Waiting for service 'statscompanion' on '/dev/binder'...
12-13 10:32:25.170    64    64 D LibBpfLoader: Loaded relo section 3 (.relcgroupskb/ingress/stats)
12-13 10:32:25.170    64    64 D LibBpfLoader: Adding section 3 to cs list
12-13 10:32:25.170    64    64 D LibBpfLoader: Loaded code section 5 (cgroupskb_egress_stats)
12-13 10:32:25.170    64    64 D LibBpfLoader: Loaded relo section 5 (.relcgroupskb/egress/stats)
12-13 10:32:25.171    64    64 D LibBpfLoader: Adding section 5 to cs list
12-13 10:32:25.171    64    64 D LibBpfLoader: Loaded code section 7 (skfilter_egress_xtbpf)
12-13 10:32:25.171    64    64 D LibBpfLoader: Loaded relo section 7 (.relskfilter/egress/xtbpf)
12-13 10:32:25.171    64    64 D LibBpfLoader: Adding section 7 to cs list
12-13 10:32:25.171    64    64 D LibBpfLoader: Loaded code section 9 (skfilter_ingress_xtbpf)
12-13 10:32:25.172    64    64 D LibBpfLoader: Loaded relo section 9 (.relskfilter/ingress/xtbpf)
12-13 10:32:25.172    64    64 D LibBpfLoader: Adding section 9 to cs list
12-13 10:32:25.172    64    64 D LibBpfLoader: Loaded code section 11 (skfilter_whitelist_xtbpf)
12-13 10:32:25.172    64    64 D LibBpfLoader: Loaded relo section 11 (.relskfilter/whitelist/xtbpf)
12-13 10:32:25.172    64    64 D LibBpfLoader: Adding section 11 to cs list
12-13 10:32:25.172    64    64 D LibBpfLoader: Loaded code section 13 (skfilter_blacklist_xtbpf)
12-13 10:32:25.172    64    64 D LibBpfLoader: Loaded relo section 13 (.relskfilter/blacklist/xtbpf)
12-13 10:32:25.172    64    64 D LibBpfLoader: Adding section 13 to cs list
12-13 10:32:25.172    64    64 D LibBpfLoader: Loaded code section 15 (cgroupsock_inet_create)
12-13 10:32:25.173    66    66 I netdClient: Skipping libnetd_client init since *we* are netd
12-13 10:32:25.173    64    64 D LibBpfLoader: Loaded relo section 15 (.relcgroupsock/inet/create)
12-13 10:32:25.173    64    64 D LibBpfLoader: Adding section 15 to cs list
12-13 10:32:25.174    64    64 D LibBpfLoader: bpf_create_map name cookie_tag_map, ret: 6
12-13 10:32:25.174    64    64 D LibBpfLoader: bpf_create_map name uid_counterset_map, ret: 7
12-13 10:32:25.175    64    64 D LibBpfLoader: bpf_create_map name app_uid_stats_map, ret: 8
12-13 10:32:25.176    64    64 D LibBpfLoader: bpf_create_map name stats_map_A, ret: 9
12-13 10:32:25.176    64    64 D LibBpfLoader: bpf_create_map name stats_map_B, ret: 10
12-13 10:32:25.176    64    64 D LibBpfLoader: bpf_create_map name iface_stats_map, ret: 11
12-13 10:32:25.176    64    64 D LibBpfLoader: bpf_create_map name configuration_map, ret: 12
12-13 10:32:25.176    64    64 D LibBpfLoader: bpf_create_map name uid_owner_map, ret: 13
12-13 10:32:25.176    64    64 D LibBpfLoader: bpf_create_map name iface_index_name_map, ret: 14
12-13 10:32:25.176    64    64 D LibBpfLoader: bpf_create_map name uid_permission_map, ret: 15
12-13 10:32:25.176    64    64 D LibBpfLoader: map_fd found at 0 is 6 in /system/etc/bpf/netd.o
12-13 10:32:25.176    64    64 D LibBpfLoader: map_fd found at 1 is 7 in /system/etc/bpf/netd.o
12-13 10:32:25.176    64    64 D LibBpfLoader: map_fd found at 2 is 8 in /system/etc/bpf/netd.o
12-13 10:32:25.176    64    64 D LibBpfLoader: map_fd found at 3 is 9 in /system/etc/bpf/netd.o
12-13 10:32:25.176    64    64 D LibBpfLoader: map_fd found at 4 is 10 in /system/etc/bpf/netd.o
12-13 10:32:25.176    64    64 D LibBpfLoader: map_fd found at 5 is 11 in /system/etc/bpf/netd.o
12-13 10:32:25.176    64    64 D LibBpfLoader: map_fd found at 6 is 12 in /system/etc/bpf/netd.o
12-13 10:32:25.176    64    64 D LibBpfLoader: map_fd found at 7 is 13 in /system/etc/bpf/netd.o
12-13 10:32:25.176    64    64 D LibBpfLoader: map_fd found at 8 is 14 in /system/etc/bpf/netd.o
12-13 10:32:25.176    64    64 D LibBpfLoader: map_fd found at 9 is 15 in /system/etc/bpf/netd.o
12-13 10:32:25.177    64    64 D LibBpfLoader: applying relo to instruction at byte offset: 664, 	       insn offset 83 , insn 118
12-13 10:32:25.177    64    64 D LibBpfLoader: applying relo to instruction at byte offset: 736, 	       insn offset 92 , insn 118
12-13 10:32:25.177    64    64 D LibBpfLoader: applying relo to instruction at byte offset: 1088, 	       insn offset 136 , insn 118
12-13 10:32:25.177    64    64 D LibBpfLoader: applying relo to instruction at byte offset: 1384, 	       insn offset 173 , insn 118
12-13 10:32:25.177    64    64 D LibBpfLoader: applying relo to instruction at byte offset: 1464, 	       insn offset 183 , insn 118
12-13 10:32:25.177    64    64 D LibBpfLoader: applying relo to instruction at byte offset: 1576, 	       insn offset 197 , insn 118
12-13 10:32:25.177    64    64 D LibBpfLoader: applying relo to instruction at byte offset: 1688, 	       insn offset 211 , insn 118
12-13 10:32:25.177    64    64 D LibBpfLoader: applying relo to instruction at byte offset: 1728, 	       insn offset 216 , insn 118
12-13 10:32:25.178    64    64 D LibBpfLoader: applying relo to instruction at byte offset: 1880, 	       insn offset 235 , insn 118
12-13 10:32:25.178    64    64 D LibBpfLoader: applying relo to instruction at byte offset: 1992, 	       insn offset 249 , insn 118
12-13 10:32:25.178    64    64 D LibBpfLoader: applying relo to instruction at byte offset: 2032, 	       insn offset 254 , insn 118
12-13 10:32:25.178    64    64 D LibBpfLoader: applying relo to instruction at byte offset: 2312, 	       insn offset 289 , insn 118
12-13 10:32:25.178    64    64 D LibBpfLoader: applying relo to instruction at byte offset: 2416, 	       insn offset 302 , insn 118
12-13 10:32:25.178    64    64 D LibBpfLoader: applying relo to instruction at byte offset: 2456, 	       insn offset 307 , insn 118
12-13 10:32:25.178    64    64 D LibBpfLoader: applying relo to instruction at byte offset: 2600, 	       insn offset 325 , insn 118
12-13 10:32:25.178    64    64 D LibBpfLoader: applying relo to instruction at byte offset: 2704, 	       insn offset 338 , insn 118
12-13 10:32:25.178    64    64 D LibBpfLoader: applying relo to instruction at byte offset: 2744, 	       insn offset 343 , insn 118
12-13 10:32:25.178    64    64 D LibBpfLoader: applying relo to instruction at byte offset: 2976, 	       insn offset 372 , insn 118
12-13 10:32:25.178    64    64 D LibBpfLoader: applying relo to instruction at byte offset: 3080, 	       insn offset 385 , insn 118
12-13 10:32:25.178    64    64 D LibBpfLoader: applying relo to instruction at byte offset: 3120, 	       insn offset 390 , insn 118
12-13 10:32:25.179    64    64 D LibBpfLoader: applying relo to instruction at byte offset: 648, 	       insn offset 81 , insn 118
12-13 10:32:25.179    64    64 D LibBpfLoader: applying relo to instruction at byte offset: 720, 	       insn offset 90 , insn 118
12-13 10:32:25.179    64    64 D LibBpfLoader: applying relo to instruction at byte offset: 944, 	       insn offset 118 , insn 118
12-13 10:32:25.179    64    64 D LibBpfLoader: applying relo to instruction at byte offset: 1216, 	       insn offset 152 , insn 118
12-13 10:32:25.179    64    64 D LibBpfLoader: applying relo to instruction at byte offset: 1296, 	       insn offset 162 , insn 118
12-13 10:32:25.179    64    64 D LibBpfLoader: applying relo to instruction at byte offset: 1400, 	       insn offset 175 , insn 118
12-13 10:32:25.179    64    64 D LibBpfLoader: applying relo to instruction at byte offset: 1504, 	       insn offset 188 , insn 118
12-13 10:32:25.179    64    64 D LibBpfLoader: applying relo to instruction at byte offset: 1544, 	       insn offset 193 , insn 118
12-13 10:32:25.179    64    64 D LibBpfLoader: applying relo to instruction at byte offset: 1688, 	       insn offset 211 , insn 118
12-13 10:32:25.179    64    64 D LibBpfLoader: applying relo to instruction at byte offset: 1792, 	       insn offset 224 , insn 118
12-13 10:32:25.179    64    64 D LibBpfLoader: applying relo to instruction at byte offset: 1832, 	       insn offset 229 , insn 118
12-13 10:32:25.180    64    64 D LibBpfLoader: applying relo to instruction at byte offset: 2104, 	       insn offset 263 , insn 118
12-13 10:32:25.180    64    64 D LibBpfLoader: applying relo to instruction at byte offset: 2208, 	       insn offset 276 , insn 118
12-13 10:32:25.180    64    64 D LibBpfLoader: applying relo to instruction at byte offset: 2248, 	       insn offset 281 , insn 118
12-13 10:32:25.180    64    64 D LibBpfLoader: applying relo to instruction at byte offset: 2392, 	       insn offset 299 , insn 118
12-13 10:32:25.180    64    64 D LibBpfLoader: applying relo to instruction at byte offset: 2496, 	       insn offset 312 , insn 118
12-13 10:32:25.180    64    64 D LibBpfLoader: applying relo to instruction at byte offset: 2536, 	       insn offset 317 , insn 118
12-13 10:32:25.180    64    64 D LibBpfLoader: applying relo to instruction at byte offset: 2768, 	       insn offset 346 , insn 118
12-13 10:32:25.180    64    64 D LibBpfLoader: applying relo to instruction at byte offset: 2872, 	       insn offset 359 , insn 118
12-13 10:32:25.180    64    64 D LibBpfLoader: applying relo to instruction at byte offset: 2912, 	       insn offset 364 , insn 118
12-13 10:32:25.180    64    64 D LibBpfLoader: applying relo to instruction at byte offset: 88, 	       insn offset 11 , insn 118
12-13 10:32:25.180    64    64 D LibBpfLoader: applying relo to instruction at byte offset: 192, 	       insn offset 24 , insn 118
12-13 10:32:25.181    64    64 D LibBpfLoader: applying relo to instruction at byte offset: 232, 	       insn offset 29 , insn 118
12-13 10:32:25.181    64    64 D LibBpfLoader: applying relo to instruction at byte offset: 40, 	       insn offset 5 , insn 118
12-13 10:32:25.181    64    64 D LibBpfLoader: applying relo to instruction at byte offset: 144, 	       insn offset 18 , insn 118
12-13 10:32:25.181    64    64 D LibBpfLoader: applying relo to instruction at byte offset: 184, 	       insn offset 23 , insn 118
12-13 10:32:25.181    64    64 D LibBpfLoader: applying relo to instruction at byte offset: 136, 	       insn offset 17 , insn 118
12-13 10:32:25.181    64    64 D LibBpfLoader: applying relo to instruction at byte offset: 32, 	       insn offset 4 , insn 118
12-13 10:32:25.181    64    64 D LibBpfLoader: applying relo to instruction at byte offset: 80, 	       insn offset 10 , insn 118
12-13 10:32:25.183    66    66 I netd    : netd 1.0 starting
12-13 10:32:25.184    64    64 D LibBpfLoader: bpf_prog_load lib call for /system/etc/bpf/netd.o (cgroupskb_ingress_stats) returned fd: 16 (no error)
12-13 10:32:25.186    69    69 D wait_for_rcm: Waiting for rcmsvc
12-13 10:32:25.188    69    69 D wait_for_rcm: rcmsvc started
12-13 10:32:25.188    64    64 D LibBpfLoader: bpf_prog_load lib call for /system/etc/bpf/netd.o (cgroupskb_egress_stats) returned fd: 17 (no error)
12-13 10:32:25.188    64    64 D LibBpfLoader: cs[2].name:skfilter_egress_xtbpf min_kver:0 .max_kver:ffffffff (kvers:50a2b)
12-13 10:32:25.190    64    64 D LibBpfLoader: bpf_prog_load lib call for /system/etc/bpf/netd.o (skfilter_egress_xtbpf) returned fd: 18 (no error)
12-13 10:32:25.190    64    64 D LibBpfLoader: cs[3].name:skfilter_ingress_xtbpf min_kver:0 .max_kver:ffffffff (kvers:50a2b)
12-13 10:32:25.191    64    64 D LibBpfLoader: bpf_prog_load lib call for /system/etc/bpf/netd.o (skfilter_ingress_xtbpf) returned fd: 19 (no error)
12-13 10:32:25.191    64    64 D LibBpfLoader: cs[4].name:skfilter_whitelist_xtbpf min_kver:0 .max_kver:ffffffff (kvers:50a2b)
12-13 10:32:25.191    64    64 D LibBpfLoader: bpf_prog_load lib call for /system/etc/bpf/netd.o (skfilter_whitelist_xtbpf) returned fd: 20 (no error)
12-13 10:32:25.191    64    64 D LibBpfLoader: cs[5].name:skfilter_blacklist_xtbpf min_kver:0 .max_kver:ffffffff (kvers:50a2b)
12-13 10:32:25.192    64    64 D LibBpfLoader: bpf_prog_load lib call for /system/etc/bpf/netd.o (skfilter_blacklist_xtbpf) returned fd: 21 (no error)
12-13 10:32:25.193    64    64 D LibBpfLoader: cs[6].name:cgroupsock_inet_create min_kver:40e00 .max_kver:ffffffff (kvers:50a2b)
12-13 10:32:25.193     0     0 I init    : Service 'wait_for_rcm' (pid 69) exited with status 0 waiting took 0.030000 seconds
12-13 10:32:25.193     0     0 I init    : Sending signal 9 to service 'wait_for_rcm' (pid 69) process group...
12-13 10:32:25.193     0     0 I libprocessgroup: Successfully killed process cgroup uid 0 pid 69 in 0ms
12-13 10:32:25.193    64    64 D LibBpfLoader: bpf_prog_load lib call for /system/etc/bpf/netd.o (cgroupsock_inet_create) returned fd: 22 (no error)
12-13 10:32:25.193     0     0 I init    : processing action (boot) from (/system/etc/init/hw/init.rc:836)
12-13 10:32:25.194    64    64 I bpfloader: Loaded object: /system/etc/bpf/netd.o
12-13 10:32:25.194    64    64 D LibBpfLoader: Loading optional ELF object /system/etc/bpf/time_in_state.o with license GPL
12-13 10:32:25.194    64    64 D LibBpfLoader: Loaded code section 3 (tracepoint_sched_sched_switch)
12-13 10:32:25.195    64    64 D LibBpfLoader: Loaded relo section 3 (.reltracepoint/sched/sched_switch)
12-13 10:32:25.195    64    64 D LibBpfLoader: Adding section 3 to cs list
12-13 10:32:25.195    64    64 D LibBpfLoader: Loaded code section 5 (tracepoint_power_cpu_frequency)
12-13 10:32:25.195    64    64 D LibBpfLoader: Loaded relo section 5 (.reltracepoint/power/cpu_frequency)
12-13 10:32:25.195    64    64 D LibBpfLoader: Adding section 5 to cs list
12-13 10:32:25.196     0     0 I init    : starting service 'hidl_memory'...
12-13 10:32:25.197     0     0 I init    : starting service 'vendor.audio-hal'...
12-13 10:32:25.197    64    64 D LibBpfLoader: bpf_create_map name uid_time_in_state_map, ret: 6
12-13 10:32:25.199     0     0 I init    : starting service 'vendor.cas-hal-1-2'...
12-13 10:32:25.199    64    64 D LibBpfLoader: bpf_create_map name uid_concurrent_times_map, ret: 7
12-13 10:32:25.199     0     0 W libprocessgroup: Failed to open /dev/stune/foreground/tasks: No such file or directory: No such file or directory
12-13 10:32:25.199    64    64 D LibBpfLoader: bpf_create_map name uid_last_update_map, ret: 8
12-13 10:32:25.199    64    64 D LibBpfLoader: bpf_create_map name cpu_last_update_map, ret: 9
12-13 10:32:25.200    64    64 D LibBpfLoader: bpf_create_map name cpu_policy_map, ret: 10
12-13 10:32:25.200    64    64 D LibBpfLoader: bpf_create_map name policy_freq_idx_map, ret: 11
12-13 10:32:25.200    64    64 D LibBpfLoader: bpf_create_map name freq_to_idx_map, ret: 12
12-13 10:32:25.200    64    64 D LibBpfLoader: bpf_create_map name nr_active_map, ret: 13
12-13 10:32:25.200    64    64 D LibBpfLoader: bpf_create_map name policy_nr_active_map, ret: 14
12-13 10:32:25.200    64    64 D LibBpfLoader: map_fd found at 0 is 6 in /system/etc/bpf/time_in_state.o
12-13 10:32:25.200    64    64 D LibBpfLoader: map_fd found at 1 is 7 in /system/etc/bpf/time_in_state.o
12-13 10:32:25.200    64    64 D LibBpfLoader: map_fd found at 2 is 8 in /system/etc/bpf/time_in_state.o
12-13 10:32:25.200    64    64 D LibBpfLoader: map_fd found at 3 is 9 in /system/etc/bpf/time_in_state.o
12-13 10:32:25.200    64    64 D LibBpfLoader: map_fd found at 4 is 10 in /system/etc/bpf/time_in_state.o
12-13 10:32:25.200    64    64 D LibBpfLoader: map_fd found at 5 is 11 in /system/etc/bpf/time_in_state.o
12-13 10:32:25.200    64    64 D LibBpfLoader: map_fd found at 6 is 12 in /system/etc/bpf/time_in_state.o
12-13 10:32:25.200    64    64 D LibBpfLoader: map_fd found at 7 is 13 in /system/etc/bpf/time_in_state.o
12-13 10:32:25.200    64    64 D LibBpfLoader: map_fd found at 8 is 14 in /system/etc/bpf/time_in_state.o
12-13 10:32:25.200    64    64 D LibBpfLoader: applying relo to instruction at byte offset: 40, 	       insn offset 5 , insn 118
12-13 10:32:25.200    64    64 D LibBpfLoader: applying relo to instruction at byte offset: 128, 	       insn offset 16 , insn 118
12-13 10:32:25.200    64    64 D LibBpfLoader: applying relo to instruction at byte offset: 200, 	       insn offset 25 , insn 118
12-13 10:32:25.200    64    64 D LibBpfLoader: applying relo to instruction at byte offset: 264, 	       insn offset 33 , insn 118
12-13 10:32:25.200    64    64 D LibBpfLoader: applying relo to instruction at byte offset: 520, 	       insn offset 65 , insn 118
12-13 10:32:25.201    64    64 D LibBpfLoader: applying relo to instruction at byte offset: 656, 	       insn offset 82 , insn 118
12-13 10:32:25.201    64    64 D LibBpfLoader: applying relo to instruction at byte offset: 1008, 	       insn offset 126 , insn 118
12-13 10:32:25.201    64    64 D LibBpfLoader: applying relo to instruction at byte offset: 1048, 	       insn offset 131 , insn 118
12-13 10:32:25.201    64    64 D LibBpfLoader: applying relo to instruction at byte offset: 1240, 	       insn offset 155 , insn 118
12-13 10:32:25.201    64    64 D LibBpfLoader: applying relo to instruction at byte offset: 1440, 	       insn offset 180 , insn 118
12-13 10:32:25.201    64    64 D LibBpfLoader: applying relo to instruction at byte offset: 1480, 	       insn offset 185 , insn 118
12-13 10:32:25.201     0     0 W libprocessgroup: Failed to apply HighPerformance task profile: No such file or directory
12-13 10:32:25.201    64    64 D LibBpfLoader: applying relo to instruction at byte offset: 1656, 	       insn offset 207 , insn 118
12-13 10:32:25.201    64    64 D LibBpfLoader: applying relo to instruction at byte offset: 1864, 	       insn offset 233 , insn 118
12-13 10:32:25.201    64    64 D LibBpfLoader: applying relo to instruction at byte offset: 1904, 	       insn offset 238 , insn 118
12-13 10:32:25.201    64    64 D LibBpfLoader: applying relo to instruction at byte offset: 2024, 	       insn offset 253 , insn 118
12-13 10:32:25.201    64    64 D LibBpfLoader: applying relo to instruction at byte offset: 2112, 	       insn offset 264 , insn 118
12-13 10:32:25.201    64    64 D LibBpfLoader: applying relo to instruction at byte offset: 40, 	       insn offset 5 , insn 118
12-13 10:32:25.201    64    64 D LibBpfLoader: applying relo to instruction at byte offset: 120, 	       insn offset 15 , insn 118
12-13 10:32:25.201    64    64 D LibBpfLoader: applying relo to instruction at byte offset: 200, 	       insn offset 25 , insn 118
12-13 10:32:25.201    64    64 D LibBpfLoader: cs[0].name:tracepoint_sched_sched_switch min_kver:0 .max_kver:ffffffff (kvers:50a2b)
12-13 10:32:25.202     0     0 I init    : starting service 'vendor.drm-clearkey-hal-1-3'...
12-13 10:32:25.204    64    64 D LibBpfLoader: bpf_prog_load lib call for /system/etc/bpf/time_in_state.o (tracepoint_sched_sched_switch) returned fd: 15 (no error)
12-13 10:32:25.204     0     0 I init    : starting service 'vendor.gatekeeper-1-0'...
12-13 10:32:25.204    64    64 D LibBpfLoader: cs[1].name:tracepoint_power_cpu_frequency min_kver:0 .max_kver:ffffffff (kvers:50a2b)
12-13 10:32:25.206    64    64 D LibBpfLoader: bpf_prog_load lib call for /system/etc/bpf/time_in_state.o (tracepoint_power_cpu_frequency) returned fd: 16 (no error)
12-13 10:32:25.206     0     0 I init    : starting service 'vendor.gralloc-2-0'...
12-13 10:32:25.206    64    64 I bpfloader: Loaded object: /system/etc/bpf/time_in_state.o
12-13 10:32:25.209    73    73 I HidlServiceManagement: Registered android.hidl.allocator@1.0::IAllocator/ashmem
12-13 10:32:25.209    73    73 I HidlServiceManagement: Removing namespace from process name android.hidl.allocator@1.0-service to allocator@1.0-service.
12-13 10:32:25.210     0     0 I init    : starting service 'health-hal-2-1'...
12-13 10:32:25.210     0     0 I init    : Opened file '/dev/kmsg', flags 1
12-13 10:32:25.210    66    66 D TetherController: Setting IP forward enable = 0
12-13 10:32:25.224     0     0 I init    : starting service 'windows-gnss-hal'...
12-13 10:32:25.226     0     0 I init    : starting service 'windows-composer-hal'...
12-13 10:32:25.228     0     0 I init    : starting service 'windows-power-hal'...
12-13 10:32:25.229     0     0 I init    : Service 'bpfloader' (pid 64) exited with status 0 oneshot service took 0.087000 seconds in background
12-13 10:32:25.229     0     0 I init    : Sending signal 9 to service 'bpfloader' (pid 64) process group...
12-13 10:32:25.230     0     0 I libprocessgroup: Successfully killed process cgroup uid 0 pid 64 in 0ms
12-13 10:32:25.230     0     0 I init    : starting service 'audioserver'...
12-13 10:32:25.236     0     0 I init    : starting service 'credstore'...
12-13 10:32:25.239     0     0 I init    : starting service 'gpu'...
12-13 10:32:25.242    77    77 I HidlServiceManagement: Registered android.hardware.gatekeeper@1.0::IGatekeeper/default
12-13 10:32:25.243    77    77 I HidlServiceManagement: Removing namespace from process name android.hardware.gatekeeper@1.0-service.software to gatekeeper@1.0-service.software.
12-13 10:32:25.246     0     0 I init    : starting service 'surfaceflinger'...
12-13 10:32:25.246     0     0 I init    : Could not create socket 'pdx/system/vr/display/client': Failed to bind socket 'pdx/system/vr/display/client': No such file or directory
12-13 10:32:25.246     0     0 I init    : Could not create socket 'pdx/system/vr/display/manager': Failed to bind socket 'pdx/system/vr/display/manager': No such file or directory
12-13 10:32:25.246     0     0 I init    : Could not create socket 'pdx/system/vr/display/vsync': Failed to bind socket 'pdx/system/vr/display/vsync': No such file or directory
12-13 10:32:25.246    22    22 I servicemanager: getDeviceHalManifest: Reading VINTF information.
12-13 10:32:25.247    22    22 I servicemanager: getDeviceHalManifest: Successfully processed VINTF information
12-13 10:32:25.247    22    22 I servicemanager: getFrameworkHalManifest: Reading VINTF information.
12-13 10:32:25.248    22    22 I servicemanager: getFrameworkHalManifest: Successfully processed VINTF information
12-13 10:32:25.248    22    22 I servicemanager: Found android.hardware.power.IPower/default in device VINTF manifest.
12-13 10:32:25.248     0     0 I init    : starting service 'exec 11 (/system/bin/fsverity_init)'...
12-13 10:32:25.249     0     0 I init    : SVC_EXEC service 'exec 11 (/system/bin/fsverity_init)' pid 90 (uid 0 gid 0+0 context default) started; waiting...
12-13 10:32:25.253    66    66 I netd    : Creating child chains: 33354us
12-13 10:32:25.253    66    66 I netd    : Setting up OEM hooks: 126us
12-13 10:32:25.253    66    66 I netd    : Setting up FirewallController hooks: 319us
12-13 10:32:25.254     0     0 W libprocessgroup: Failed to open /dev/stune/foreground/tasks: No such file or directory: No such file or directory
12-13 10:32:25.257     0     0 W libprocessgroup: Failed to open /dev/stune/foreground/tasks: No such file or directory: No such file or directory
12-13 10:32:25.259     0     0 W libprocessgroup: Failed to apply HighPerformance task profile: No such file or directory
12-13 10:32:25.260     0     0 W healthd : BatteryHealthPath not found
12-13 10:32:25.261     0     0 W healthd : BatteryTemperaturePath not found
12-13 10:32:25.261     0     0 W healthd : BatteryCurrentNowPath not found
12-13 10:32:25.262    66    66 I netd    : Setting up TetherController hooks: 8617us
12-13 10:32:25.262     0     0 W healthd : BatteryFullChargePath not found
12-13 10:32:25.263     0     0 W healthd : batteryChargeTimeToFullNowPath. not found
12-13 10:32:25.263    66    66 I netd    : Setting up BandwidthController hooks: 1033us
12-13 10:32:25.263    66    66 I netd    : Setting up IdletimerController hooks: 52us
12-13 10:32:25.263    79    79 I android.hardware.health@2.1-service: default instance initializing with healthd_config...
12-13 10:32:25.264     0     0 W healthd : batteryFullChargeDesignCapacityUahPath. not found
12-13 10:32:25.265     0     0 W libprocessgroup: Failed to apply HighPerformance task profile: No such file or directory
12-13 10:32:25.265    75    75 I HidlServiceManagement: Registered android.hardware.cas@1.2::IMediaCasService/default
12-13 10:32:25.266    75    75 I HidlServiceManagement: Removing namespace from process name android.hardware.cas@1.2-service to cas@1.2-service.
12-13 10:32:25.267    79    79 I HidlServiceManagement: Registered android.hardware.health@2.1::IHealth/default
12-13 10:32:25.267    79    79 I HidlServiceManagement: Removing namespace from process name android.hardware.health@2.1-service to health@2.1-service.
12-13 10:32:25.268    79    79 I android.hardware.health@2.1-service: default: Hal init done
12-13 10:32:25.268    66    66 I netd    : Setting up StrictController hooks: 4610us
12-13 10:32:25.268    66    66 I ClatdController: 4.9+ kernel and device shipped with Q+ - clat ebpf should work.
12-13 10:32:25.269    66    66 I netd    : Initializing ClatdController: 993us
12-13 10:32:25.269     0     0 I init    : Service 'exec 11 (/system/bin/fsverity_init)' (pid 90) exited with status 0 waiting took 0.020000 seconds
12-13 10:32:25.269     0     0 I init    : Sending signal 9 to service 'exec 11 (/system/bin/fsverity_init)' (pid 90) process group...
12-13 10:32:25.269     0     0 I libprocessgroup: Successfully killed process cgroup uid 0 pid 90 in 0ms
