12-13 10:32:31.562   112   132 W installd: Ignoring /data/data/s+IXDqZ+p08ciivQcwug9+GDxkHHg6lrDkEp,NuSFsVpyBeLC34uwB/eJ4JSKvJWPT8BpofTsyboKzJZ8VcJg6H with unexpected GID 0 instead of 10042
12-13 10:32:31.562   226   226 D PackageManager: Clear ephemeral installer activity
12-13 10:32:31.567   112   132 W installd: Ignoring /data/data/2Vkta2l2wrQE,RtkG33EA8oKsIatMgaHknkX55V80uMkqfPtyOOf5B/G838P2zni5GJsuQwHPleWnADuBucWBtb with unexpected GID 0 instead of 10037
12-13 10:32:31.571   226   226 I PackageManagerTiming: GC
12-13 10:32:31.578   112   132 W installd: Ignoring /data/data/+FaB1n0473lUUka5gPNlmTUwGzH0TZ89E8VmWBh5,eR09rooG24NnA/W+XucBU6YUYb2Jd0w,FO4VAkCrfMsM3n with unexpected GID 0 instead of 10044
12-13 10:32:31.580   112   132 W installd: Ignoring /data/data/YEZa4bNE,,JEchTlFzRY4rk5MHKTIEqQutpT9tHuectptSxmJHsy1A/u1AH5TcfaEhvTpN9r0ph5c61IV+d7R2, with unexpected GID 0 instead of 10041
12-13 10:32:31.585   123   255 I ServiceManager: Waiting for service 'package_native' on '/dev/binder'...
12-13 10:32:31.596   226   226 I system_server: Explicit concurrent copying GC freed 112947(6595KB) AllocSpace objects, 84(3112KB) LOS objects, 49% free, 5343KB/10MB, paused 86us total 24.656ms
12-13 10:32:31.596   226   226 D PackageManagerTiming: GC took to complete: 25ms
12-13 10:32:31.596   226   226 D PackageManagerTiming: create package manager took to complete: 497ms
12-13 10:32:31.596   226   226 V UserManagerService: Checking that all system packages are whitelisted.
12-13 10:32:31.597   226   226 V UserManagerService: checkWhitelistedSystemPackages(mode=ENFORCE|IMPLICIT_WHITELIST|IMPLICIT_WHITELIST_SYSTEM) has no warnings
12-13 10:32:31.598   226   226 I Watchdog: Resuming HandlerChecker: main thread for reason: packagemanagermain. Pause count: 0
12-13 10:32:31.598   226   226 I SystemServerDexLoadReporter: Configuring system server dex reporter
12-13 10:32:31.601   226   226 D SystemServerTiming: StartPackageManagerService took to complete: 516ms
12-13 10:32:31.601   226   226 I SystemServerTiming: StartOtaDexOptService
12-13 10:32:31.601   226   226 I Watchdog: Pausing HandlerChecker: main thread for reason: moveab. Pause count: 1
12-13 10:32:31.603   226   226 D OTADexopt: No upgrade, skipping A/B artifacts check.
12-13 10:32:31.603   226   226 I Watchdog: Resuming HandlerChecker: main thread for reason: moveab. Pause count: 0
12-13 10:32:31.603   226   226 D SystemServerTiming: StartOtaDexOptService took to complete: 2ms
12-13 10:32:31.603   226   226 I SystemServerTiming: StartUserManagerService
12-13 10:32:31.603   226   226 I SystemServiceManager: Starting com.android.server.pm.UserManagerService$LifeCycle
12-13 10:32:31.603   226   226 D SystemServerTiming: StartUserManagerService took to complete: 1ms
12-13 10:32:31.603   226   226 I SystemServerTiming: InitAttributerCache
12-13 10:32:31.604   226   226 D SystemServerTiming: InitAttributerCache took to complete: 0ms
12-13 10:32:31.604   226   226 I SystemServerTiming: SetSystemProcess
12-13 10:32:31.611   226   226 I am_uid_running: 1000
12-13 10:32:31.613   226   241 E HistoricalRegistry: Interaction before persistence initialized
12-13 10:32:31.613   226   260 I ActivityManager: Connection with lmkd established
12-13 10:32:31.614    21    21 I lowmemorykiller: lmkd data connection established
12-13 10:32:31.615   226   226 I am_uid_active: 1000
12-13 10:32:31.617   226   226 D SystemServerTiming: SetSystemProcess took to complete: 13ms
12-13 10:32:31.617   226   226 I SystemServerTiming: InitWatchdog
12-13 10:32:31.617   107   107 I cameraserver: Waiting for sensor privacy service
12-13 10:32:31.619   226   277 D SystemServerTimingAsync: AppDataFixup took to complete: 112ms
12-13 10:32:31.619   226   226 D SystemServerTiming: InitWatchdog took to complete: 2ms
12-13 10:32:31.619   226   226 I SystemServerTiming: StartOverlayManagerService
12-13 10:32:31.628   226   241 E HistoricalRegistry: Interaction before persistence initialized
12-13 10:32:31.629    86    86 I audioserver: Waiting for sensor privacy service
12-13 10:32:31.630     0     0 I init    : Control message: Processed ctl.start for 'idmap2d' from pid: 226 (system_server)
12-13 10:32:31.639   112   132 W cutils  : Expected path /data/user_de/0/com.amazon.device.messaging with mode 700 but found 751
12-13 10:32:31.646   226   226 D SystemServerTiming: StartOverlayManagerService took to complete: 26ms
12-13 10:32:31.646   226   226 I SystemServerTiming: StartSensorPrivacyService
12-13 10:32:31.647   226   226 D SystemServerTiming: StartSensorPrivacyService took to complete: 1ms
12-13 10:32:31.647   226   226 D SystemServerTiming: startBootstrapServices took to complete: 941ms
12-13 10:32:31.647   226   279 I SystemServerTimingAsync: InitThreadPoolExec:StartSensorService
12-13 10:32:31.647   226   279 D SystemServerInitThreadPool: Started executing StartSensorService
12-13 10:32:31.647   226   226 I SystemServerTiming: startCoreServices
12-13 10:32:31.647   226   279 I SystemServerTimingAsync: StartSensorService
12-13 10:32:31.647   226   226 I SystemServerTiming: StartSystemConfigService
12-13 10:32:31.647   226   226 I SystemServiceManager: Starting com.android.server.SystemConfigService
12-13 10:32:31.648   226   279 D SensorService: nuSensorService starting...
12-13 10:32:31.648   226   226 D SystemServerTiming: StartSystemConfigService took to complete: 0ms
12-13 10:32:31.648   226   226 I SystemServerTiming: StartBatteryService
12-13 10:32:31.648   226   226 I SystemServiceManager: Starting com.android.server.BatteryService
12-13 10:32:31.652    23    23 I hwservicemanager: getTransport: Cannot find entry android.hardware.sensors@2.1::ISensors/default in either framework or device manifest.
12-13 10:32:31.655    23    23 I hwservicemanager: getTransport: Cannot find entry android.hardware.sensors@2.0::ISensors/default in either framework or device manifest.
12-13 10:32:31.655    23    23 I hwservicemanager: getTransport: Cannot find entry android.hardware.sensors@1.0::ISensors/default in either framework or device manifest.
12-13 10:32:31.655   226   248 I commit_sys_config_file: [overlays,9]
12-13 10:32:31.655   226   277 D SystemServerTimingAsync: AppDataPrepare took to complete: 37ms
12-13 10:32:31.656   226   277 I PackageManager: Deferred reconcileAppsData finished 58 packages
12-13 10:32:31.656   226   277 D SystemServerInitThreadPool: Finished executing prepareAppData
12-13 10:32:31.656   226   277 D SystemServerTimingAsync: InitThreadPoolExec:prepareAppData took to complete: 149ms
12-13 10:32:31.657   226   279 D SystemServerTimingAsync: StartSensorService took to complete: 10ms
12-13 10:32:31.657   226   279 D SystemServerInitThreadPool: Finished executing StartSensorService
12-13 10:32:31.657   226   279 D SystemServerTimingAsync: InitThreadPoolExec:StartSensorService took to complete: 10ms
12-13 10:32:31.658   226   226 I android_os_HwBinder: HwBinder: Starting thread pool for getting: android.hardware.health@2.0::IHealth/default
12-13 10:32:31.663   226   268 I battery_status: [3,1,1,1,Unknown]
12-13 10:32:31.663   226   268 I battery_level: [100,5000,0]
12-13 10:32:31.665   226   226 I android_os_HwBinder: HwBinder: Starting thread pool for getting: android.hidl.manager@1.0::IServiceManager/default
12-13 10:32:31.668   226   226 I HealthServiceWrapper: health: HealthServiceWrapper listening to instance default
12-13 10:32:31.668    23    23 I hwservicemanager: getTransport: Cannot find entry android.hardware.power.stats@1.0::IPowerStats/default in either framework or device manifest.
12-13 10:32:31.668   226   226 I BatteryService: health: Waited 0ms and received the update.
12-13 10:32:31.668    23    23 I hwservicemanager: getTransport: Cannot find entry android.hardware.power@1.0::IPower/default in either framework or device manifest.
12-13 10:32:31.668   226   264 E BatteryStatsService: Unable to load Power Hal or power.stats HAL
12-13 10:32:31.669    23    23 I hwservicemanager: getTransport: Cannot find entry android.hardware.power.stats@1.0::IPowerStats/default in either framework or device manifest.
12-13 10:32:31.669    23    23 I hwservicemanager: getTransport: Cannot find entry android.hardware.power@1.0::IPower/default in either framework or device manifest.
12-13 10:32:31.669   226   264 E BatteryStatsService: Unable to load Power Hal or power.stats HAL
12-13 10:32:31.669   226   226 D SystemServerTiming: StartBatteryService took to complete: 21ms
12-13 10:32:31.669   226   280 I android_os_HwBinder: HwBinder: Starting thread pool for getting: android.hardware.health@2.0::IHealth/default
12-13 10:32:31.669   226   226 I SystemServerTiming: StartUsageService
12-13 10:32:31.669   226   226 I SystemServiceManager: Starting com.android.server.usage.UsageStatsService
12-13 10:32:31.670    23    23 I hwservicemanager: getTransport: Cannot find entry android.hardware.power.stats@1.0::IPowerStats/default in either framework or device manifest.
12-13 10:32:31.670    23    23 I hwservicemanager: getTransport: Cannot find entry android.hardware.power@1.0::IPower/default in either framework or device manifest.
12-13 10:32:31.670   226   264 E BatteryStatsService: Unable to load Power Hal or power.stats HAL
12-13 10:32:31.670    23    23 I hwservicemanager: getTransport: Cannot find entry android.hardware.power.stats@1.0::IPowerStats/default in either framework or device manifest.
12-13 10:32:31.671    23    23 I hwservicemanager: getTransport: Cannot find entry android.hardware.power@1.0::IPower/default in either framework or device manifest.
12-13 10:32:31.671   226   264 E BatteryStatsService: Unable to load Power Hal or power.stats HAL
12-13 10:32:31.671   226   264 E KernelCpuSpeedReader: Failed to read cpu-freq: /sys/devices/system/cpu/cpu0/cpufreq/stats/time_in_state: open failed: ENOENT (No such file or directory)
12-13 10:32:31.667     0     0 W healthd : battery l=100 v=5000 t=0.0 h=1 st=3 cc=-1 chg=a
12-13 10:32:31.671    41    46 E android.system.suspend@1.0-service: Error opening kernel wakelock stats for: wakeup2: Permission denied
12-13 10:32:31.672    41    46 E android.system.suspend@1.0-service: Error opening kernel wakelock stats for: wakeup0: Permission denied
12-13 10:32:31.672    41    46 E android.system.suspend@1.0-service: Error opening kernel wakelock stats for: wakeup3: Permission denied
12-13 10:32:31.672    41    46 E android.system.suspend@1.0-service: Error opening kernel wakelock stats for: wakeup1: Permission denied
12-13 10:32:31.673    41    46 E android.system.suspend@1.0-service: Error opening kernel wakelock stats for: wakeup2: Permission denied
12-13 10:32:31.673    41    46 E android.system.suspend@1.0-service: Error opening kernel wakelock stats for: wakeup0: Permission denied
12-13 10:32:31.673    41    46 E android.system.suspend@1.0-service: Error opening kernel wakelock stats for: wakeup3: Permission denied
12-13 10:32:31.673    41    46 E android.system.suspend@1.0-service: Error opening kernel wakelock stats for: wakeup1: Permission denied
12-13 10:32:31.675   107   107 I HidlServiceManagement: Registered android.frameworks.cameraservice.service@2.1::ICameraService/default
12-13 10:32:31.676   107   107 I CameraService: CameraService pinged cameraservice proxy
12-13 10:32:31.677   107   107 I cameraserver: ServiceManager: 0xe95409b0 done instantiate
12-13 10:32:31.673   226   264 E KernelCpuSpeedReader: Failed to read cpu-freq: /sys/devices/system/cpu/cpu0/cpufreq/stats/time_in_state: open failed: ENOENT (No such file or directory)
12-13 10:32:31.685   226   226 D SystemServerTiming: StartUsageService took to complete: 16ms
12-13 10:32:31.685   226   226 I SystemServerTiming: StartWebViewUpdateService
12-13 10:32:31.685   226   226 I SystemServiceManager: Starting com.android.server.webkit.WebViewUpdateService
12-13 10:32:31.690   226   226 D SystemServerTiming: StartWebViewUpdateService took to complete: 5ms
12-13 10:32:31.690   226   226 I SystemServerTiming: StartCachedDeviceStateService
12-13 10:32:31.690   226   226 I SystemServiceManager: Starting com.android.server.CachedDeviceStateService
12-13 10:32:31.690   226   226 D SystemServerTiming: StartCachedDeviceStateService took to complete: 0ms
12-13 10:32:31.690   226   226 I SystemServerTiming: StartBinderCallsStatsService
12-13 10:32:31.690   226   226 I SystemServiceManager: Starting com.android.server.BinderCallsStatsService$LifeCycle
12-13 10:32:31.691   226   226 D SystemServerTiming: StartBinderCallsStatsService took to complete: 1ms
12-13 10:32:31.691   226   226 I SystemServerTiming: StartLooperStatsService
12-13 10:32:31.691   226   226 I SystemServiceManager: Starting com.android.server.LooperStatsService$Lifecycle
12-13 10:32:31.696   226   226 D SystemServerTiming: StartLooperStatsService took to complete: 5ms
12-13 10:32:31.696   226   226 I SystemServerTiming: StartRollbackManagerService
12-13 10:32:31.696   226   226 I SystemServiceManager: Starting com.android.server.rollback.RollbackManagerService
12-13 10:32:31.705   112   132 D installd: Found quota mount /dev/block/sda at /data
12-13 10:32:31.705   112   132 D installd: Found quota mount /dev/block/sda at /data/user/0
12-13 10:32:31.706   226   226 I PackageWatchdog: Syncing state, reason: added new observer
12-13 10:32:31.706   226   226 I PackageWatchdog: Not pruning observers, elapsed time: 0ms
12-13 10:32:31.706   226   226 I PackageWatchdog: Cancelling state sync, nothing to sync
12-13 10:32:31.706   226   257 I PackageWatchdog: Saving observer state to file
12-13 10:32:31.713   226   226 D SystemServerTiming: StartRollbackManagerService took to complete: 17ms
12-13 10:32:31.713   226   226 I SystemServerTiming: StartBugreportManagerService
12-13 10:32:31.713   226   226 I SystemServiceManager: Starting com.android.server.os.BugreportManagerService
12-13 10:32:31.713   226   226 D SystemServerTiming: StartBugreportManagerService took to complete: 1ms
12-13 10:32:31.713   226   226 I SystemServerTiming: GpuService
12-13 10:32:31.714   226   226 I SystemServiceManager: Starting com.android.server.gpu.GpuService
12-13 10:32:31.714   226   226 D SystemServerTiming: GpuService took to complete: 0ms
12-13 10:32:31.714   226   226 D SystemServerTiming: startCoreServices took to complete: 67ms
12-13 10:32:31.716   226   226 I SystemServerTiming: startOtherServices
12-13 10:32:31.716   226   226 I SystemServerTiming: StartKeyAttestationApplicationIdProviderService
12-13 10:32:31.717   226   285 I SystemServerTimingAsync: InitThreadPoolExec:SecondaryZygotePreload
12-13 10:32:31.717   226   285 D SystemServerInitThreadPool: Started executing SecondaryZygotePreload
12-13 10:32:31.717   226   285 I SystemServer: SecondaryZygotePreload
12-13 10:32:31.717   226   285 I SystemServerTimingAsync: SecondaryZygotePreload
12-13 10:32:31.717   226   226 D SystemServerTiming: StartKeyAttestationApplicationIdProviderService took to complete: 0ms
12-13 10:32:31.717   226   226 I SystemServerTiming: StartKeyChainSystemService
12-13 10:32:31.718   226   226 I SystemServiceManager: Starting com.android.server.security.KeyChainSystemService
12-13 10:32:31.718   226   226 D SystemServerTiming: StartKeyChainSystemService took to complete: 0ms
12-13 10:32:31.718   226   226 I SystemServerTiming: StartSchedulingPolicyService
12-13 10:32:31.718   226   286 I SystemServerTimingAsync: InitThreadPoolExec:SchedulingPolicyService.<init>
12-13 10:32:31.718   226   286 D SystemServerInitThreadPool: Started executing SchedulingPolicyService.<init>
12-13 10:32:31.719   226   226 D SystemServerTiming: StartSchedulingPolicyService took to complete: 1ms
12-13 10:32:31.719   226   226 I SystemServerTiming: StartTelecomLoaderService
12-13 10:32:31.719   226   226 I SystemServiceManager: Starting com.android.server.telecom.TelecomLoaderService
12-13 10:32:31.720   226   226 D SystemServerTiming: StartTelecomLoaderService took to complete: 1ms
12-13 10:32:31.720   226   226 I SystemServerTiming: StartTelephonyRegistry
12-13 10:32:31.721   226   286 I SchedulingPolicyService: Moving 140 back to group default
12-13 10:32:31.721    68    68 I Zygote  : Lazily preloading resources.
12-13 10:32:31.721   226   286 D SystemServerInitThreadPool: Finished executing SchedulingPolicyService.<init>
12-13 10:32:31.721   226   286 D SystemServerTimingAsync: InitThreadPoolExec:SchedulingPolicyService.<init> took to complete: 2ms
12-13 10:32:31.721    68    68 D Zygote  : begin preload
12-13 10:32:31.721    68    68 I Zygote  : Calling ZygoteHooks.beginPreload()
12-13 10:32:31.723   226   226 D SystemServerTiming: StartTelephonyRegistry took to complete: 3ms
12-13 10:32:31.723   226   226 I SystemServerTiming: StartEntropyMixer
12-13 10:32:31.725   226   226 I EntropyMixer: Writing entropy...
12-13 10:32:31.747   226   226 D SystemServerTiming: StartEntropyMixer took to complete: 23ms
12-13 10:32:31.747   226   226 I SystemServerTiming: StartAccountManagerService
12-13 10:32:31.747   226   226 I SystemServiceManager: Starting com.android.server.accounts.AccountManagerService$Lifecycle
12-13 10:32:31.752   226   226 D CompatibilityChangeReporter: Compat change id reported: 148180766; UID 1000; state: ENABLED
12-13 10:32:31.753   226   226 D SystemServerTiming: StartAccountManagerService took to complete: 6ms
12-13 10:32:31.753   226   226 I SystemServerTiming: StartContentService
12-13 10:32:31.753   226   226 I SystemServiceManager: Starting com.android.server.content.ContentService$Lifecycle
12-13 10:32:31.756   226   226 D SystemServerTiming: StartContentService took to complete: 3ms
12-13 10:32:31.756   226   226 I SystemServerTiming: InstallSystemProviders
12-13 10:32:31.775   226   226 I system_server: The ClassLoaderContext is a special shared library.
12-13 10:32:31.793   226   226 W SettingsState: No settings state /data/system/users/0/settings_config.xml
12-13 10:32:31.795   226   226 I SettingsState: directory info for directory/file /data/system/users/0/settings_config.xml with stacktrace 
12-13 10:32:31.795   226   226 I SettingsState: java.lang.Exception
12-13 10:32:31.795   226   226 I SettingsState: 	at com.android.providers.settings.SettingsState.logSettingsDirectoryInformation(SettingsState.java:892)
12-13 10:32:31.795   226   226 I SettingsState: 	at com.android.providers.settings.SettingsState.readStateSyncLocked(SettingsState.java:1011)
12-13 10:32:31.795   226   226 I SettingsState: 	at com.android.providers.settings.SettingsState.<init>(SettingsState.java:292)
12-13 10:32:31.795   226   226 I SettingsState: 	at com.android.providers.settings.SettingsProvider$SettingsRegistry.ensureSettingsStateLocked(SettingsProvider.java:2783)
12-13 10:32:31.795   226   226 I SettingsState: 	at com.android.providers.settings.SettingsProvider$SettingsRegistry.ensureSettingsForUserLocked(SettingsProvider.java:2748)
12-13 10:32:31.795   226   226 I SettingsState: 	at com.android.providers.settings.SettingsProvider$SettingsRegistry.peekSettingsStateLocked(SettingsProvider.java:3091)
12-13 10:32:31.795   226   226 I SettingsState: 	at com.android.providers.settings.SettingsProvider$SettingsRegistry.getSettingsNamesLocked(SettingsProvider.java:2713)
12-13 10:32:31.795   226   226 I SettingsState: 	at com.android.providers.settings.SettingsProvider$SettingsRegistry.syncSsaidTableOnStart(SettingsProvider.java:2695)
12-13 10:32:31.795   226   226 I SettingsState: 	at com.android.providers.settings.SettingsProvider$SettingsRegistry.<init>(SettingsProvider.java:2588)
12-13 10:32:31.795   226   226 I SettingsState: 	at com.android.providers.settings.SettingsProvider.onCreate(SettingsProvider.java:347)
12-13 10:32:31.795   226   226 I SettingsState: 	at android.content.ContentProvider.attachInfo(ContentProvider.java:2388)
12-13 10:32:31.795   226   226 I SettingsState: 	at android.content.ContentProvider.attachInfo(ContentProvider.java:2358)
12-13 10:32:31.795   226   226 I SettingsState: 	at android.app.ActivityThread.installProvider(ActivityThread.java:7246)
12-13 10:32:31.795   226   226 I SettingsState: 	at android.app.ActivityThread.installContentProviders(ActivityThread.java:6787)
12-13 10:32:31.795   226   226 I SettingsState: 	at android.app.ActivityThread.installSystemProviders(ActivityThread.java:7439)
12-13 10:32:31.795   226   226 I SettingsState: 	at com.android.server.am.ActivityManagerService.installSystemProviders(ActivityManagerService.java:7910)
12-13 10:32:31.795   226   226 I SettingsState: 	at com.android.server.SystemServer.startOtherServices(SystemServer.java:1122)
12-13 10:32:31.795   226   226 I SettingsState: 	at com.android.server.SystemServer.run(SystemServer.java:598)
12-13 10:32:31.795   226   226 I SettingsState: 	at com.android.server.SystemServer.main(SystemServer.java:414)
12-13 10:32:31.795   226   226 I SettingsState: 	at java.lang.reflect.Method.invoke(Native Method)
12-13 10:32:31.795   226   226 I SettingsState: 	at com.android.internal.os.RuntimeInit$MethodAndArgsCaller.run(RuntimeInit.java:592)
12-13 10:32:31.795   226   226 I SettingsState: 	at com.android.internal.os.ZygoteInit.main(ZygoteInit.java:925)
12-13 10:32:31.795   226   226 I SettingsState: ancestor directory /data/system/users/0 exists
12-13 10:32:31.795   226   226 I SettingsState: ancestor directory /data/system/users/0 permissions: r: true w: true x: true
12-13 10:32:31.795   226   226 I SettingsState: ancestor's parent directory /data/system/users permissions: r: true w: true x: true
12-13 10:32:31.799    68    68 D ZygoteInitTiming_lazy: BeginPreload took to complete: 77ms
12-13 10:32:31.800    68    68 I Zygote  : Preloading classes...
12-13 10:32:31.801    68    68 W Zygote  : Class not found for preloading: android.app.-$$Lambda$ResourcesManager$QJ7UiVk_XS90KuXAsIjIEym1DnM
12-13 10:32:31.818   226   226 D SystemServerTiming: InstallSystemProviders took to complete: 61ms
12-13 10:32:31.818   226   226 I SystemServerTiming: StartDropBoxManager
12-13 10:32:31.818   226   226 I SystemServiceManager: Starting com.android.server.DropBoxManagerService
12-13 10:32:31.820   226   226 D SystemServerTiming: StartDropBoxManager took to complete: 2ms
12-13 10:32:31.820   226   226 I SystemServerTiming: StartVibratorService
12-13 10:32:31.822    22    22 E servicemanager: Could not find android.hardware.vibrator.IVibrator/default in the VINTF manifest.
12-13 10:32:31.822    23    23 I hwservicemanager: getTransport: Cannot find entry android.hardware.vibrator@1.0::IVibrator/default in either framework or device manifest.
12-13 10:32:31.822   226   226 E VibratorService: vibratorOff command failed (1).
12-13 10:32:31.823    23    23 I hwservicemanager: getTransport: Cannot find entry android.hardware.vibrator@1.3::IVibrator/default in either framework or device manifest.
12-13 10:32:31.824   226   226 D SystemServerTiming: StartVibratorService took to complete: 4ms
12-13 10:32:31.824   226   226 I SystemServerTiming: StartDynamicSystemService
12-13 10:32:31.825   226   226 D SystemServerTiming: StartDynamicSystemService took to complete: 1ms
12-13 10:32:31.825   226   226 I SystemServerTiming: StartConsumerIrService
12-13 10:32:31.826    23    23 I hwservicemanager: getTransport: Cannot find entry android.hardware.ir@1.0::IConsumerIr/default in either framework or device manifest.
12-13 10:32:31.826   226   226 D SystemServerTiming: StartConsumerIrService took to complete: 2ms
12-13 10:32:31.827   226   226 I SystemServerTiming: StartAlarmManagerService
12-13 10:32:31.828   226   226 E AlarmManagerService: failed to open /sys/class/rtc/rtc0/hctosys: Permission denied
12-13 10:32:31.828   226   226 W AlarmManagerService: no wall clock RTC found
12-13 10:32:31.830   226   226 D AlarmManagerService: Kernel timezone updated to 480 minutes west of GMT
12-13 10:32:31.831   226   226 E HistoricalRegistry: Interaction before persistence initialized
12-13 10:32:31.832   226   226 D SystemServerTiming: StartAlarmManagerService took to complete: 5ms
12-13 10:32:31.832   226   226 I SystemServerTiming: StartInputManagerService
12-13 10:32:31.833   226   226 I InputManager: Initializing input manager, mUseDevInputEventForAudioJack=false
12-13 10:32:31.905   226   226 D SystemServerTiming: StartInputManagerService took to complete: 73ms
12-13 10:32:31.905   226   226 I SystemServerTiming: StartWindowManagerService
12-13 10:32:31.925   226   249 I WindowTracing: Setting window tracing log level to 1
12-13 10:32:31.925   226   249 I WindowTracing: Setting window tracing buffer capacity to 2097152bytes
12-13 10:32:31.934   226   226 D SystemServerTiming: StartWindowManagerService took to complete: 29ms
12-13 10:32:31.934   226   226 I SystemServerTiming: SetWindowManagerService
12-13 10:32:31.937   226   248 I DropBoxManagerService: add tag=system_server_strictmode isTagEnabled=true flags=0x2
12-13 10:32:31.950   226   248 I DropBoxManagerService: Cleaning temp file: /data/system/dropbox/drop151.tmp
12-13 10:32:31.967   226   248 I DropBoxManagerService: add tag=system_server_strictmode isTagEnabled=true flags=0x2
12-13 10:32:32.003   226   248 I chatty  : uid=1000(system) android.io identical 3 lines
12-13 10:32:32.014   226   248 I DropBoxManagerService: add tag=system_server_strictmode isTagEnabled=true flags=0x2
12-13 10:32:32.042   226   226 I ActivityTaskManager: Loaded persisted task ids for user 0
12-13 10:32:32.044   226   226 I wm_task_created: [1,-1]
12-13 10:32:32.045   226   226 I wm_stack_created: 1
12-13 10:32:32.049   226   226 D SystemServerTiming: SetWindowManagerService took to complete: 115ms
12-13 10:32:32.049   226   226 I SystemServerTiming: WindowManagerServiceOnInitReady
12-13 10:32:32.049   226   246 I dvm_lock_sample: [system_server,0,android.fg,81,ActivityManagerService.java,16732,int com.android.server.am.ActivityManagerService.broadcastIntentWithFeature(android.app.IApplicationThread, java.lang.String, android.content.Intent, java.lang.String, android.content.IIntentReceiver, int, java.lang.String, android.os.Bundle, java.lang.String[], int, android.os.Bundle, boolean, boolean, int),-,6821,java.lang.String com.android.server.am.ActivityManagerService.checkContentProviderAccess(java.lang.String, int),16]
12-13 10:32:32.057   226   226 D SystemServerTiming: WindowManagerServiceOnInitReady took to complete: 8ms
12-13 10:32:32.057   226   226 I SystemServerTiming: StartInputManager
12-13 10:32:32.057   226   226 I InputManager: Starting input manager
12-13 10:32:32.057   226   290 I SystemServerTimingAsync: InitThreadPoolExec:StartHidlServices
12-13 10:32:32.057   226   290 D SystemServerInitThreadPool: Started executing StartHidlServices
12-13 10:32:32.057   226   290 I SystemServerTimingAsync: StartHidlServices
12-13 10:32:32.059   226   290 I HidlServiceManagement: Registered android.frameworks.sensorservice@1.0::ISensorManager/default
12-13 10:32:32.060   226   226 I InputManager: Enabling motion classifier because just booted: feature enabled, long press timeout = 400
12-13 10:32:32.060   226   290 I HidlServiceManagement: Registered android.frameworks.schedulerservice@1.0::ISchedulingPolicyService/default
12-13 10:32:32.060   226   226 I InputClassifier: Enabling motion classifier
12-13 10:32:32.060   226   226 D SystemServerTiming: StartInputManager took to complete: 3ms
12-13 10:32:32.060   226   226 I SystemServerTiming: DisplayManagerWindowManagerAndInputReady
12-13 10:32:32.060   226   226 D SystemServerTiming: DisplayManagerWindowManagerAndInputReady took to complete: 0ms
12-13 10:32:32.060   226   226 I SystemServer: No Bluetooth Service (Bluetooth Hardware Not Present)
12-13 10:32:32.060   226   226 I SystemServerTiming: IpConnectivityMetrics
12-13 10:32:32.060   226   226 I SystemServiceManager: Starting com.android.server.connectivity.IpConnectivityMetrics
12-13 10:32:32.061    23    23 I hwservicemanager: getTransport: Cannot find entry android.hardware.input.classifier@1.0::IInputClassifier/default in either framework or device manifest.
12-13 10:32:32.061   226   292 I EventHub: usingClockIoctl=true
12-13 10:32:32.061   226   292 I EventHub: New device: id=1, fd=143, path='/dev/input/event1', name='virtual_touchscreen', classes=0x14, configuration='/vendor/usr/idc/virtual_touchscreen.idc', keyLayout='', keyCharacterMap='', builtinKeyboard=false, 
12-13 10:32:32.061   226   292 D EventHub: No input device configuration file found for device 'virtual_keyboard'.
12-13 10:32:32.061   226   293 I InputClassifier: Could not obtain InputClassifier HAL
12-13 10:32:32.061   226   290 I HidlServiceManagement: Registered android.frameworks.stats@1.0::IStats/default
12-13 10:32:32.061   226   290 D SystemServerTimingAsync: StartHidlServices took to complete: 4ms
12-13 10:32:32.061   226   290 D SystemServerInitThreadPool: Finished executing StartHidlServices
12-13 10:32:32.061   226   290 D SystemServerTimingAsync: InitThreadPoolExec:StartHidlServices took to complete: 5ms
12-13 10:32:32.063   226   226 D SystemServerTiming: IpConnectivityMetrics took to complete: 2ms
12-13 10:32:32.063   226   226 I SystemServerTiming: NetworkWatchlistService
12-13 10:32:32.063   226   226 I SystemServiceManager: Starting com.android.server.net.watchlist.NetworkWatchlistService$Lifecycle
12-13 10:32:32.065   226   292 W EventHub: Unable to disable kernel key repeat for /dev/input/event0: Function not implemented
12-13 10:32:32.065   226   292 I EventHub: usingClockIoctl=true
12-13 10:32:32.065   226   292 I EventHub: New device: id=2, fd=144, path='/dev/input/event0', name='virtual_keyboard', classes=0x43, configuration='', keyLayout='/vendor/usr/keylayout/virtual_keyboard.kl', keyCharacterMap='/system/usr/keychars/Generic.kcm', builtinKeyboard=false, 
12-13 10:32:32.067   226   292 I InputReader: Device added: id=-1, eventHubId=-1, name='Virtual', descriptor='a718a782d34bc767f4689c232d64d527998ea7fd',sources=0x00000301
12-13 10:32:32.068   226   292 I InputReader: Device added: id=2, eventHubId=2, name='virtual_keyboard', descriptor='c3d74629a091c258bc3fcd570c4bec3008ce6eba',sources=0x00000501
12-13 10:32:32.069   226   226 I WatchlistSettings: Reload watchlist settings done
12-13 10:32:32.069   226   294 I WatchlistLoggingHandler: No need to aggregate record yet.
12-13 10:32:32.069   226   294 I WatchlistLoggingHandler: Milliseconds spent on tryAggregateRecords(): 0
12-13 10:32:32.069   226   226 D SystemServerTiming: NetworkWatchlistService took to complete: 7ms
12-13 10:32:32.069   226   226 I SystemServerTiming: PinnerService
12-13 10:32:32.069   226   226 I SystemServiceManager: Starting com.android.server.PinnerService
12-13 10:32:32.071   226   226 E HistoricalRegistry: Interaction before persistence initialized
12-13 10:32:32.071   226   292 I InputReader: Touch device 'virtual_touchscreen' could not query the properties of its associated display.  The device will be inoperable until the display size becomes available.
12-13 10:32:32.071   226   292 I InputReader: Device added: id=3, eventHubId=1, name='virtual_touchscreen', descriptor='7b73e3762a90908a4e0e57fa07e0395ad003b019',sources=0x00005002
12-13 10:32:32.072   226   226 D SystemServerTiming: PinnerService took to complete: 2ms
12-13 10:32:32.072   226   226 I SystemServerTiming: IorapForwardingService
12-13 10:32:32.072   226   226 I SystemServiceManager: Starting com.google.android.startop.iorap.IorapForwardingService
12-13 10:32:32.073   226   226 D SystemServerTiming: IorapForwardingService took to complete: 1ms
12-13 10:32:32.073   226   226 I SystemServerTiming: SignedConfigService
12-13 10:32:32.073   226   226 D SystemServerTiming: SignedConfigService took to complete: 0ms
12-13 10:32:32.073   226   226 I SystemServerTiming: AppIntegrityService
12-13 10:32:32.073   226   226 I SystemServiceManager: Starting com.android.server.integrity.AppIntegrityManagerService
12-13 10:32:32.075   226   226 E IntegrityFileManager: Error creating staging and rules directory
12-13 10:32:32.076   226   226 D SystemServerTiming: AppIntegrityService took to complete: 3ms
12-13 10:32:32.077    68    68 E ActivityRecognitionHardware: activity_recognition HAL is deprecated. class_init is effectively a no-op
12-13 10:32:32.077   226   226 I WindowManager: SAFE MODE not enabled
12-13 10:32:32.077   226   226 I SystemServerTiming: StartInputMethodManagerLifecycle
12-13 10:32:32.078   226   226 I SystemServiceManager: Starting com.android.server.inputmethod.InputMethodManagerService$Lifecycle
12-13 10:32:32.084   226   226 D SystemServerTiming: StartInputMethodManagerLifecycle took to complete: 7ms
12-13 10:32:32.084   226   226 I SystemServerTiming: StartAccessibilityManagerService
12-13 10:32:32.085   226   226 I SystemServiceManager: Starting com.android.server.accessibility.AccessibilityManagerService$Lifecycle
12-13 10:32:32.092   226   226 D SystemServerTiming: StartAccessibilityManagerService took to complete: 7ms
12-13 10:32:32.092   226   226 I SystemServerTiming: MakeDisplayReady
12-13 10:32:32.092   226   226 I WindowManager: FORCED DISPLAY SIZE: 800x1280
12-13 10:32:32.094   226   226 W InputReader: Device virtual_touchscreen is associated with display ADISPLAY_ID_NONE.
12-13 10:32:32.095   226   226 I configuration_changed: 536894968
12-13 10:32:32.096   226   226 I sysui_multi_action: [757,1659,758,4,759,1,1660,0]
12-13 10:32:32.096   226   226 I ActivityTaskManager: Config changes=20005df8 {1.0 ?mcc?mnc [en_US] ldltr sw533dp w533dp h829dp 240dpi lrg port ?uimode ?night -touch qwerty/v/v -nav/h winConfig={ mBounds=Rect(0, 0 - 800, 1280) mAppBounds=Rect(0, 0 - 800, 1280) mWindowingMode=fullscreen mDisplayWindowingMode=fullscreen mActivityType=undefined mAlwaysOnTop=undefined mRotation=ROTATION_0} s.2}
12-13 10:32:32.100   226   226 I WindowManager: Override config changes=60007dfc {1.0 ?mcc?mnc [en_US] ldltr sw533dp w533dp h829dp 240dpi lrg port ?uimode ?night -touch qwerty/v/v -nav/h winConfig={ mBounds=Rect(0, 0 - 800, 1280) mAppBounds=Rect(0, 0 - 800, 1280) mWindowingMode=fullscreen mDisplayWindowingMode=fullscreen mActivityType=undefined mAlwaysOnTop=undefined mRotation=ROTATION_0} s.2} for displayId=0
12-13 10:32:32.111   226   226 I configuration_changed: 8
12-13 10:32:32.111   226   226 I ActivityTaskManager: Config changes=8 {1.0 ?mcc?mnc [en_US] ldltr sw533dp w533dp h829dp 240dpi lrg port ?uimode ?night finger qwerty/v/v -nav/h winConfig={ mBounds=Rect(0, 0 - 800, 1280) mAppBounds=Rect(0, 0 - 800, 1280) mWindowingMode=fullscreen mDisplayWindowingMode=fullscreen mActivityType=undefined mAlwaysOnTop=undefined mRotation=ROTATION_0} s.4}
12-13 10:32:32.112   226   226 I WindowManager: Override config changes=8 {1.0 ?mcc?mnc [en_US] ldltr sw533dp w533dp h829dp 240dpi lrg port ?uimode ?night finger qwerty/v/v -nav/h winConfig={ mBounds=Rect(0, 0 - 800, 1280) mAppBounds=Rect(0, 0 - 800, 1280) mWindowingMode=fullscreen mDisplayWindowingMode=fullscreen mActivityType=undefined mAlwaysOnTop=undefined mRotation=ROTATION_0} s.4} for displayId=0
12-13 10:32:32.113   226   226 D SystemServerTiming: MakeDisplayReady took to complete: 21ms
12-13 10:32:32.113   226   226 I SystemServerTiming: StartStorageManagerService
12-13 10:32:32.113   226   226 I SystemServiceManager: Starting com.android.server.StorageManagerService$Lifecycle
12-13 10:32:32.094   226   226 I chatty  : uid=1000 system_server identical 1 line
12-13 10:32:32.110   226   226 W InputReader: Device virtual_touchscreen is associated with display ADISPLAY_ID_NONE.
12-13 10:32:32.114   226   249 I InputManager-JNI: Viewport [0] to add: local:0, isActive: true
12-13 10:32:32.115   226   292 I InputReader: Reconfiguring input devices, changes=DISPLAY_INFO | 
12-13 10:32:32.115   226   292 I InputReader: Device reconfigured: id=3, name='virtual_touchscreen', size 2275x1280, orientation 0, mode 1, display id 0
12-13 10:32:32.118   112   132 D installd: Found quota mount /dev/block/sda at /data
12-13 10:32:32.118   112   132 D installd: Found quota mount /dev/block/sda at /data/user/0
12-13 10:32:32.117     0     0 I init    : processing action (sys.sysctl.extra_free_kbytes=*) from (/system/etc/init/hw/init.rc:990)
12-13 10:32:32.123   226   297 D StorageManagerService: Thinking about init, mBootCompleted=false, mDaemonConnected=true
12-13 10:32:32.123   226   297 D StorageManagerService: Thinking about reset, mBootCompleted=false, mDaemonConnected=true
12-13 10:32:32.123   226   297 D StorageManagerService: Thinking about init, mBootCompleted=false, mDaemonConnected=true
12-13 10:32:32.123   226   297 D StorageManagerService: Thinking about reset, mBootCompleted=false, mDaemonConnected=true
12-13 10:32:32.124   226   226 D SystemServerTiming: StartStorageManagerService took to complete: 11ms
12-13 10:32:32.124   226   226 I SystemServerTiming: StartStorageStatsService
12-13 10:32:32.124   226   226 I SystemServiceManager: Starting com.android.server.usage.StorageStatsService$Lifecycle
12-13 10:32:32.127   112   132 D installd: Found quota mount /dev/block/sda at /data
12-13 10:32:32.127   112   132 D installd: Found quota mount /dev/block/sda at /data/user/0
12-13 10:32:32.128   112   132 D installd: Found quota mount /dev/block/sda at /data
12-13 10:32:32.128   112   132 D installd: Found quota mount /dev/block/sda at /data/user/0
12-13 10:32:32.130   226   226 D SystemServerTiming: StartStorageStatsService took to complete: 6ms
12-13 10:32:32.130   226   226 I SystemServerTiming: StartUiModeManager
12-13 10:32:32.130   226   226 I SystemServiceManager: Starting com.android.server.UiModeManagerService
12-13 10:32:32.136   226   298 I SystemServerTimingAsync: InitThreadPoolExec:UiModeManager.onStart
12-13 10:32:32.136   226   298 D SystemServerInitThreadPool: Started executing UiModeManager.onStart
12-13 10:32:32.136   226   226 D SystemServerTiming: StartUiModeManager took to complete: 7ms
12-13 10:32:32.136   226   226 I SystemServerTiming: UpdatePackagesIfNeeded
12-13 10:32:32.137   226   226 I Watchdog: Pausing HandlerChecker: main thread for reason: dexopt. Pause count: 1
12-13 10:32:32.139   226   226 I Watchdog: Resuming HandlerChecker: main thread for reason: dexopt. Pause count: 0
12-13 10:32:32.139   226   226 D SystemServerTiming: UpdatePackagesIfNeeded took to complete: 2ms
12-13 10:32:32.139   226   226 I SystemServerTiming: PerformFstrimIfNeeded
12-13 10:32:32.146   226   226 D SystemServerTiming: PerformFstrimIfNeeded took to complete: 7ms
12-13 10:32:32.146   226   226 I SystemServerTiming: StartLockSettingsService
12-13 10:32:32.146   226   226 I SystemServiceManager: Starting com.android.server.locksettings.LockSettingsService$Lifecycle
12-13 10:32:32.158   226   298 D SystemServerInitThreadPool: Finished executing UiModeManager.onStart
12-13 10:32:32.158   226   298 D SystemServerTimingAsync: InitThreadPoolExec:UiModeManager.onStart took to complete: 22ms
12-13 10:32:32.201   226   226 W SystemServiceManager: Service com.android.server.locksettings.LockSettingsService$Lifecycle took 55 ms in onStart
12-13 10:32:32.201   226   226 D SystemServerTiming: StartLockSettingsService took to complete: 55ms
12-13 10:32:32.201   226   226 I SystemServerTiming: StartTestHarnessMode
12-13 10:32:32.201   226   226 I SystemServiceManager: Starting com.android.server.testharness.TestHarnessModeService
12-13 10:32:32.202   226   226 D SystemServerTiming: StartTestHarnessMode took to complete: 1ms
12-13 10:32:32.204    23    23 I hwservicemanager: getTransport: Cannot find entry android.hardware.oemlock@1.0::IOemLock/default in either framework or device manifest.
12-13 10:32:32.205   226   226 I OemLock : OemLock HAL not present on device
12-13 10:32:32.205   226   226 I SystemServerTiming: StartDeviceIdleController
12-13 10:32:32.207   226   226 I SystemServiceManager: Starting com.android.server.DeviceIdleController
12-13 10:32:32.212   226   226 D SystemServerTiming: StartDeviceIdleController took to complete: 7ms
12-13 10:32:32.212   226   226 I SystemServerTiming: StartDevicePolicyManager
12-13 10:32:32.212   226   226 I SystemServiceManager: Starting com.android.server.devicepolicy.DevicePolicyManagerService$Lifecycle
12-13 10:32:32.229    68    68 W Zygote  : Class not found for preloading: android.inputmethodservice.-$$Lambda$InputMethodService$TvVfWDKZ3ljQdrU87qYykg6uD-I
12-13 10:32:32.257   226   226 D SystemServerTiming: StartDevicePolicyManager took to complete: 45ms
12-13 10:32:32.257   226   226 I SystemServerTiming: StartStatusBarManagerService
12-13 10:32:32.259   226   226 D SystemServerTiming: StartStatusBarManagerService took to complete: 2ms
12-13 10:32:32.259   226   226 D SystemServer: ContentCaptureService disabled because resource is not overlaid
12-13 10:32:32.259   226   226 D SystemServer: AttentionService is not configured on this device
12-13 10:32:32.260   226   226 D SystemServer: SystemCaptionsManagerService disabled because resource is not overlaid
12-13 10:32:32.260   226   226 D SystemServer: AppPredictionService not defined by OEM
12-13 10:32:32.260   226   226 D SystemServer: ContentSuggestionsService not defined by OEM
12-13 10:32:32.260   226   226 I SystemServerTiming: InitConnectivityModuleConnector
12-13 10:32:32.260   226   226 D ConnectivityModuleConnector: Network stack init
12-13 10:32:32.273   226   226 D SystemServerTiming: InitConnectivityModuleConnector took to complete: 13ms
12-13 10:32:32.273   226   226 I SystemServerTiming: InitNetworkStackClient
12-13 10:32:32.284   226   226 D SystemServerTiming: InitNetworkStackClient took to complete: 11ms
12-13 10:32:32.284   226   226 I SystemServerTiming: StartNetworkManagementService
12-13 10:32:32.291    68    68 I zygote  : Thread[1,tid=68,Native,Thread*=0xe3b82a10,peer=0x12c801e8,"main"] recursive attempt to load library "libmedia_jni.so"
12-13 10:32:32.292    68    68 I zygote  : Thread[1,tid=68,Native,Thread*=0xe3b82a10,peer=0x12c801e8,"main"] recursive attempt to load library "libmedia_jni.so"
12-13 10:32:32.292    68    68 D MtpDeviceJNI: register_android_mtp_MtpDevice
12-13 10:32:32.292    68    68 I zygote  : Thread[1,tid=68,Native,Thread*=0xe3b82a10,peer=0x12c801e8,"main"] recursive attempt to load library "libmedia_jni.so"
12-13 10:32:32.301   226   226 D SystemServerTiming: StartNetworkManagementService took to complete: 17ms
12-13 10:32:32.301   226   226 I SystemServerTiming: StartIpSecService
12-13 10:32:32.302   226   226 D SystemServerTiming: StartIpSecService took to complete: 1ms
12-13 10:32:32.302   226   226 I SystemServerTiming: StartTextServicesManager
12-13 10:32:32.302   226   226 I SystemServiceManager: Starting com.android.server.textservices.TextServicesManagerService$Lifecycle
12-13 10:32:32.303   226   226 D SystemServerTiming: StartTextServicesManager took to complete: 1ms
12-13 10:32:32.303   226   226 I SystemServerTiming: StartTextClassificationManagerService
12-13 10:32:32.303   226   226 I SystemServiceManager: Starting com.android.server.textclassifier.TextClassificationManagerService$Lifecycle
12-13 10:32:32.293    68    68 I zygote  : Thread[1,tid=68,Native,Thread*=0xe3b82a10,peer=0x12c801e8,"main"] recursive attempt to load library "libmedia_jni.so"
12-13 10:32:32.304    68    68 W Zygote  : Class not found for preloading: android.media.MediaRouter$Static$Client$1
12-13 10:32:32.304    68    68 W Zygote  : Class not found for preloading: android.media.MediaRouter$Static$Client$2
12-13 10:32:32.305   226   226 D SystemServerTiming: StartTextClassificationManagerService took to complete: 1ms
12-13 10:32:32.305   226   226 I SystemServerTiming: StartNetworkScoreService
12-13 10:32:32.305   226   226 I SystemServiceManager: Starting com.android.server.NetworkScoreService$Lifecycle
12-13 10:32:32.306   226   226 I NetworkScoreService: Registering network_score
12-13 10:32:32.307   226   226 D SystemServerTiming: StartNetworkScoreService took to complete: 2ms
12-13 10:32:32.307   226   226 I SystemServerTiming: StartNetworkStatsService
12-13 10:32:32.309   226   226 D SystemServerTiming: StartNetworkStatsService took to complete: 2ms
12-13 10:32:32.309   226   226 I SystemServerTiming: StartNetworkPolicyManagerService
12-13 10:32:32.314   226   226 D SystemServerTiming: StartNetworkPolicyManagerService took to complete: 4ms
12-13 10:32:32.314   226   226 I SystemServerTiming: StartWifi
12-13 10:32:32.322    68    68 W Zygote  : Class not found for preloading: android.net.shared.Inet4AddressUtils
12-13 10:32:32.322    68    68 W Zygote  : Class not found for preloading: android.net.shared.InetAddressUtils
12-13 10:32:32.327    68    68 D TelephonyManager: No /proc/cmdline exception=java.io.FileNotFoundException: /proc/cmdline: open failed: EACCES (Permission denied)
12-13 10:32:32.327    68    68 D TelephonyManager: /proc/cmdline=
12-13 10:32:32.337   226   226 I SystemServiceManager: Starting com.android.server.wifi.WifiService
12-13 10:32:32.343   226   226 V NetworkScoreManager: registerNetworkScoreCallback: callback=com.android.server.wifi.WifiNetworkScoreCache@876ef0e, executor=com.android.wifi.x.android.os.HandlerExecutor@a4e3d2f
12-13 10:32:32.368    68    68 W Zygote  : Class not found for preloading: android.telephony.ims.stub.-$$Lambda$ImsRegistrationImplBase$wwtkoeOtGwMjG5I0-ZTfjNpGU-s
12-13 10:32:32.382    68    68 W Zygote  : Class not found for preloading: android.view.-$$Lambda$cZhmLzK8aetUdx4VlP9w5jR7En0
12-13 10:32:32.390    68    68 W Zygote  : Class not found for preloading: android.view.autofill.-$$Lambda$AutofillManager$AutofillManagerClient$vxNm6RuuD-r5pkiSxNSBBd1w_Qc
12-13 10:32:32.391    68    68 W Zygote  : Class not found for preloading: android.view.contentcapture.-$$Lambda$MainContentCaptureSession$1$JPRO-nNGZpgXrKr4QC_iQiTbQx0
12-13 10:32:32.391    68    68 W Zygote  : Class not found for preloading: android.view.contentcapture.-$$Lambda$MainContentCaptureSession$1$Xhq3WJibbalS1G_W3PRC2m7muhM
12-13 10:32:32.391    68    68 W Zygote  : Class not found for preloading: android.view.contentcapture.MainContentCaptureSession$1
12-13 10:32:32.413    68    68 W Zygote  : Class not found for preloading: com.android.internal.telephony.-$$Lambda$SubscriptionController$VCQsMNqRHpN3RyoXYzh2YUwA2yc
12-13 10:32:32.414    68    68 W Zygote  : Class not found for preloading: com.android.internal.telephony.-$$Lambda$SubscriptionController$u5xE-urXR6ElZ50305_6guo20Fc
12-13 10:32:32.425   226   226 D WifiCountryCode: mDefaultCountryCode null
12-13 10:32:32.429   226   226 I WifiContext: Found Wifi Resources APK at: com.android.wifi.resources
12-13 10:32:32.457    68    68 W Zygote  : Class not found for preloading: com.android.internal.telephony.IccSmsInterfaceManager$2
12-13 10:32:32.465    68    68 W Zygote  : Class not found for preloading: com.android.internal.telephony.dataconnection.DcTracker$5
12-13 10:32:32.470   226   226 D WifiOpenNetworkNotifier: Settings toggle enabled=false
12-13 10:32:32.471    68    68 W Zygote  : Class not found for preloading: com.android.internal.widget.-$$Lambda$gPQuiuEDuOmrh2MixBcV6a5gu5s
12-13 10:32:32.472    68    68 W Zygote  : Class not found for preloading: com.android.internal.widget.LockPatternUtils$2
12-13 10:32:32.480   226   226 W HalDevMgr: isWifiStarted called but mWifi is null!?
12-13 10:32:32.480   226   226 W HalDevMgr: isWifiStarted called but mWifi is null!?
12-13 10:32:32.481   226   226 D WakeupController: WifiWake enabled
12-13 10:32:32.482   226   226 E HistoricalRegistry: Interaction before persistence initialized
12-13 10:32:32.483   226   226 E WifiClientModeImpl: getWifiLinkLayerStats called without an interface
12-13 10:32:32.496   226   226 I WifiService: Registering wifi
12-13 10:32:32.496   226   226 D SystemServerTiming: StartWifi took to complete: 182ms
12-13 10:32:32.496   226   226 I SystemServerTiming: StartWifiScanning
12-13 10:32:32.496   226   226 I SystemServiceManager: Starting com.android.server.wifi.scanner.WifiScanningService
12-13 10:32:32.497   226   226 I WifiScanningService: Creating wifiscanner
12-13 10:32:32.499   226   226 I WifiScanningService: Publishing wifiscanner
12-13 10:32:32.500   226   226 D SystemServerTiming: StartWifiScanning took to complete: 4ms
12-13 10:32:32.500   226   226 I SystemServerTiming: StartEthernet
12-13 10:32:32.501   226   226 I SystemServiceManager: Starting com.android.server.ethernet.EthernetService
12-13 10:32:32.501   226   226 I EthernetService: Registering service ethernet
12-13 10:32:32.502   226   226 D SystemServerTiming: StartEthernet took to complete: 2ms
12-13 10:32:32.502   226   226 I SystemServerTiming: StartConnectivityService
12-13 10:32:32.502    68    68 I Zygote  : ...preloaded 12107 classes in 702ms.
12-13 10:32:32.503    68    68 I zygote  : VMRuntime.preloadDexCaches starting
12-13 10:32:32.513    68    68 I zygote  : VMRuntime.preloadDexCaches strings total=418392 before=11374 after=11374
12-13 10:32:32.513    68    68 I zygote  : VMRuntime.preloadDexCaches types total=40936 before=11224 after=11400
12-13 10:32:32.513    68    68 I zygote  : VMRuntime.preloadDexCaches fields total=173763 before=14203 after=15087
12-13 10:32:32.513    68    68 I zygote  : VMRuntime.preloadDexCaches methods total=316014 before=18080 after=18080
12-13 10:32:32.513    68    68 I zygote  : VMRuntime.preloadDexCaches finished
12-13 10:32:32.513    68    68 D ZygoteInitTiming_lazy: PreloadClasses took to complete: 713ms
12-13 10:32:32.518    68    68 I zygote  : The ClassLoaderContext is a special shared library.
12-13 10:32:32.521    68    68 D ApplicationLoaders: Created zygote-cached class loader: /system/framework/android.hidl.base-V1.0-java.jar
