12-13 10:32:25.269     0     0 I init    : processing action (persist.sys.usb.config=* && boot) from (/system/etc/init/hw/init.usb.rc:105)
12-13 10:32:25.270     0     0 I init    : processing action (boot) from (/system/etc/init/dumpstate.rc:1)
12-13 10:32:25.270     0     0 I init    : processing action (boot) from (/system/etc/init/gsid.rc:20)
12-13 10:32:25.270     0     0 I init    : starting service 'exec 12 (/system/bin/gsid run-startup-tasks)'...
12-13 10:32:25.270    65    65 I ServiceManager: Waiting for service 'statscompanion' on '/dev/binder'...
12-13 10:32:25.271     0     0 I init    : processing action (boot) from (/vendor/etc/init/init.windows_x86_64.rc:37)
12-13 10:32:25.272    66    66 I netd    : Initializing traffic control: 2940us
12-13 10:32:25.274     0     0 W healthd : battery l=100 v=5000 t=0.0 h=1 st=3 cc=-1 chg=a
12-13 10:32:25.275    66    66 I netd    : Enabling bandwidth control: 3383us
12-13 10:32:25.275     0     0 I init    : processing action (enable_property_trigger) from (<Builtin Action>:0)
12-13 10:32:25.276     0     0 I init    : processing action (apexd.status=ready && ro.product.cpu.abilist32=*) from (/system/etc/init/hw/init.rc:89)
12-13 10:32:25.276     0     0 I init    : starting service 'boringssl_self_test_apex32'...
12-13 10:32:25.277    66    66 I netd    : Initializing RouteController: 1710us
12-13 10:32:25.277    66    66 D XfrmController: XfrmController::ipSecAddXfrmInterface, line=1377
12-13 10:32:25.278     0     0 I init    : SVC_EXEC service 'boringssl_self_test_apex32' pid 97 (uid 0 gid 0+0 context default) started; waiting...
12-13 10:32:25.279    66    66 D XfrmController: XfrmController::ipSecRemoveTunnelInterface, line=1590
12-13 10:32:25.279    66    66 D XfrmController: deviceName=ipsec_test
12-13 10:32:25.296    76    76 I HidlServiceManagement: Registered android.hardware.drm@1.3::IDrmFactory/clearkey
12-13 10:32:25.297    76    76 I HidlServiceManagement: Removing namespace from process name android.hardware.drm@1.3-service.clearkey to drm@1.3-service.clearkey.
12-13 10:32:25.297    76    76 I HidlServiceManagement: Registered android.hardware.drm@1.3::ICryptoFactory/clearkey
12-13 10:32:25.297    76    76 I HidlServiceManagement: Removing namespace from process name android.hardware.drm@1.3-service.clearkey to drm@1.3-service.clearkey.
12-13 10:32:25.298    95    95 I gsid    : no DSU: No such file or directory
12-13 10:32:25.302     0     0 I init    : Service 'exec 12 (/system/bin/gsid run-startup-tasks)' (pid 95) exited with status 0 oneshot service took 0.031000 seconds in background
12-13 10:32:25.302     0     0 I init    : Sending signal 9 to service 'exec 12 (/system/bin/gsid run-startup-tasks)' (pid 95) process group...
12-13 10:32:25.302     0     0 I libprocessgroup: Successfully killed process cgroup uid 0 pid 95 in 0ms
12-13 10:32:25.307    74    74 I HidlServiceManagement: Registered android.hardware.audio@6.0::IDevicesFactory/default
12-13 10:32:25.307    74    74 I HidlServiceManagement: Removing namespace from process name android.hardware.audio.service to audio.service.
12-13 10:32:25.308    74    74 I LegacySupport: Registration complete for android.hardware.audio@6.0::IDevicesFactory/default.
12-13 10:32:25.308     0     0 I init    : Service 'boringssl_self_test_apex32' (pid 97) exited with status 0 waiting took 0.031000 seconds
12-13 10:32:25.308     0     0 I init    : Sending signal 9 to service 'boringssl_self_test_apex32' (pid 97) process group...
12-13 10:32:25.309     0     0 I libprocessgroup: Successfully killed process cgroup uid 0 pid 97 in 0ms
12-13 10:32:25.309     0     0 I init    : processing action (apexd.status=ready && ro.product.cpu.abilist64=*) from (/system/etc/init/hw/init.rc:91)
12-13 10:32:25.309     0     0 I init    : starting service 'boringssl_self_test_apex64'...
12-13 10:32:25.311     0     0 I init    : SVC_EXEC service 'boringssl_self_test_apex64' pid 100 (uid 0 gid 0+0 context default) started; waiting...
12-13 10:32:25.317    74    74 I HidlServiceManagement: Registered android.hardware.audio.effect@6.0::IEffectsFactory/default
12-13 10:32:25.318    74    74 I LegacySupport: Registration complete for android.hardware.audio.effect@6.0::IEffectsFactory/default.
12-13 10:32:25.318    23    23 I hwservicemanager: getTransport: Cannot find entry android.hardware.soundtrigger@2.3::ISoundTriggerHw/default in either framework or device manifest.
12-13 10:32:25.320    74    74 E LegacySupport: Could not get passthrough implementation for android.hardware.soundtrigger@2.3::ISoundTriggerHw/default.
12-13 10:32:25.321    23    23 I hwservicemanager: getTransport: Cannot find entry android.hardware.soundtrigger@2.2::ISoundTriggerHw/default in either framework or device manifest.
12-13 10:32:25.327     0     0 I init    : Service 'boringssl_self_test_apex64' (pid 100) exited with status 0 waiting took 0.017000 seconds
12-13 10:32:25.327     0     0 I init    : Sending signal 9 to service 'boringssl_self_test_apex64' (pid 100) process group...
12-13 10:32:25.327     0     0 I libprocessgroup: Successfully killed process cgroup uid 0 pid 100 in 0ms
12-13 10:32:25.327     0     0 I init    : processing action (sys.init.perf_lsm_hooks=1) from (/system/etc/init/hw/init.rc:1005)
12-13 10:32:25.328     0     0 I init    : processing action (security.perf_harden=1) from (/system/etc/init/hw/init.rc:1019)
12-13 10:32:25.328     0     0 I init    : processing action (ro.debuggable=1) from (/system/etc/init/hw/init.rc:1046)
12-13 10:32:25.328     0     0 I init    : processing action (sys.usb.config=adb && sys.usb.configfs=0) from (/system/etc/init/hw/init.usb.rc:37)
12-13 10:32:25.329     0     0 I init    : starting service 'adbd'...
12-13 10:32:25.329     0     0 I init    : Created socket '/dev/socket/adbd', mode 660, user 1000, group 1000
12-13 10:32:25.331     0     0 I init    : processing action (init.svc.audioserver=running) from (/system/etc/init/audioserver.rc:35)
12-13 10:32:25.331     0     0 I init    : Command 'start vendor.audio-hal-4-0-msd' action=init.svc.audioserver=running (/system/etc/init/audioserver.rc:37) took 0ms and failed: service vendor.audio-hal-4-0-msd not found
12-13 10:32:25.331     0     0 I init    : Command 'start vendor.audio-hal-2-0' action=init.svc.audioserver=running (/system/etc/init/audioserver.rc:39) took 0ms and failed: service vendor.audio-hal-2-0 not found
12-13 10:32:25.331     0     0 I init    : Command 'start audio-hal-2-0' action=init.svc.audioserver=running (/system/etc/init/audioserver.rc:40) took 0ms and failed: service audio-hal-2-0 not found
12-13 10:32:25.331     0     0 I init    : processing action (ro.persistent_properties.ready=true) from (/system/etc/init/bootstat.rc:67)
12-13 10:32:25.331     0     0 I init    : processing action (ro.persistent_properties.ready=true) from (/system/etc/init/bootstat.rc:71)
12-13 10:32:25.331     0     0 I init    : starting service 'exec 13 (/system/bin/bootstat --set_system_boot_reason)'...
12-13 10:32:25.331    74    74 E LegacySupport: Could not get passthrough implementation for android.hardware.soundtrigger@2.2::ISoundTriggerHw/default.
12-13 10:32:25.331    23    23 I hwservicemanager: getTransport: Cannot find entry android.hardware.soundtrigger@2.1::ISoundTriggerHw/default in either framework or device manifest.
12-13 10:32:25.331    74    74 E LegacySupport: Could not get passthrough implementation for android.hardware.soundtrigger@2.1::ISoundTriggerHw/default.
12-13 10:32:25.332    23    23 I hwservicemanager: getTransport: Cannot find entry android.hardware.soundtrigger@2.0::ISoundTriggerHw/default in either framework or device manifest.
12-13 10:32:25.332    74    74 E LegacySupport: Could not get passthrough implementation for android.hardware.soundtrigger@2.0::ISoundTriggerHw/default.
12-13 10:32:25.332    74    74 W audiohalservice: Could not register Soundtrigger API
12-13 10:32:25.332    23    23 I hwservicemanager: getTransport: Cannot find entry android.hardware.bluetooth.audio@2.0::IBluetoothAudioProvidersFactory/default in either framework or device manifest.
12-13 10:32:25.332    74    74 E LegacySupport: Could not get passthrough implementation for android.hardware.bluetooth.audio@2.0::IBluetoothAudioProvidersFactory/default.
12-13 10:32:25.332    74    74 W audiohalservice: Could not register Bluetooth Audio API
12-13 10:32:25.332    23    23 I hwservicemanager: getTransport: Cannot find entry android.hardware.bluetooth.a2dp@1.0::IBluetoothAudioOffload/default in either framework or device manifest.
12-13 10:32:25.332    74    74 E LegacySupport: Could not get passthrough implementation for android.hardware.bluetooth.a2dp@1.0::IBluetoothAudioOffload/default.
12-13 10:32:25.332    74    74 W audiohalservice: Could not register Bluetooth Audio Offload API
12-13 10:32:25.332     0     0 I init    : processing action (persist.heapprofd.enable= && traced.lazy.heapprofd=) from (/system/etc/init/heapprofd.rc:34)
12-13 10:32:25.333     0     0 I init    : processing action (ro.iorapd.enable=false) from (/system/etc/init/iorapd.rc:25)
12-13 10:32:25.333     0     0 I init    : processing action (ro.debuggable=1) from (/system/etc/init/llkd-debuggable.rc:1)
12-13 10:32:25.333     0     0 I init    : processing action (ro.debuggable=*) from (/system/etc/init/llkd.rc:2)
12-13 10:32:25.333     0     0 I init    : processing action (debug.atrace.user_initiated= && persist.traced.enable=1) from (/system/etc/init/perfetto.rc:47)
12-13 10:32:25.334     0     0 I init    : starting service 'traced_probes'...
12-13 10:32:25.334     0     0 I init    : Opened file '/dev/kmsg', flags 1
12-13 10:32:25.336     0     0 I init    : processing action (persist.traced.enable=1) from (/system/etc/init/perfetto.rc:50)
12-13 10:32:25.337    78    78 D HostConnection: createUnique: call
12-13 10:32:25.337     0     0 I init    : starting service 'traced'...
12-13 10:32:25.338     0     0 I init    : Created socket '/dev/socket/traced_consumer', mode 666, user 0, group 0
12-13 10:32:25.338     0     0 I init    : Created socket '/dev/socket/traced_producer', mode 666, user 0, group 0
12-13 10:32:25.339    78    78 D librcm  : SocketClient connected to host port 22469
12-13 10:32:25.341     0     0 I init    : processing action (persist.traced_perf.enable= && sys.init.perf_lsm_hooks=1 && traced.lazy.traced_perf=) from (/system/etc/init/traced_perf.rc:43)
12-13 10:32:25.341     0     0 I init    : processing action (ro.enable.native.bridge.exec=1) from (/vendor/etc/init/init.windows_x86_64.rc:46)
12-13 10:32:25.343     0     0 I init    : processing action (ro.enable.native.bridge.exec64=1) from (/vendor/etc/init/init.windows_x86_64.rc:50)
12-13 10:32:25.343     0     0 I init    : processing action (nonencrypted) from (/system/etc/init/hw/init.rc:941)
12-13 10:32:25.344     0     0 I init    : starting service 'cameraserver'...
12-13 10:32:25.346     0     0 I init    : starting service 'drm'...
12-13 10:32:25.347     0     0 I init    : starting service 'idmap2d'...
12-13 10:32:25.348     0     0 I init    : starting service 'incidentd'...
12-13 10:32:25.350     0     0 I init    : starting service 'installd'...
12-13 10:32:25.351   104   104 I bootstat: Service started: /system/bin/bootstat --set_system_boot_reason 
12-13 10:32:25.352     0     0 I init    : starting service 'keystore'...
12-13 10:32:25.355   106   106 W perfetto: service.cc:97           Started traced, listening on /dev/socket/traced_producer /dev/socket/traced_consumer
12-13 10:32:25.361    23    23 I hwservicemanager: getTransport: Cannot find entry android.hardware.graphics.mapper@4.0::IMapper/default in either framework or device manifest.
12-13 10:32:25.361    84    84 I Gralloc4: mapper 4.x is not supported
12-13 10:32:25.361     0     0 I init    : starting service 'mediaextractor'...
12-13 10:32:25.362    23    23 I hwservicemanager: getTransport: Cannot find entry android.hardware.graphics.mapper@3.0::IMapper/default in either framework or device manifest.
12-13 10:32:25.362    84    84 W Gralloc3: mapper 3.x is not supported
12-13 10:32:25.364     0     0 I init    : starting service 'mediametrics'...
12-13 10:32:25.364   105   105 I perfetto: probes.cc:77            Starting /system/bin/traced_probes service
12-13 10:32:25.367     0     0 I init    : starting service 'media'...
12-13 10:32:25.367     0     0 W libprocessgroup: Failed to open /dev/cpuset/camera-daemon/tasks: No such file or directory: No such file or directory
12-13 10:32:25.369     0     0 W libprocessgroup: Failed to apply CameraServiceCapacity task profile: No such file or directory
12-13 10:32:25.370     0     0 I init    : starting service 'storaged'...
12-13 10:32:25.371    65    65 I ServiceManager: Waiting for service 'statscompanion' on '/dev/binder'...
12-13 10:32:25.371     0     0 W libprocessgroup: Failed to open /dev/stune/top-app/tasks: No such file or directory: No such file or directory
12-13 10:32:25.372    78    78 D HostConnection: HostConnection::get() New Host Connection established 0x70cc726cacd0, tid 78
12-13 10:32:25.372     0     0 I init    : Could not open file '/d/mmc0/mmc0:0001/ext_csd': Failed to open file '/d/mmc0/mmc0:0001/ext_csd': No such file or directory
12-13 10:32:25.372     0     0 W libprocessgroup: Failed to apply MaxPerformance task profile: No such file or directory
12-13 10:32:25.377    84    84 D HostConnection: createUnique: call
12-13 10:32:25.379    78    78 I HidlServiceManagement: Registered android.hardware.graphics.allocator@2.0::IAllocator/default
12-13 10:32:25.379   104   104 I bootstat: Canonical boot reason: shutdown,userrequested
12-13 10:32:25.379   104   104 I bootstat: Canonical boot reason: shutdown,userrequested
12-13 10:32:25.380    78    78 I HidlServiceManagement: Removing namespace from process name android.hardware.graphics.allocator@2.0-service to allocator@2.0-service.
12-13 10:32:25.380    78    78 I LegacySupport: Registration complete for android.hardware.graphics.allocator@2.0::IAllocator/default.
12-13 10:32:25.382   105   105 I perfetto: probes_producer.cc:100  Connected to the service
12-13 10:32:25.385    84    84 D librcm  : SocketClient connected to host port 22469
12-13 10:32:25.386     0     0 W libprocessgroup: Failed to open /dev/stune/foreground/tasks: No such file or directory: No such file or directory
12-13 10:32:25.388     0     0 W libprocessgroup: Failed to apply HighPerformance task profile: No such file or directory
12-13 10:32:25.388     0     0 W libprocessgroup: Failed to open /dev/stune/foreground/tasks: No such file or directory: No such file or directory
12-13 10:32:25.391     0     0 W libprocessgroup: Failed to apply HighPerformance task profile: No such file or directory
12-13 10:32:25.393   103   103 I adbd    : Setup mdns on port= 5555
12-13 10:32:25.393   103   103 I adbd    : adbd listening on tcp:5555
12-13 10:32:25.394   103   103 I adbd    : adbd listening on vsock:5555
12-13 10:32:25.402   103   124 I adbd    : Waiting for persist.adb.tls_server.enable=1
12-13 10:32:25.402   112   112 I installd: installd firing up
12-13 10:32:25.415    84    84 D HostConnection: HostConnection::get() New Host Connection established 0x77686be59010, tid 84
12-13 10:32:25.423   104   104 E bootstat: Failed to read /metadata/bootstat/persist.sys.boot.reason: No such file or directory
12-13 10:32:25.423   104   104 I bootstat: Value of persist.sys.boot.reason : shutdown,userrequested
12-13 10:32:25.423   104   104 I bootstat: Normalized last reboot reason : shutdown,userrequested
12-13 10:32:25.424    42    42 D RemoteConnectionManager: createChannel called for Composition
12-13 10:32:25.424    42    42 D librcm  : createChannel called with channel name: Composition
12-13 10:32:25.424    42    42 D windows.services.rcm@1.0-service: SocketClient is acting as a server and waiting for connections on port -866587750
12-13 10:32:25.429     0     0 I init    : starting service 'wificond'...
12-13 10:32:25.430    83    83 I HidlServiceManagement: Registered android.hardware.gnss@2.1::IGnss/default
12-13 10:32:25.435    42    42 D windows.services.rcm@1.0-service: SocketClient accepted a connection
12-13 10:32:25.435    42    42 D librcm  : Returning channel Composition
12-13 10:32:25.444    84    84 E HWC2OnFbAdapter: unknown function descriptor 44
12-13 10:32:25.444    84    84 E HWC2OnFbAdapter: unknown function descriptor 45
12-13 10:32:25.444    84    84 E HWC2OnFbAdapter: unknown function descriptor 46
12-13 10:32:25.444    84    84 E HWC2OnFbAdapter: unknown function descriptor 47
12-13 10:32:25.444    84    84 E HWC2OnFbAdapter: unknown function descriptor 48
12-13 10:32:25.444    84    84 E HWC2OnFbAdapter: unknown function descriptor 49
12-13 10:32:25.444    84    84 E HWC2OnFbAdapter: unknown function descriptor 50
12-13 10:32:25.444    84    84 E HWC2OnFbAdapter: unknown function descriptor 51
12-13 10:32:25.444    84    84 E HWC2OnFbAdapter: unknown function descriptor 52
12-13 10:32:25.446    84    84 I HidlServiceManagement: Registered android.hardware.graphics.composer@2.2::IComposer/default
12-13 10:32:25.447   113   113 I keystore: found android.hardware.keymaster@4.0::IKeymasterDevice with interface name default and seclevel SOFTWARE
12-13 10:32:25.449    23    23 I hwservicemanager: getTransport: Cannot find entry android.hardware.keymaster@3.0::IKeymasterDevice/default in either framework or device manifest.
12-13 10:32:25.449   104   104 E bootstat: Failed to unlink /metadata/bootstat/persist.sys.boot.reason: No such file or directory
12-13 10:32:25.450   113   113 W keystore: No secure Keymaster implementation found, but device offers insecure Keymaster HAL. Using as default.
12-13 10:32:25.452   117   117 V MediaUtils: physMem: 6286368768
12-13 10:32:25.452   117   117 V MediaUtils: requested limit: 134217728
12-13 10:32:25.452   117   117 I libc    : malloc_limit: Allocation limit enabled, max size 134217728 bytes
12-13 10:32:25.455   117   117 D AudioPowerUsage: AudioPowerUsage
12-13 10:32:25.458   117   117 D AudioAnalytics: AudioAnalytics
12-13 10:32:25.463     0     0 I init    : starting service 'vendor.media.omx'...
12-13 10:32:25.463   117   117 D MediaMetricsService: MediaMetricsService
12-13 10:32:25.464     0     0 I init    : starting service 'windows-logcat'...
12-13 10:32:25.465     0     0 E init    : Could not start service 'vendor_flash_recovery' as part of class 'main': Cannot find '/vendor/bin/install-recovery.sh': No such file or directory
12-13 10:32:25.466     0     0 I init    : starting service 'media.swcodec'...
12-13 10:32:25.468     0     0 I init    : Command 'class_start main' action=nonencrypted (/system/etc/init/hw/init.rc:942) took 123ms and succeeded
12-13 10:32:25.468     0     0 I init    : Service 'exec 13 (/system/bin/bootstat --set_system_boot_reason)' (pid 104) exited with status 0 oneshot service took 0.135000 seconds in background
12-13 10:32:25.468     0     0 I init    : Sending signal 9 to service 'exec 13 (/system/bin/bootstat --set_system_boot_reason)' (pid 104) process group...
12-13 10:32:25.468     0     0 I libprocessgroup: Successfully killed process cgroup uid 1000 pid 104 in 0ms
12-13 10:32:25.468     0     0 I init    : starting service 'mdnsd'...
12-13 10:32:25.468     0     0 I init    : Created socket '/dev/socket/mdnsd', mode 660, user 1020, group 3003
12-13 10:32:25.470     0     0 I init    : Control message: Processed ctl.start for 'mdnsd' from pid: 103 (/apex/com.android.adbd/bin/adbd --root_seclabel=u:r:su:s0)
12-13 10:32:25.470     0     0 I init    : starting service 'gatekeeperd'...
12-13 10:32:25.471    65    65 I ServiceManager: Waiting for service 'statscompanion' on '/dev/binder'...
12-13 10:32:25.472     0     0 I init    : starting service 'usbd'...
12-13 10:32:25.473    66    66 D XfrmController: Sending Netlink XFRM Message: XFRM_MSG_FLUSHSA
12-13 10:32:25.473    66    66 D XfrmController: Sending Netlink XFRM Message: XFRM_MSG_FLUSHPOLICY
12-13 10:32:25.473    66    66 I netd    : Initializing XfrmController: 196041us
12-13 10:32:25.473    66    66 E Netd    : Unable to create netlink socket for family 5: Protocol not supported
12-13 10:32:25.473    66    66 W Netd    : Unable to open qlog quota socket, check if xt_quota2 can send via UeventHandler
12-13 10:32:25.474     0     0 I init    : starting service 'diagnostics_service'...
12-13 10:32:25.477     0     0 I init    : starting service 'inputsvc'...
12-13 10:32:25.479     0     0 I init    : processing action (llk.enable=1) from (/system/etc/init/llkd.rc:9)
12-13 10:32:25.479     0     0 I init    : processing action (khungtask.enable=1) from (/system/etc/init/llkd.rc:18)
12-13 10:32:25.479     0     0 I init    : processing action (llk.enable=0) from (/system/etc/init/llkd.rc:12)
12-13 10:32:25.479     0     0 I init    : processing action (khungtask.enable=0) from (/system/etc/init/llkd.rc:21)
12-13 10:32:25.479     0     0 I init    : processing action (init.svc.media=*) from (/system/etc/init/mediaserver.rc:1)
12-13 10:32:25.480     0     0 I init    : processing action (llk.enable=true) from (/system/etc/init/llkd.rc:34)
12-13 10:32:25.480     0     0 I init    : starting service 'llkd-1'...
12-13 10:32:25.480     0     0 I init    : Opened file '/dev/kmsg', flags 1
12-13 10:32:25.480     0     0 I init    : Opened file '/proc/sysrq-trigger', flags 1
12-13 10:32:25.481     0     0 I init    : processing action (khungtask.enable=true) from (/system/etc/init/llkd.rc:25)
12-13 10:32:25.482     0     0 I init    : processing action (khungtask.enable=false) from (/system/etc/init/llkd.rc:31)
12-13 10:32:25.507   133   133 I wificond: wificond is starting up...
12-13 10:32:25.514   133   133 I HidlServiceManagement: Registered android.system.wifi.keystore@1.0::IKeystore/default
12-13 10:32:25.516    66    66 I libnetd_resolv: resolv_init: Initializing resolver
12-13 10:32:25.520   149   149 I livelock: started
12-13 10:32:25.521   149   149 W livelock: [khungtaskd] not configurable
12-13 10:32:25.533   149   149 I livelock: ro.config.low_ram=false
12-13 10:32:25.533   149   149 I livelock: ro.llk.sysrq_t=true
12-13 10:32:25.533   149   149 I livelock: ro.llk.enable=true
12-13 10:32:25.533   149   149 I livelock: ro.khungtask.enable=true
12-13 10:32:25.533   149   149 I livelock: ro.llk.mlockall=true
12-13 10:32:25.533   149   149 I livelock: ro.llk.killtest=true
12-13 10:32:25.533   149   149 I livelock: ro.khungtask.timeout=720s
12-13 10:32:25.533   149   149 I livelock: ro.llk.timeout_ms=600.000s
12-13 10:32:25.533   149   149 I livelock: ro.llk.D.timeout_ms=600.000s
12-13 10:32:25.533   149   149 I livelock: ro.llk.Z.timeout_ms=600.000s
12-13 10:32:25.533   149   149 I livelock: ro.llk.stack.timeout_ms=600.000s
12-13 10:32:25.533   149   149 I livelock: ro.llk.check_ms=120.000s
12-13 10:32:25.533   149   149 I livelock: ro.llk.stack=wait_on_page_bit_killable,bit_wait_io,__get_user_pages,cma_alloc
12-13 10:32:25.533   149   149 I livelock: ro.llk.ignorelist.process.stack=llkd,lmkd.llkd,apexd,ueventd,keystore,init
12-13 10:32:25.533   149   149 I livelock: ro.llk.ignorelist.process=[watchdog/5],[watchdog/3],[watchdog/2],[watchdog/1],[watchdog/6],[watchdogd/0],2,[watchdogd],watchdogd,[watchdog/4],llkd,lmkd,[khungtaskd],[kthreadd],init,[watchdog/7],0,149,1
12-13 10:32:25.533   149   149 I livelock: ro.llk.ignorelist.parent=[kthreadd],2,0,adbd&[setsid]
12-13 10:32:25.533   149   149 I livelock: ro.llk.ignorelist.uid=
12-13 10:32:25.536   143   143 I gatekeeperd: Starting gatekeeperd...
12-13 10:32:25.560    23    23 I hwservicemanager: getTransport: Cannot find entry android.hardware.configstore@1.0::ISurfaceFlingerConfigs/default in either framework or device manifest.
12-13 10:32:25.555     0     0 D logd    : logdr: UID=1036 GID=0 PID=139 b tail=0 logMask=ff pid=0 start=0ns timeout=0ns
12-13 10:32:25.572    65    65 I ServiceManager: Waiting for service 'statscompanion' on '/dev/binder'...
12-13 10:32:25.574    23    23 I hwservicemanager: getTransport: Cannot find entry android.hardware.usb.gadget@1.0::IUsbGadget/default in either framework or device manifest.
12-13 10:32:25.576    89    89 I SurfaceFlinger: Using HWComposer service: 'default'
12-13 10:32:25.578    89    89 I SurfaceFlinger: SurfaceFlinger is starting
12-13 10:32:25.579    23    23 I hwservicemanager: getTransport: Cannot find entry android.hardware.configstore@1.1::ISurfaceFlingerConfigs/default in either framework or device manifest.
12-13 10:32:25.582   144   144 I usbd    : Usb HAL not found
12-13 10:32:25.590    86    86 I FastMixerState: sMaxFastTracks = 8
12-13 10:32:25.591    89    89 I SurfaceFlinger: Disabling blur effects, they are not supported.
12-13 10:32:25.591    89    89 I SurfaceFlinger: Treble testing override: 'false'
12-13 10:32:25.590     0     0 I init    : Service 'usbd' (pid 144) exited with status 0 oneshot service took 0.116000 seconds in background
12-13 10:32:25.590     0     0 I init    : Sending signal 9 to service 'usbd' (pid 144) process group...
12-13 10:32:25.590     0     0 I libprocessgroup: Successfully killed process cgroup uid 0 pid 144 in 0ms
12-13 10:32:25.594    89    89 I SurfaceFlinger: SurfaceFlinger's main thread ready to run. Initializing graphics H/W...
12-13 10:32:25.594    89    89 D RenderEngine: RenderEngine GLES Backend
12-13 10:32:25.610    86    86 V MediaUtils: physMem: 6286368768
12-13 10:32:25.611    86    86 V MediaUtils: requested limit: 536870912
12-13 10:32:25.611    86    86 I libc    : malloc_limit: Allocation limit enabled, max size 536870912 bytes
12-13 10:32:25.612    42    42 D RemoteConnectionManager: createChannel called for Diagnostics
12-13 10:32:25.613    42    42 D librcm  : createChannel called with channel name: Diagnostics
12-13 10:32:25.613    42    42 D windows.services.rcm@1.0-service: SocketClient is acting as a server and waiting for connections on port -866587749
12-13 10:32:25.617    42    42 D windows.services.rcm@1.0-service: SocketClient accepted a connection
12-13 10:32:25.617    42    42 D librcm  : Returning channel Diagnostics
12-13 10:32:25.620   145   145 I diagnostics_service: file watchers successfully initialized
12-13 10:32:25.620    89    89 D libEGL  : loaded /vendor/lib64/egl/libEGL_emulation.so
12-13 10:32:25.621    86    86 I audioserver: ServiceManager: 0x72db1bdeea30
12-13 10:32:25.624    86    86 W BatteryNotifier: batterystats service unavailable!
12-13 10:32:25.627     0     0 I input   : virtual_keyboard as /devices/virtual/input/input0
12-13 10:32:25.632   115   115 V MediaUtils: physMem: 6286368768
12-13 10:32:25.634   115   115 V MediaUtils: requested limit: 1257273740
12-13 10:32:25.634   115   115 I libc    : malloc_limit: Allocation limit enabled, max size 1257273740 bytes
12-13 10:32:25.635    89    89 D libEGL  : loaded /vendor/lib64/egl/libGLESv1_CM_emulation.so
12-13 10:32:25.640   115   115 W mediaextractor: Could not read additional policy file '/vendor/etc/seccomp_policy/mediaextractor.policy'
12-13 10:32:25.640    89    89 D libEGL  : loaded /vendor/lib64/egl/libGLESv2_emulation.so
12-13 10:32:25.641    42    42 D RemoteConnectionManager: createChannel called for UserInputNative
12-13 10:32:25.641    42    42 D librcm  : createChannel called with channel name: UserInputNative
12-13 10:32:25.641    42    42 D windows.services.rcm@1.0-service: SocketClient is acting as a server and waiting for connections on port -866587748
12-13 10:32:25.642   115   115 W mediaextractor: libminijail[115]: failed to get path of fd 4: No such file or directory
12-13 10:32:25.642   115   115 W mediaextractor: libminijail[115]: allowing syscall: socket
12-13 10:32:25.642   115   115 W mediaextractor: libminijail[115]: allowing syscall: connect
12-13 10:32:25.642   115   115 W mediaextractor: libminijail[115]: allowing syscall: fcntl
12-13 10:32:25.642   115   115 W mediaextractor: libminijail[115]: allowing syscall: writev
12-13 10:32:25.643   115   115 W mediaextractor: libminijail[115]: logging seccomp filter failures
12-13 10:32:25.643    42    42 D windows.services.rcm@1.0-service: SocketClient accepted a connection
12-13 10:32:25.643    42    42 D librcm  : Returning channel UserInputNative
12-13 10:32:25.660     0     0 I input   : virtual_touchscreen as /devices/virtual/input/input1
12-13 10:32:25.659    67    67 D AndroidRuntime: >>>>>> START com.android.internal.os.ZygoteInit uid 0 <<<<<<
12-13 10:32:25.659    67    67 I boot_progress_start: 4380
12-13 10:32:25.672    65    65 I ServiceManager: Waiting for service 'statscompanion' on '/dev/binder'...
12-13 10:32:25.674    86    86 I AudioFlinger: Using default 3000 mSec as standby time.
12-13 10:32:25.675   117   141 I ServiceManager: Waiting for service 'package_native' on '/dev/binder'...
12-13 10:32:25.685    86    86 E APM::Serializer: deserialize: Could not parse /odm/etc/audio_policy_configuration.xml document.
12-13 10:32:25.688    89    89 D HostConnection: createUnique: call
12-13 10:32:25.690    89    89 D librcm  : SocketClient connected to host port 22469
12-13 10:32:25.692   119   119 I mediaserver: ServiceManager: 0xf4d00950
12-13 10:32:25.692    68    68 D AndroidRuntime: >>>>>> START com.android.internal.os.ZygoteInit uid 0 <<<<<<
12-13 10:32:25.694   119   119 D mediaserver: Time zone APEX ICU file found: /apex/com.android.tzdata/etc/icu/icu_tzdata.dat
12-13 10:32:25.697   119   119 D mediaserver: I18n APEX ICU file found: /apex/com.android.i18n/etc/icu/icudt66l.dat
12-13 10:32:25.700    67    67 I AndroidRuntime: Using default boot image
12-13 10:32:25.700    67    67 I AndroidRuntime: Leaving lock profiling enabled
12-13 10:32:25.700    89    89 D HostConnection: HostConnection::get() New Host Connection established 0x7ae2771c0f10, tid 89
12-13 10:32:25.703    89    89 D HostConnection: HostComposition ext ANDROID_EMU_host_composition_v1 ANDROID_EMU_host_composition_v2 ANDROID_EMU_virtio_gpu_next ANDROID_EMU_has_shared_slots_host_memory_allocator ANDROID_EMU_sync_buffer_data GL_OES_EGL_image_external_essl3 GL_OES_vertex_array_object GL_KHR_texture_compression_astc_ldr GL_EXT_texture_compression_bptc GL_EXT_texture_compression_s3tc ANDROID_EMU_host_side_tracing ANDROID_EMU_gles_max_version_3_0 
12-13 10:32:25.707    67    67 I zygote64: option[0]=-Xzygote
12-13 10:32:25.707    67    67 I zygote64: option[1]=exit
12-13 10:32:25.707    67    67 I zygote64: option[2]=vfprintf
12-13 10:32:25.707    67    67 I zygote64: option[3]=sensitiveThread
12-13 10:32:25.707    67    67 I zygote64: option[4]=-verbose:gc
12-13 10:32:25.707    67    67 I zygote64: option[5]=-XX:PerfettoHprof=true
12-13 10:32:25.707    67    67 I zygote64: option[6]=-Xprimaryzygote
12-13 10:32:25.707    67    67 I zygote64: option[7]=-Xms16m
12-13 10:32:25.707    67    67 I zygote64: option[8]=-Xmx512m
12-13 10:32:25.707    67    67 I zygote64: option[9]=-XX:HeapGrowthLimit=192m
12-13 10:32:25.707    67    67 I zygote64: option[10]=-XX:HeapMinFree=512k
12-13 10:32:25.707    67    67 I zygote64: option[11]=-XX:HeapMaxFree=8m
12-13 10:32:25.707    67    67 I zygote64: option[12]=-XX:HeapTargetUtilization=0.75
12-13 10:32:25.707    67    67 I zygote64: option[13]=-Xusejit:true
12-13 10:32:25.707    67    67 I zygote64: option[14]=-Xjitsaveprofilinginfo
12-13 10:32:25.707    67    67 I zygote64: option[15]=-XjdwpOptions:suspend=n,server=y
12-13 10:32:25.707    67    67 I zygote64: option[16]=-XjdwpProvider:default
12-13 10:32:25.708    67    67 I zygote64: option[17]=-Xopaque-jni-ids:swapable
12-13 10:32:25.708    67    67 I zygote64: option[18]=-Xlockprofthreshold:500
12-13 10:32:25.708    67    67 I zygote64: option[19]=-Xcompiler-option
12-13 10:32:25.708    67    67 I zygote64: option[20]=--instruction-set-variant=x86_64
12-13 10:32:25.708    67    67 I zygote64: option[21]=-Xcompiler-option
12-13 10:32:25.708    67    67 I zygote64: option[22]=--instruction-set-features=default
12-13 10:32:25.708    67    67 I zygote64: option[23]=-Xcompiler-option
12-13 10:32:25.708    67    67 I zygote64: option[24]=--generate-mini-debug-info
12-13 10:32:25.708    67    67 I zygote64: option[25]=-Ximage-compiler-option
12-13 10:32:25.708    67    67 I zygote64: option[26]=--runtime-arg
12-13 10:32:25.708    67    67 I zygote64: option[27]=-Ximage-compiler-option
12-13 10:32:25.708    67    67 I zygote64: option[28]=-Xms64m
12-13 10:32:25.708    67    67 I zygote64: option[29]=-Ximage-compiler-option
12-13 10:32:25.708    67    67 I zygote64: option[30]=--runtime-arg
12-13 10:32:25.708   119   119 W BatteryNotifier: batterystats service unavailable!
12-13 10:32:25.708    67    67 I zygote64: option[31]=-Ximage-compiler-option
12-13 10:32:25.708    67    67 I zygote64: option[32]=-Xmx64m
12-13 10:32:25.708    67    67 I zygote64: option[33]=-Ximage-compiler-option
12-13 10:32:25.708    67    67 I zygote64: option[34]=--dirty-image-objects=/system/etc/dirty-image-objects
12-13 10:32:25.708    67    67 I zygote64: option[35]=-Ximage-compiler-option
12-13 10:32:25.708    67    67 I zygote64: option[36]=--instruction-set-variant=x86_64
12-13 10:32:25.708    67    67 I zygote64: option[37]=-Ximage-compiler-option
12-13 10:32:25.708    67    67 I zygote64: option[38]=--instruction-set-features=default
12-13 10:32:25.708    86    86 D APM_EngineLoader: Loaded engine from libaudiopolicyenginedefault.so
12-13 10:32:25.708    67    67 I zygote64: option[39]=-Ximage-compiler-option
12-13 10:32:25.708    67    67 I zygote64: option[40]=--generate-mini-debug-info
12-13 10:32:25.708    67    67 I zygote64: option[41]=-Duser.locale=en-US
12-13 10:32:25.708    67    67 I zygote64: option[42]=-XX:NativeBridge=libhoudini.so
12-13 10:32:25.708    67    67 I zygote64: option[43]=--cpu-abilist=x86_64,arm64-v8a
12-13 10:32:25.708    67    67 I zygote64: option[44]=-Xcore-platform-api-policy:just-warn
12-13 10:32:25.708    67    67 I zygote64: option[45]=-Xfingerprint:Windows/windows_x86_64/windows_x86_64:11/RD2A.211001.002/eng.latteu.20211023.051150:userdebug/test-keys
12-13 10:32:25.709    86    86 E APM::AudioPolicyEngine/Config: parse: Could not parse document /vendor/etc/audio_policy_engine_configuration.xml
12-13 10:32:25.709    86    86 E libxml2 : I/O warning : failed to load external entity "/vendor/etc/audio_policy_engine_configuration.xml"
12-13 10:32:25.709    86    86 W APM::AudioPolicyEngine/Base: loadAudioPolicyEngineConfig: No configuration found, using default matching phone experience.
12-13 10:32:25.709    86    86 E APM::AudioPolicyEngine/Config: parseLegacyVolumeFile: Could not parse document /odm/etc/audio_policy_configuration.xml
12-13 10:32:25.709    86    86 E libxml2 : I/O warning : failed to load external entity "/odm/etc/audio_policy_configuration.xml"
12-13 10:32:25.710   119   119 W BatteryNotifier: batterystats service unavailable!
12-13 10:32:25.710    89    89 I RenderEngine: EGL information:
12-13 10:32:25.710    89    89 I RenderEngine: vendor    : Android
12-13 10:32:25.710    89    89 I RenderEngine: version   : 1.4 Android META-EGL
12-13 10:32:25.710    89    89 I RenderEngine: extensions: EGL_KHR_get_all_proc_addresses EGL_ANDROID_presentation_time EGL_KHR_swap_buffers_with_damage EGL_ANDROID_get_native_client_buffer EGL_ANDROID_front_buffer_auto_refresh EGL_ANDROID_get_frame_timestamps EGL_EXT_surface_SMPTE2086_metadata EGL_EXT_surface_CTA861_3_metadata EGL_KHR_image EGL_KHR_image_base EGL_KHR_gl_texture_2D_image EGL_KHR_fence_sync EGL_KHR_create_context EGL_ANDROID_image_native_buffer EGL_ANDROID_recordable 
12-13 10:32:25.710    89    89 I RenderEngine: Client API: OpenGL_ES
12-13 10:32:25.710    89    89 I RenderEngine: EGLSurface: 8-8-8-8, config=0xd
12-13 10:32:25.711   107   107 I cameraserver: ServiceManager: 0xe95409b0
12-13 10:32:25.712   107   107 I CameraService: CameraService started (pid=107)
12-13 10:32:25.712   107   107 I CameraService: CameraService process starting
12-13 10:32:25.713   107   107 W BatteryNotifier: batterystats service unavailable!
12-13 10:32:25.713    89    89 E EGL_emulation: eglCreateContext: 0x7ae2771c24d0: maj 3 min 0 rcv 3
12-13 10:32:25.713   107   107 W BatteryNotifier: batterystats service unavailable!
12-13 10:32:25.715   115   115 E MediaExtractorFactory: couldn't opendir(/system/lib64/extractors)
12-13 10:32:25.715   115   115 E MediaExtractorFactory: couldn't opendir(/system_ext/lib64/extractors)
12-13 10:32:25.719    86    86 W APM::AudioPolicyEngine/Base: loadAudioPolicyEngineConfig: No configuration of AUDIO_STREAM_CALL_ASSISTANT found, using default volume configuration
12-13 10:32:25.722    89    89 D EGL_emulation: eglMakeCurrent: 0x7ae2771c24d0: ver 3 0 (tinfo 0x7ae3f94cc080) (first time)
12-13 10:32:25.732    23    23 I hwservicemanager: Since android.hardware.camera.provider@2.4::ICameraProvider/legacy/0 is not registered, trying to start it as a lazy HAL.
12-13 10:32:25.732   107   107 E CameraProviderManager: addProviderLocked: Camera provider HAL 'legacy/0' is not actually available
12-13 10:32:25.734   107   107 I cameraserver: Waiting for activity service
12-13 10:32:25.734   123   123 I ServiceManager: Waiting for service 'package_native' on '/dev/binder'...
12-13 10:32:25.735    68    68 I AndroidRuntime: Using default boot image
12-13 10:32:25.735    68    68 I AndroidRuntime: Leaving lock profiling enabled
12-13 10:32:25.737   138   138 I android.hardware.media.omx@1.0-service: mediacodecservice starting
12-13 10:32:25.739    67    67 I zygote64: Core platform API reporting enabled, enforcing=false
12-13 10:32:25.737     0     0 I init    : starting service 'windows-camera-hal'...
12-13 10:32:25.740     0     0 I init    : Control message: Processed ctl.interface_start for 'android.hardware.camera.provider@2.4::ICameraProvider/legacy/0' from pid: 23 (/system/bin/hwservicemanager)
12-13 10:32:25.741   138   138 W android.hardware.media.omx@1.0-service: Could not read additional policy file '/vendor/etc/seccomp_policy/mediacodec.policy'
12-13 10:32:25.743   140   140 I mediaswcodec: media swcodec service starting
12-13 10:32:25.744    68    68 I zygote  : option[0]=-Xzygote
12-13 10:32:25.744    68    68 I zygote  : option[1]=exit
12-13 10:32:25.744    68    68 I zygote  : option[2]=vfprintf
12-13 10:32:25.744    68    68 I zygote  : option[3]=sensitiveThread
12-13 10:32:25.744    68    68 I zygote  : option[4]=-verbose:gc
12-13 10:32:25.744    68    68 I zygote  : option[5]=-XX:PerfettoHprof=true
12-13 10:32:25.744    68    68 I zygote  : option[6]=-Xms16m
12-13 10:32:25.744    68    68 I zygote  : option[7]=-Xmx512m
12-13 10:32:25.744    68    68 I zygote  : option[8]=-XX:HeapGrowthLimit=192m
12-13 10:32:25.744    68    68 I zygote  : option[9]=-XX:HeapMinFree=512k
12-13 10:32:25.744    68    68 I zygote  : option[10]=-XX:HeapMaxFree=8m
12-13 10:32:25.744    68    68 I zygote  : option[11]=-XX:HeapTargetUtilization=0.75
12-13 10:32:25.744   140   140 W mediaswcodec: Could not read additional policy file '/vendor/etc/seccomp_policy/mediaswcodec.policy'
12-13 10:32:25.744    68    68 I zygote  : option[12]=-Xusejit:true
12-13 10:32:25.744    68    68 I zygote  : option[13]=-Xjitsaveprofilinginfo
12-13 10:32:25.744    68    68 I zygote  : option[14]=-XjdwpOptions:suspend=n,server=y
12-13 10:32:25.744    68    68 I zygote  : option[15]=-XjdwpProvider:default
12-13 10:32:25.744    68    68 I zygote  : option[16]=-Xopaque-jni-ids:swapable
12-13 10:32:25.744    68    68 I zygote  : option[17]=-Xlockprofthreshold:500
12-13 10:32:25.744    68    68 I zygote  : option[18]=-Xcompiler-option
12-13 10:32:25.744    68    68 I zygote  : option[19]=--instruction-set-variant=x86_64
12-13 10:32:25.744    68    68 I zygote  : option[20]=-Xcompiler-option
12-13 10:32:25.744    68    68 I zygote  : option[21]=--instruction-set-features=default
12-13 10:32:25.744    68    68 I zygote  : option[22]=-Xcompiler-option
12-13 10:32:25.744    68    68 I zygote  : option[23]=--generate-mini-debug-info
12-13 10:32:25.744    68    68 I zygote  : option[24]=-Ximage-compiler-option
12-13 10:32:25.745    68    68 I zygote  : option[25]=--runtime-arg
12-13 10:32:25.745    68    68 I zygote  : option[26]=-Ximage-compiler-option
12-13 10:32:25.745    68    68 I zygote  : option[27]=-Xms64m
12-13 10:32:25.745    68    68 I zygote  : option[28]=-Ximage-compiler-option
12-13 10:32:25.745   138   138 W android.hardware.media.omx@1.0-service: libminijail[138]: failed to get path of fd 4: No such file or directory
12-13 10:32:25.745   138   138 W android.hardware.media.omx@1.0-service: libminijail[138]: allowing syscall: socketcall
12-13 10:32:25.746   138   138 W android.hardware.media.omx@1.0-service: libminijail[138]: allowing syscall: writev
12-13 10:32:25.746   140   140 W mediaswcodec: libminijail[140]: failed to get path of fd 4: No such file or directory
12-13 10:32:25.746   138   138 W android.hardware.media.omx@1.0-service: libminijail[138]: allowing syscall: fcntl64
12-13 10:32:25.746   138   138 W android.hardware.media.omx@1.0-service: libminijail[138]: allowing syscall: clock_gettime
12-13 10:32:25.746   138   138 W android.hardware.media.omx@1.0-service: libminijail[138]: compile_file: <fd>(34): nonexistent syscall 'newfstatat'
12-13 10:32:25.746    68    68 I zygote  : option[29]=--runtime-arg
12-13 10:32:25.747    68    68 I zygote  : option[30]=-Ximage-compiler-option
12-13 10:32:25.747    68    68 I zygote  : option[31]=-Xmx64m
12-13 10:32:25.747    68    68 I zygote  : option[32]=-Ximage-compiler-option
12-13 10:32:25.745     0     0 W libprocessgroup: Failed to open /dev/cpuset/camera-daemon/tasks: No such file or directory: No such file or directory
12-13 10:32:25.747   140   140 W mediaswcodec: libminijail[140]: allowing syscall: socket
12-13 10:32:25.747    68    68 I zygote  : option[33]=--dirty-image-objects=/system/etc/dirty-image-objects
12-13 10:32:25.747    68    68 I zygote  : option[34]=-Ximage-compiler-option
12-13 10:32:25.747    68    68 I zygote  : option[35]=--instruction-set-variant=x86_64
12-13 10:32:25.747    68    68 I zygote  : option[36]=-Ximage-compiler-option
12-13 10:32:25.747    68    68 I zygote  : option[37]=--instruction-set-features=default
12-13 10:32:25.747    68    68 I zygote  : option[38]=-Ximage-compiler-option
12-13 10:32:25.747    68    68 I zygote  : option[39]=--generate-mini-debug-info
12-13 10:32:25.747    68    68 I zygote  : option[40]=-Duser.locale=en-US
12-13 10:32:25.747    68    68 I zygote  : option[41]=-XX:NativeBridge=libhoudini.so
12-13 10:32:25.747    68    68 I zygote  : option[42]=--cpu-abilist=x86,armeabi-v7a,armeabi
12-13 10:32:25.747    68    68 I zygote  : option[43]=-Xcore-platform-api-policy:just-warn
12-13 10:32:25.747    68    68 I zygote  : option[44]=-Xfingerprint:Windows/windows_x86_64/windows_x86_64:11/RD2A.211001.002/eng.latteu.20211023.051150:userdebug/test-keys
12-13 10:32:25.747   140   140 W mediaswcodec: libminijail[140]: allowing syscall: connect
12-13 10:32:25.747   140   140 W mediaswcodec: libminijail[140]: allowing syscall: fcntl
12-13 10:32:25.747   140   140 W mediaswcodec: libminijail[140]: allowing syscall: writev
12-13 10:32:25.747   140   140 W mediaswcodec: libminijail[140]: compile_file: <fd>(20): nonexistent syscall 'getuid32'
12-13 10:32:25.747   138   138 W android.hardware.media.omx@1.0-service: libminijail[138]: logging seccomp filter failures
12-13 10:32:25.747   140   140 W mediaswcodec: libminijail[140]: compile_file: <fd>(26): nonexistent syscall 'mmap2'
12-13 10:32:25.747   140   140 W mediaswcodec: libminijail[140]: compile_file: <fd>(28): nonexistent syscall 'fstat64'
12-13 10:32:25.747   140   140 W mediaswcodec: libminijail[140]: compile_file: <fd>(30): nonexistent syscall 'stat64'
12-13 10:32:25.747   140   140 W mediaswcodec: libminijail[140]: compile_file: <fd>(31): nonexistent syscall 'statfs64'
12-13 10:32:25.747   140   140 W mediaswcodec: libminijail[140]: compile_file: <fd>(33): nonexistent syscall 'fstatat64'
12-13 10:32:25.747   140   140 W mediaswcodec: libminijail[140]: compile_file: <fd>(38): nonexistent syscall '_llseek'
12-13 10:32:25.747   140   140 W mediaswcodec: libminijail[140]: compile_file: <fd>(47): nonexistent syscall 'ugetrlimit'
12-13 10:32:25.747   140   140 W mediaswcodec: libminijail[140]: compile_file: <fd>(50): nonexistent syscall '_llseek'
12-13 10:32:25.747   140   140 W mediaswcodec: libminijail[140]: compile_file: <fd>(51): nonexistent syscall 'fstatfs64'
12-13 10:32:25.747   140   140 W mediaswcodec: libminijail[140]: compile_file: <fd>(63): nonexistent syscall 'ftruncate64'
12-13 10:32:25.748   140   140 W mediaswcodec: libminijail[140]: logging seccomp filter failures
12-13 10:32:25.755   138   138 D GoldfishOMXPlugin: called createOMXPlugin for Goldfish
12-13 10:32:25.755   138   138 D GoldfishOMXPlugin: useOmxCodecs 54 found prop debug.stagefright.ccodec val 0
12-13 10:32:25.755   138   138 D GoldfishOMXPlugin: useAndroidGoldfishComponentInstance 96 found prop debug.latte.hwcodec.avcdec val 2
12-13 10:32:25.755   138   138 D GoldfishOMXPlugin: found and use kComponents[i].name OMX.android.goldfish.h264.decoder
12-13 10:32:25.755   138   138 D GoldfishOMXPlugin: enumerate OMX.android.goldfish.h264.decoder component
12-13 10:32:25.757   140   140 I CodecServiceRegistrant: Creating software Codec2 service...
12-13 10:32:25.757    23    23 I hwservicemanager: getTransport: Cannot find entry android.hardware.graphics.mapper@4.0::IMapper/default in either framework or device manifest.
12-13 10:32:25.758   138   138 I SoftOMXPlugin: createOMXPlugin
12-13 10:32:25.747     0     0 W libprocessgroup: Failed to apply CameraServiceCapacity task profile: No such file or directory
12-13 10:32:25.748     0     0 W libprocessgroup: Failed to open /dev/stune/top-app/tasks: No such file or directory: No such file or directory
12-13 10:32:25.750     0     0 W libprocessgroup: Failed to apply MaxPerformance task profile: No such file or directory
12-13 10:32:25.758    89    89 I Gralloc4: mapper 4.x is not supported
12-13 10:32:25.758   138   138 D MediaCodecsXmlParser: parsing /vendor/etc/media_codecs.xml...
12-13 10:32:25.759    23    23 I hwservicemanager: getTransport: Cannot find entry android.hardware.graphics.mapper@3.0::IMapper/default in either framework or device manifest.
12-13 10:32:25.759    89    89 W Gralloc3: mapper 3.x is not supported
12-13 10:32:25.761   140   140 D C2Store : Default ION heapmask = -1
12-13 10:32:25.761   140   140 D C2Store : Default ION flags = 0
12-13 10:32:25.761   140   140 D C2Store : Default ION align = 0
12-13 10:32:25.761   138   138 D MediaCodecsXmlParser: parsing /vendor/etc/media_codecs_google_audio.xml...
12-13 10:32:25.762   138   138 D MediaCodecsXmlParser: parsing /vendor/etc/media_codecs_google_telephony.xml...
12-13 10:32:25.762   138   138 D MediaCodecsXmlParser: parsing /vendor/etc/media_codecs_google_video.xml...
12-13 10:32:25.763    89    89 D HostConnection: createUnique: call
12-13 10:32:25.763   138   138 D MediaCodecsXmlParser: parsing /vendor/etc/media_codecs_performance.xml...
12-13 10:32:25.764    89    89 D librcm  : SocketClient connected to host port 22469
12-13 10:32:25.765   138   138 D MediaCodecsXmlParser: Cannot find /data/misc/media/media_codecs_profiling_results.xml
12-13 10:32:25.766    74    74 I AudioHAL: Opening audio device audio_hw_if
12-13 10:32:25.767   140   140 I HidlServiceManagement: Registered android.hardware.media.c2@1.1::IComponentStore/software
12-13 10:32:25.767    74    74 I AudioHAL: Audio device initialized and opened.
12-13 10:32:25.768   138   138 I HidlServiceManagement: Registered android.hardware.media.omx@1.0::IOmx/default
12-13 10:32:25.768   138   138 I HidlServiceManagement: Removing namespace from process name android.hardware.media.omx@1.0-service to omx@1.0-service.
12-13 10:32:25.768   138   138 I android.hardware.media.omx@1.0-service: IOmx HAL service created.
12-13 10:32:25.768   138   138 D MediaCodecsXmlParser: parsing /vendor/etc/media_codecs.xml...
12-13 10:32:25.769   138   138 D MediaCodecsXmlParser: parsing /vendor/etc/media_codecs_google_audio.xml...
12-13 10:32:25.769   138   138 D MediaCodecsXmlParser: parsing /vendor/etc/media_codecs_google_telephony.xml...
12-13 10:32:25.769   138   138 D MediaCodecsXmlParser: parsing /vendor/etc/media_codecs_google_video.xml...
12-13 10:32:25.769    23    23 I hwservicemanager: getTransport: Cannot find entry android.hardware.media.c2@1.0::IComponentStore/default in either framework or device manifest.
12-13 10:32:25.769   138   138 D MediaCodecsXmlParser: parsing /vendor/etc/media_codecs_performance.xml...
12-13 10:32:25.770   140   140 I CodecServiceRegistrant: Preferred Codec2 store is defaulted to "software".
12-13 10:32:25.770   140   140 I CodecServiceRegistrant: Software Codec2 service created and registered.
12-13 10:32:25.770   138   138 D MediaCodecsXmlParser: Cannot find /data/misc/media/media_codecs_profiling_results.xml
12-13 10:32:25.772   138   138 I HidlServiceManagement: Registered android.hardware.media.omx@1.0::IOmxStore/default
12-13 10:32:25.772   138   138 I HidlServiceManagement: Removing namespace from process name android.hardware.media.omx@1.0-service to omx@1.0-service.
12-13 10:32:25.773    65    65 I ServiceManager: Waiting for service 'statscompanion' on '/dev/binder'...
12-13 10:32:25.775    89    89 D HostConnection: HostConnection::get() New Host Connection established 0x7ae2771c1450, tid 89
