12-13 10:32:23.491     0     0 I init    : Parsing file /system/etc/init/credstore.rc...
12-13 10:32:23.491     0     0 I init    : Parsing file /system/etc/init/drmserver.rc...
12-13 10:32:23.491     0     0 I init    : Parsing file /system/etc/init/dumpstate.rc...
12-13 10:32:23.491     0     0 I init    : Parsing file /system/etc/init/flags_health_check.rc...
12-13 10:32:23.491     0     0 I init    : Parsing file /system/etc/init/gatekeeperd.rc...
12-13 10:32:23.491     0     0 I init    : Parsing file /system/etc/init/gpuservice.rc...
12-13 10:32:23.491     0     0 I init    : Parsing file /system/etc/init/gsid.rc...
12-13 10:32:23.491     0     0 I init    : Parsing file /system/etc/init/heapprofd.rc...
12-13 10:32:23.491     0     0 W init    : last valid run-time capability is larger than CAP_LAST_CAP
12-13 10:32:23.492     0     0 I init    : Parsing file /system/etc/init/hwservicemanager.rc...
12-13 10:32:23.492     0     0 I init    : Parsing file /system/etc/init/idmap2d.rc...
12-13 10:32:23.492     0     0 I init    : Parsing file /system/etc/init/incidentd.rc...
12-13 10:32:23.492     0     0 W init    : last valid run-time capability is larger than CAP_LAST_CAP
12-13 10:32:23.493     0     0 I init    : Parsing file /system/etc/init/init-debug.rc...
12-13 10:32:23.493     0     0 I init    : Parsing file /system/etc/init/installd.rc...
12-13 10:32:23.493     0     0 I init    : Parsing file /system/etc/init/iorapd.rc...
12-13 10:32:23.493     0     0 W init    : last valid run-time capability is larger than CAP_LAST_CAP
12-13 10:32:23.494     0     0 I init    : Parsing file /system/etc/init/keystore.rc...
12-13 10:32:23.494     0     0 I init    : Parsing file /system/etc/init/llkd-debuggable.rc...
12-13 10:32:23.494     0     0 W init    : last valid run-time capability is larger than CAP_LAST_CAP
12-13 10:32:23.495     0     0 I init    : Parsing file /system/etc/init/llkd.rc...
12-13 10:32:23.495     0     0 W init    : last valid run-time capability is larger than CAP_LAST_CAP
12-13 10:32:23.496     0     0 I init    : Parsing file /system/etc/init/lmkd.rc...
12-13 10:32:23.496     0     0 W init    : last valid run-time capability is larger than CAP_LAST_CAP
12-13 10:32:23.497     0     0 I init    : Parsing file /system/etc/init/logcatd.rc...
12-13 10:32:23.497     0     0 I init    : Parsing file /system/etc/init/logd.rc...
12-13 10:32:23.497     0     0 W init    : last valid run-time capability is larger than CAP_LAST_CAP
12-13 10:32:23.498     0     0 W init    : last valid run-time capability is larger than CAP_LAST_CAP
12-13 10:32:23.499     0     0 I init    : Parsing file /system/etc/init/logtagd.rc...
12-13 10:32:23.499     0     0 I init    : Parsing file /system/etc/init/lpdumpd.rc...
12-13 10:32:23.499     0     0 I init    : Parsing file /system/etc/init/mdnsd.rc...
12-13 10:32:23.499     0     0 I init    : Parsing file /system/etc/init/mediaextractor.rc...
12-13 10:32:23.499     0     0 I init    : Parsing file /system/etc/init/mediametrics.rc...
12-13 10:32:23.499     0     0 I init    : Parsing file /system/etc/init/mediaserver.rc...
12-13 10:32:23.499     0     0 I init    : Parsing file /system/etc/init/mtpd.rc...
12-13 10:32:23.499     0     0 W init    : last valid run-time capability is larger than CAP_LAST_CAP
12-13 10:32:23.500     0     0 I init    : Parsing file /system/etc/init/netd.rc...
12-13 10:32:23.500     0     0 W init    : last valid run-time capability is larger than CAP_LAST_CAP
12-13 10:32:23.501     0     0 I init    : Parsing file /system/etc/init/perfetto.rc...
12-13 10:32:23.501     0     0 W init    : last valid run-time capability is larger than CAP_LAST_CAP
12-13 10:32:23.501     0     0 I init    : Parsing file /system/etc/init/racoon.rc...
12-13 10:32:23.501     0     0 W init    : last valid run-time capability is larger than CAP_LAST_CAP
12-13 10:32:23.502     0     0 I init    : Parsing file /system/etc/init/recovery-persist.rc...
12-13 10:32:23.502     0     0 I init    : Parsing file /system/etc/init/rss_hwm_reset.rc...
12-13 10:32:23.502     0     0 W init    : last valid run-time capability is larger than CAP_LAST_CAP
12-13 10:32:23.503     0     0 I init    : Parsing file /system/etc/init/servicemanager.rc...
12-13 10:32:23.503     0     0 I init    : Parsing file /system/etc/init/storaged.rc...
12-13 10:32:23.503     0     0 W init    : last valid run-time capability is larger than CAP_LAST_CAP
12-13 10:32:23.504     0     0 I init    : Parsing file /system/etc/init/surfaceflinger.rc...
12-13 10:32:23.504     0     0 W init    : last valid run-time capability is larger than CAP_LAST_CAP
12-13 10:32:23.505     0     0 I init    : Parsing file /system/etc/init/tombstoned.rc...
12-13 10:32:23.505     0     0 I init    : Parsing file /system/etc/init/traced_perf.rc...
12-13 10:32:23.505     0     0 W init    : last valid run-time capability is larger than CAP_LAST_CAP
12-13 10:32:23.506   188   188 I auditd  : type=1400 audit(0.0:4): avc: denied { perfmon } for comm="init" capability=38 scontext=u:r:init:s0 tcontext=u:r:init:s0 tclass=capability2 permissive=0
12-13 10:32:23.506   188   188 W init    : type=1400 audit(0.0:4): avc: denied { perfmon } for capability=38 scontext=u:r:init:s0 tcontext=u:r:init:s0 tclass=capability2 permissive=0
12-13 10:32:23.506     0     0 I init    : Parsing file /system/etc/init/traceur.rc...
12-13 10:32:23.506     0     0 I init    : Parsing file /system/etc/init/uncrypt.rc...
12-13 10:32:23.506     0     0 I init    : Parsing file /system/etc/init/usbd.rc...
12-13 10:32:23.506     0     0 I init    : Parsing file /system/etc/init/vdc.rc...
12-13 10:32:23.506     0     0 I init    : Parsing file /system/etc/init/vold.rc...
12-13 10:32:23.506     0     0 I init    : Parsing file /system/etc/init/wait_for_keymaster.rc...
12-13 10:32:23.507     0     0 I init    : Parsing file /system/etc/init/wifi.rc...
12-13 10:32:23.507     0     0 I init    : Parsing file /system/etc/init/wificond.rc...
12-13 10:32:23.507     0     0 W init    : last valid run-time capability is larger than CAP_LAST_CAP
12-13 10:32:23.507     0     0 I init    : Parsing file /system_ext/etc/init...
12-13 10:32:23.507     0     0 I init    : Unable to read config file '/system_ext/etc/init': open() failed: No such file or directory
12-13 10:32:23.507     0     0 I init    : Parsing directory /product/etc/init...
12-13 10:32:23.507     0     0 I init    : Parsing file /product/etc/init/diagnostics_service.rc...
12-13 10:32:23.508     0     0 I init    : Parsing file /product/etc/init/windows.services.rcm@1.0-service.rc...
12-13 10:32:23.508     0     0 W init    : last valid run-time capability is larger than CAP_LAST_CAP
12-13 10:32:23.508     0     0 I init    : Parsing file /odm/etc/init...
12-13 10:32:23.508     0     0 I init    : Unable to read config file '/odm/etc/init': open() failed: No such file or directory
12-13 10:32:23.508     0     0 I init    : Parsing directory /vendor/etc/init...
12-13 10:32:23.508     0     0 I init    : Parsing file /vendor/etc/init/android.hardware.audio.service.rc...
12-13 10:32:23.508     0     0 W init    : last valid run-time capability is larger than CAP_LAST_CAP
12-13 10:32:23.509     0     0 I init    : Parsing file /vendor/etc/init/android.hardware.cas@1.2-service.rc...
12-13 10:32:23.509     0     0 I init    : Parsing file /vendor/etc/init/android.hardware.drm@1.3-service.clearkey.rc...
12-13 10:32:23.509     0     0 I init    : Parsing file /vendor/etc/init/android.hardware.gatekeeper@1.0-service.software.rc...
12-13 10:32:23.509     0     0 I init    : Parsing file /vendor/etc/init/android.hardware.graphics.allocator@2.0-service.rc...
12-13 10:32:23.509     0     0 W init    : last valid run-time capability is larger than CAP_LAST_CAP
12-13 10:32:23.510     0     0 I init    : Parsing file /vendor/etc/init/android.hardware.health@2.1-service.rc...
12-13 10:32:23.510     0     0 W init    : last valid run-time capability is larger than CAP_LAST_CAP
12-13 10:32:23.511     0     0 I init    : Parsing file /vendor/etc/init/android.hardware.keymaster@4.1-service.rc...
12-13 10:32:23.511     0     0 I init    : Parsing file /vendor/etc/init/android.hardware.media.omx@1.0-service.rc...
12-13 10:32:23.511     0     0 I init    : Parsing file /vendor/etc/init/boringssl_self_test.rc...
12-13 10:32:23.511     0     0 I init    : Parsing file /vendor/etc/init/camera-service.windows.rc...
12-13 10:32:23.512     0     0 W init    : last valid run-time capability is larger than CAP_LAST_CAP
12-13 10:32:23.512     0     0 I init    : Parsing file /vendor/etc/init/gnss-service.windows.rc...
12-13 10:32:23.512     0     0 I init    : Parsing file /vendor/etc/init/hwcomposer-service.windows.rc...
12-13 10:32:23.512     0     0 W init    : last valid run-time capability is larger than CAP_LAST_CAP
12-13 10:32:23.513     0     0 I init    : Parsing file /vendor/etc/init/init.windows_x86_64.rc...
12-13 10:32:23.513     0     0 I init    : Added 'logcat.windows.rc' to import list
12-13 10:32:23.513     0     0 I init    : Parsing file logcat.windows.rc...
12-13 10:32:23.513     0     0 I init    : Unable to read config file 'logcat.windows.rc': open() failed: No such file or directory
12-13 10:32:23.513     0     0 I init    : Parsing file /vendor/etc/init/inputsvc.rc...
12-13 10:32:23.513     0     0 I init    : Parsing file /vendor/etc/init/logcat.windows.rc...
12-13 10:32:23.513     0     0 I init    : Parsing file /vendor/etc/init/power-service.windows.rc...
12-13 10:32:23.514     0     0 I init    : Parsing file /vendor/etc/init/vendor_flash_recovery.rc...
12-13 10:32:23.514     0     0 I init    : Parsing file /vendor/etc/init/wait_for_rcm.rc...
12-13 10:32:23.514     0     0 I init    : processing action (SetupCgroups) from (<Builtin Action>:0)
12-13 10:32:23.516     0     0 E libprocessgroup: restored ownership for cgroup2 cgroup
12-13 10:32:23.517     0     0 E cgroup  : Unknown subsys name 'schedtune'
12-13 10:32:23.518     0     0 E libprocessgroup: Failed to mount schedtune cgroup: Invalid argument
12-13 10:32:23.518     0     0 W libprocessgroup: Failed to setup schedtune cgroup
12-13 10:32:23.520     0     0 I init    : processing action (SetKptrRestrict) from (<Builtin Action>:0)
12-13 10:32:23.521     0     0 I init    : processing action (TestPerfEventSelinux) from (<Builtin Action>:0)
12-13 10:32:23.521     0     0 I init    : processing action (early-init) from (/system/etc/init/hw/init.rc:15)
12-13 10:32:23.525     0     0 I init    : starting service 'exec 1 (/system/bin/linkerconfig --target /linkerconfig/bootstrap)'...
12-13 10:32:23.526     0     0 I init    : SVC_EXEC service 'exec 1 (/system/bin/linkerconfig --target /linkerconfig/bootstrap)' pid 4 (uid 0 gid 0+0 context default) started; waiting...
12-13 10:32:23.541     0     0 I         : linkerconfig (195) used greatest stack depth: 13040 bytes left
12-13 10:32:23.541     0     0 I init    : Service 'exec 1 (/system/bin/linkerconfig --target /linkerconfig/bootstrap)' (pid 4) exited with status 0 waiting took 0.015000 seconds
12-13 10:32:23.541     0     0 I init    : Sending signal 9 to service 'exec 1 (/system/bin/linkerconfig --target /linkerconfig/bootstrap)' (pid 4) process group...
12-13 10:32:23.541     0     0 I libprocessgroup: Successfully killed process cgroup uid 0 pid 4 in 0ms
12-13 10:32:23.542     0     0 I init    : starting service 'ueventd'...
12-13 10:32:23.544     0     0 I init    : starting service 'apexd-bootstrap'...
12-13 10:32:23.545     0     0 I init    : SVC_EXEC service 'apexd-bootstrap' pid 6 (uid 0 gid 1000+0 context default) started; waiting...
12-13 10:32:23.555     0     0 I ueventd : ueventd started!
12-13 10:32:23.556     0     0 I selinux : SELinux: Loaded file_contexts
12-13 10:32:23.556     0     0 I selinux :  
12-13 10:32:23.556     0     0 I ueventd : Parsing file /system/etc/ueventd.rc...
12-13 10:32:23.557     0     0 I ueventd : Parsing file /vendor/ueventd.rc...
12-13 10:32:23.557     0     0 I ueventd : Parsing file /odm/ueventd.rc...
12-13 10:32:23.557     0     0 I ueventd : Unable to read config file '/odm/ueventd.rc': open() failed: No such file or directory
12-13 10:32:23.557     0     0 I ueventd : Parsing file /ueventd.windows_x86_64.rc...
12-13 10:32:23.557     0     0 I ueventd : Unable to read config file '/ueventd.windows_x86_64.rc': open() failed: No such file or directory
12-13 10:32:23.595     0     0 I ueventd : Coldboot took 0.036 seconds
12-13 10:32:23.596     0     0 I apexd   : This device does not support updatable APEX. Exiting
12-13 10:32:23.597     0     0 I init    : Service 'apexd-bootstrap' (pid 6) exited with status 0 waiting took 0.053000 seconds
12-13 10:32:23.597     0     0 I init    : Sending signal 9 to service 'apexd-bootstrap' (pid 6) process group...
12-13 10:32:23.597     0     0 I libprocessgroup: Successfully killed process cgroup uid 0 pid 6 in 0ms
12-13 10:32:23.599     0     0 I init    : processing action (ro.product.cpu.abilist32=* && early-init) from (/system/etc/init/hw/init.rc:85)
12-13 10:32:23.599     0     0 I init    : starting service 'boringssl_self_test32'...
12-13 10:32:23.600     0     0 I init    : SVC_EXEC service 'boringssl_self_test32' pid 16 (uid 0 gid 0+0 context default) started; waiting...
12-13 10:32:23.649     0     0 I init    : Service 'boringssl_self_test32' (pid 16) exited with status 0 waiting took 0.050000 seconds
12-13 10:32:23.649     0     0 I init    : Sending signal 9 to service 'boringssl_self_test32' (pid 16) process group...
12-13 10:32:23.649     0     0 I libprocessgroup: Successfully killed process cgroup uid 0 pid 16 in 0ms
12-13 10:32:23.650     0     0 I init    : processing action (ro.product.cpu.abilist64=* && early-init) from (/system/etc/init/hw/init.rc:87)
12-13 10:32:23.650     0     0 I init    : starting service 'boringssl_self_test64'...
12-13 10:32:23.651     0     0 I init    : SVC_EXEC service 'boringssl_self_test64' pid 17 (uid 0 gid 0+0 context default) started; waiting...
12-13 10:32:23.676     0     0 I init    : Service 'boringssl_self_test64' (pid 17) exited with status 0 waiting took 0.025000 seconds
12-13 10:32:23.676     0     0 I init    : Sending signal 9 to service 'boringssl_self_test64' (pid 17) process group...
12-13 10:32:23.676     0     0 I libprocessgroup: Successfully killed process cgroup uid 0 pid 17 in 0ms
12-13 10:32:23.676     0     0 I init    : processing action (early-init) from (/init.environ.rc:2)
12-13 10:32:23.676     0     0 I init    : processing action (ro.product.cpu.abilist32=* && early-init) from (/vendor/etc/init/boringssl_self_test.rc:2)
12-13 10:32:23.677     0     0 I init    : starting service 'boringssl_self_test32_vendor'...
12-13 10:32:23.678     0     0 I init    : SVC_EXEC service 'boringssl_self_test32_vendor' pid 18 (uid 0 gid 0+0 context default) started; waiting...
12-13 10:32:23.700     0     0 I init    : Service 'boringssl_self_test32_vendor' (pid 18) exited with status 0 waiting took 0.022000 seconds
12-13 10:32:23.700     0     0 I init    : Sending signal 9 to service 'boringssl_self_test32_vendor' (pid 18) process group...
12-13 10:32:23.700     0     0 I libprocessgroup: Successfully killed process cgroup uid 0 pid 18 in 0ms
12-13 10:32:23.700     0     0 I init    : processing action (ro.product.cpu.abilist64=* && early-init) from (/vendor/etc/init/boringssl_self_test.rc:4)
12-13 10:32:23.701     0     0 I init    : starting service 'boringssl_self_test64_vendor'...
12-13 10:32:23.702     0     0 I init    : SVC_EXEC service 'boringssl_self_test64_vendor' pid 19 (uid 0 gid 0+0 context default) started; waiting...
12-13 10:32:23.725     0     0 I init    : Service 'boringssl_self_test64_vendor' (pid 19) exited with status 0 waiting took 0.023000 seconds
12-13 10:32:23.725     0     0 I init    : Sending signal 9 to service 'boringssl_self_test64_vendor' (pid 19) process group...
12-13 10:32:23.725     0     0 I libprocessgroup: Successfully killed process cgroup uid 0 pid 19 in 0ms
12-13 10:32:23.725     0     0 I init    : processing action (early-init) from (/vendor/etc/init/init.windows_x86_64.rc:1)
12-13 10:32:23.727     0     0 I init    : processing action (wait_for_coldboot_done) from (<Builtin Action>:0)
12-13 10:32:23.727     0     0 I init    : start_waiting_for_property("ro.cold_boot_done", "true"): already set
12-13 10:32:23.727     0     0 I init    : processing action (MixHwrngIntoLinuxRng) from (<Builtin Action>:0)
12-13 10:32:23.727     0     0 I init    : /dev/hw_random not found
12-13 10:32:23.727     0     0 I init    : processing action (SetMmapRndBits) from (<Builtin Action>:0)
12-13 10:32:23.727     0     0 I init    : processing action (KeychordInit) from (<Builtin Action>:0)
12-13 10:32:23.727     0     0 I init    : processing action (init) from (/system/etc/init/hw/init.rc:114)
12-13 10:32:23.729     0     0 I init    : Command 'write /dev/blkio/blkio.weight 1000' action=init (/system/etc/init/hw/init.rc:164) took 0ms and failed: Unable to write to file '/dev/blkio/blkio.weight': open() failed: Permission denied
12-13 10:32:23.729     0     0 I init    : Command 'write /dev/blkio/background/blkio.weight 200' action=init (/system/etc/init/hw/init.rc:165) took 0ms and failed: Unable to write to file '/dev/blkio/background/blkio.weight': open() failed: Permission denied
12-13 10:32:23.729     0     0 I init    : Command 'write /dev/blkio/blkio.group_idle 0' action=init (/system/etc/init/hw/init.rc:166) took 0ms and failed: Unable to write to file '/dev/blkio/blkio.group_idle': open() failed: Permission denied
12-13 10:32:23.729     0     0 I init    : Command 'write /dev/blkio/background/blkio.group_idle 0' action=init (/system/etc/init/hw/init.rc:167) took 0ms and failed: Unable to write to file '/dev/blkio/background/blkio.group_idle': open() failed: Permission denied
12-13 10:32:23.733     0     0 I init    : Command 'write /dev/cpuctl/cpu.rt_period_us 1000000' action=init (/system/etc/init/hw/init.rc:271) took 0ms and failed: Unable to write to file '/dev/cpuctl/cpu.rt_period_us': open() failed: Permission denied
12-13 10:32:23.733     0     0 I init    : Command 'write /dev/cpuctl/cpu.rt_runtime_us 950000' action=init (/system/etc/init/hw/init.rc:272) took 0ms and failed: Unable to write to file '/dev/cpuctl/cpu.rt_runtime_us': open() failed: Permission denied
12-13 10:32:23.736     0     0 I init    : Command 'write /dev/cpu_variant:${ro.bionic.arch} ${ro.bionic.cpu_variant}' action=init (/system/etc/init/hw/init.rc:370) took 0ms and failed: property 'ro.bionic.cpu_variant' doesn't exist while expanding '${ro.bionic.cpu_variant}'
12-13 10:32:23.736     0     0 I init    : Command 'write /dev/cpu_variant:${ro.bionic.2nd_arch} ${ro.bionic.2nd_cpu_variant}' action=init (/system/etc/init/hw/init.rc:372) took 0ms and failed: property 'ro.bionic.2nd_cpu_variant' doesn't exist while expanding '${ro.bionic.2nd_cpu_variant}'
12-13 10:32:23.736     0     0 I init    : starting service 'logd'...
12-13 10:32:23.736     0     0 I init    : Created socket '/dev/socket/logd', mode 666, user 1036, group 1036
12-13 10:32:23.736     0     0 I init    : Created socket '/dev/socket/logdr', mode 666, user 1036, group 1036
12-13 10:32:23.736     0     0 I init    : Created socket '/dev/socket/logdw', mode 222, user 1036, group 1036
12-13 10:32:23.736     0     0 I init    : Opened file '/proc/kmsg', flags 0
12-13 10:32:23.737     0     0 I init    : Opened file '/dev/kmsg', flags 1
12-13 10:32:23.738     0     0 I init    : starting service 'lmkd'...
12-13 10:32:23.738     0     0 I init    : Created socket '/dev/socket/lmkd', mode 660, user 1000, group 1000
12-13 10:32:23.740     0     0 I init    : starting service 'servicemanager'...
12-13 10:32:23.741     0     0 I init    : starting service 'hwservicemanager'...
12-13 10:32:23.742     0     0 I init    : Command 'start vndservicemanager' action=init (/system/etc/init/hw/init.rc:397) took 0ms and failed: service vndservicemanager not found
12-13 10:32:23.742     0     0 I init    : processing action (ro.debuggable=1 && init) from (/system/etc/init/hw/init.rc:1053)
12-13 10:32:23.742     0     0 I init    : starting service 'console'...
12-13 10:32:23.744     0     0 I init    : processing action (init) from (/system/etc/init/hw/init.usb.rc:24)
12-13 10:32:23.744     0     0 I init    : processing action (init) from (/system/etc/init/audioserver.rc:56)
12-13 10:32:23.744    21    21 I lowmemorykiller: Using psi monitors for memory pressure detection
12-13 10:32:23.745     0     0 I init    : processing action (init) from (/vendor/etc/init/init.windows_x86_64.rc:9)
12-13 10:32:23.745    21    21 I lowmemorykiller: Process polling is supported
12-13 10:32:23.747     0     0 I init    : processing action (MixHwrngIntoLinuxRng) from (<Builtin Action>:0)
12-13 10:32:23.748     0     0 I init    : /dev/hw_random not found
12-13 10:32:23.748     0     0 I init    : processing action (late-init) from (/system/etc/init/hw/init.rc:415)
12-13 10:32:23.748     0     0 I init    : processing action (late-init) from (/system/etc/init/atrace.rc:3)
12-13 10:32:23.752     0     0 I init    : processing action (queue_property_triggers) from (<Builtin Action>:0)
12-13 10:32:23.752     0     0 I init    : processing action (early-fs) from (/system/etc/init/hw/init.rc:451)
12-13 10:32:23.752     0     0 I init    : starting service 'vold'...
12-13 10:32:23.753     0     0 I logd.auditd: start
12-13 10:32:23.753     0     0 I init    : processing action (fs) from (/system/etc/init/logd.rc:28)
12-13 10:32:23.754     0     0 I init    : processing action (fs) from (/system/etc/init/wifi.rc:25)
12-13 10:32:23.754     0     0 I init    : processing action (fs) from (/vendor/etc/init/init.windows_x86_64.rc:13)
12-13 10:32:23.755     0     0 I init    : Calling: /system/bin/vdc checkpoint restoreCheckpoint /dev/block/sda
12-13 10:32:23.758    22    22 I snet_event_log: [121035042,-1,]
12-13 10:32:23.760    22    22 I SELinux : SELinux: Loaded service_contexts from:
12-13 10:32:23.760    22    22 I auditd  : SELinux: Loaded service_contexts from:
12-13 10:32:23.760    22    22 I SELinux :     /system/etc/selinux/plat_service_contexts
12-13 10:32:23.760    22    22 I auditd  :     /system/etc/selinux/plat_service_contexts
12-13 10:32:23.760    22    22 I SELinux :     /system_ext/etc/selinux/system_ext_service_contexts
12-13 10:32:23.760    22    22 I auditd  :     /system_ext/etc/selinux/system_ext_service_contexts
12-13 10:32:23.760    22    22 I SELinux :     /product/etc/selinux/product_service_contexts
12-13 10:32:23.760    22    22 I auditd  :     /product/etc/selinux/product_service_contexts
12-13 10:32:23.760    22    22 I SELinux :     /vendor/etc/selinux/vendor_service_contexts
12-13 10:32:23.760    22    22 I auditd  :     /vendor/etc/selinux/vendor_service_contexts
12-13 10:32:23.768    23    23 I hwservicemanager: hwservicemanager is ready now.
--------- beginning of system
12-13 10:32:23.791    26    26 I vold    : Vold 3.0 (the awakening) firing up
12-13 10:32:23.792    26    26 D vold    : Detected support for: ext4 f2fs vfat
12-13 10:32:23.793    26    26 W vold    : Failed to LOOP_GET_STATUS64 /dev/block/loop5: No such device or address
12-13 10:32:23.793    26    26 W vold    : Failed to LOOP_GET_STATUS64 /dev/block/loop0: No such device or address
12-13 10:32:23.793    26    26 W vold    : Failed to LOOP_GET_STATUS64 /dev/block/loop13: No such device or address
12-13 10:32:23.793    26    26 W vold    : Failed to LOOP_GET_STATUS64 /dev/block/loop4: No such device or address
12-13 10:32:23.793    26    26 W vold    : Failed to LOOP_GET_STATUS64 /dev/block/loop10: No such device or address
12-13 10:32:23.793    26    26 W vold    : Failed to LOOP_GET_STATUS64 /dev/block/loop1: No such device or address
12-13 10:32:23.793    26    26 W vold    : Failed to LOOP_GET_STATUS64 /dev/block/loop14: No such device or address
12-13 10:32:23.794    26    26 W vold    : Failed to LOOP_GET_STATUS64 /dev/block/loop2: No such device or address
12-13 10:32:23.794    26    26 W vold    : Failed to LOOP_GET_STATUS64 /dev/block/loop6: No such device or address
12-13 10:32:23.794    26    26 W vold    : Failed to LOOP_GET_STATUS64 /dev/block/loop3: No such device or address
12-13 10:32:23.794    26    26 W vold    : Failed to LOOP_GET_STATUS64 /dev/block/loop11: No such device or address
12-13 10:32:23.794    26    26 W vold    : Failed to LOOP_GET_STATUS64 /dev/block/loop15: No such device or address
12-13 10:32:23.794    26    26 W vold    : Failed to LOOP_GET_STATUS64 /dev/block/loop12: No such device or address
12-13 10:32:23.794    26    26 W vold    : Failed to LOOP_GET_STATUS64 /dev/block/loop7: No such device or address
12-13 10:32:23.794    26    26 W vold    : Failed to LOOP_GET_STATUS64 /dev/block/loop9: No such device or address
12-13 10:32:23.794    26    26 W vold    : Failed to LOOP_GET_STATUS64 /dev/block/loop8: No such device or address
12-13 10:32:23.796    26    26 D vold    : VoldNativeService::start() completed OK
12-13 10:32:23.804    26    26 I Checkpoint: Validating checkpoint on /dev/block/sda
12-13 10:32:23.807     0     0 D vdc     : Waited 40ms for vold
12-13 10:32:23.822    26    26 E Checkpoint: No magic
12-13 10:32:23.825     0     0 E vdc     : Command: checkpoint restoreCheckpoint /dev/block/sda Failed: Status(-8, EX_SERVICE_SPECIFIC): '22: No magic'
12-13 10:32:23.827     0     0 I vdc     : vdc terminated by exit(25)
12-13 10:32:23.827     0     0 I vdc     :  
12-13 10:32:23.827     0     0 E init    : vdc call failed with error code: 25
12-13 10:32:23.828     0     0 I init    : Calling: /system/bin/vdc checkpoint needsCheckpoint
12-13 10:32:23.832    23    23 E cutils-trace: Error opening trace file: Permission denied (13)
12-13 10:32:23.833    23    23 I hwservicemanager: getFrameworkHalManifest: Reading VINTF information.
12-13 10:32:23.834     0     0 D vdc     : Waited 0ms for vold
12-13 10:32:23.838    23    23 I hwservicemanager: getFrameworkHalManifest: Successfully processed VINTF information
12-13 10:32:23.838    23    23 I hwservicemanager: getDeviceHalManifest: Reading VINTF information.
12-13 10:32:23.839    23    23 I hwservicemanager: getDeviceHalManifest: Successfully processed VINTF information
12-13 10:32:23.839    23    23 I hwservicemanager: getTransport: Cannot find entry android.hardware.boot@1.0::IBootControl/default in either framework or device manifest.
12-13 10:32:23.895     0     0 I init    : [libfs_mgr]superblock s_max_mnt_count:65535,/dev/block/sda
12-13 10:32:23.995     0     0 W EXT4-fs (sda): Ignoring removed nomblk_io_submit option
12-13 10:32:23.996     0     0 I EXT4-fs (sda): Using encoding defined by superblock: utf8-12.1.0 with flags 0x0
12-13 10:32:24.397     0     0 I EXT4-fs (sda): mounted filesystem with ordered data mode. Opts: errors=remount-ro,nomblk_io_submit
12-13 10:32:24.397     0     0 I init    : [libfs_mgr]check_fs(): mount(/dev/block/sda,/data,ext4)=0: Success
12-13 10:32:24.678     0     0 I init    : [libfs_mgr]check_fs(): unmount(/data) succeeded
12-13 10:32:24.679     0     0 I init    : [libfs_mgr]Running /system/bin/e2fsck on /dev/block/sda
12-13 10:32:24.724     0     0 I e2fsck  : e2fsck 1.45.4 (23-Sep-2019)
12-13 10:32:24.782     0     0 I e2fsck  : data: clean, 13438/8388608 files, 2169335/33554432 blocks
12-13 10:32:24.792     0     0 I init    : [libfs_mgr]superblock s_max_mnt_count:65535,/dev/block/sda
12-13 10:32:24.793     0     0 I EXT4-fs (sda): Using encoding defined by superblock: utf8-12.1.0 with flags 0x0
12-13 10:32:24.804     0     0 I EXT4-fs (sda): mounted filesystem with ordered data mode. Opts: discard,errors=panic
12-13 10:32:24.804     0     0 I init    : [libfs_mgr]__mount(source=/dev/block/sda,target=/data,type=ext4)=0: Success
12-13 10:32:24.805     0     0 I init    : [libfs_mgr]/data is file encrypted
12-13 10:32:24.805     0     0 I init    : [libfs_mgr]__mount(source=none,target=/cache,type=tmpfs)=0: Success
12-13 10:32:24.805     0     0 I init    : [libfs_mgr]__mount(source=latte,target=/mnt/shared_mem,type=virtiofs)=0: Success
12-13 10:32:24.808     0     0 I init    : Keyring created with id 536555016 in process 1
12-13 10:32:24.808     0     0 I init    : Command 'mount_all /fstab.${ro.hardware}' action=fs (/vendor/etc/init/init.windows_x86_64.rc:14) took 1054ms and succeeded
12-13 10:32:24.833     0     0 I init    : starting service 'label_virtio_ports'...
12-13 10:32:24.835     0     0 I init    : SVC_EXEC service 'label_virtio_ports' pid 38 (uid 0 gid 0+0 context default) started; waiting...
12-13 10:32:24.838    38    38 I virtio_ports_create_links: Completed successfully.
12-13 10:32:24.842     0     0 I init    : Service 'label_virtio_ports' (pid 38) exited with status 0 waiting took 0.008000 seconds
12-13 10:32:24.842     0     0 I init    : Sending signal 9 to service 'label_virtio_ports' (pid 38) process group...
12-13 10:32:24.843     0     0 I libprocessgroup: Successfully killed process cgroup uid 0 pid 38 in 0ms
12-13 10:32:24.843     0     0 I init    : starting service 'disable_lro'...
12-13 10:32:24.844     0     0 I init    : processing action (post-fs) from (/system/etc/init/hw/init.rc:455)
12-13 10:32:24.845     0     0 I init    : starting service 'exec 2 (/system/bin/vdc checkpoint markBootAttempt)'...
12-13 10:32:24.845     0     0 I init    : SVC_EXEC service 'exec 2 (/system/bin/vdc checkpoint markBootAttempt)' pid 40 (uid 1000 gid 1000+0 context default) started; waiting...
12-13 10:32:24.846    39    39 I disable_lro: LRO is disabled
12-13 10:32:24.850     0     0 I init    : Service 'disable_lro' (pid 39) exited with status 0 oneshot service took 0.006000 seconds in background
12-13 10:32:24.850     0     0 I init    : Sending signal 9 to service 'disable_lro' (pid 39) process group...
12-13 10:32:24.851     0     0 I libprocessgroup: Successfully killed process cgroup uid 0 pid 39 in 0ms
12-13 10:32:24.854     0     0 I init    : Service 'exec 2 (/system/bin/vdc checkpoint markBootAttempt)' (pid 40) exited with status 0 waiting took 0.008000 seconds
12-13 10:32:24.854     0     0 I init    : Sending signal 9 to service 'exec 2 (/system/bin/vdc checkpoint markBootAttempt)' (pid 40) process group...
12-13 10:32:24.854     0     0 I libprocessgroup: Successfully killed process cgroup uid 1000 pid 40 in 0ms
12-13 10:32:24.857     0     0 E selinux : SELinux:  setxattr failed: /metadata:  Read-only file system
12-13 10:32:24.858     0     0 E selinux :  
12-13 10:32:24.858     0     0 I init    : Command 'mkdir /metadata/vold' action=post-fs (/system/etc/init/hw/init.rc:502) took 0ms and failed: mkdir() failed on /metadata/vold: Read-only file system
12-13 10:32:24.858     0     0 I init    : Command 'mkdir /metadata/password_slots 0771 root system' action=post-fs (/system/etc/init/hw/init.rc:504) took 0ms and failed: mkdir() failed on /metadata/password_slots: Read-only file system
12-13 10:32:24.858     0     0 I init    : Command 'mkdir /metadata/bootstat 0750 system log' action=post-fs (/system/etc/init/hw/init.rc:505) took 0ms and failed: mkdir() failed on /metadata/bootstat: Read-only file system
12-13 10:32:24.858     0     0 I init    : Command 'mkdir /metadata/ota 0700 root system' action=post-fs (/system/etc/init/hw/init.rc:506) took 0ms and failed: mkdir() failed on /metadata/ota: Read-only file system
12-13 10:32:24.858     0     0 I init    : Command 'mkdir /metadata/apex 0700 root system' action=post-fs (/system/etc/init/hw/init.rc:509) took 0ms and failed: mkdir() failed on /metadata/apex: Read-only file system
12-13 10:32:24.858     0     0 E selinux : SELinux:  Could not stat /metadata/apex: No such file or directory.
12-13 10:32:24.859     0     0 E selinux :  
12-13 10:32:24.859     0     0 I init    : Command 'mkdir /metadata/staged-install 0770 root system' action=post-fs (/system/etc/init/hw/init.rc:518) took 0ms and failed: mkdir() failed on /metadata/staged-install: Read-only file system
12-13 10:32:24.859     0     0 I init    : processing action (post-fs) from (/system/etc/init/atrace_userdebug.rc:7)
12-13 10:32:24.859     0     0 I init    : processing action (post-fs) from (/system/etc/init/gsid.rc:8)
12-13 10:32:24.860     0     0 I init    : Command 'mkdir /metadata/gsi 0771 root system' action=post-fs (/system/etc/init/gsid.rc:9) took 0ms and failed: mkdir() failed on /metadata/gsi: Read-only file system
12-13 10:32:24.860     0     0 I init    : processing action (late-fs) from (/system/etc/init/hw/init.rc:519)
12-13 10:32:24.860     0     0 I init    : starting service 'system_suspend'...
12-13 10:32:24.862     0     0 I init    : starting service 'rcmsvc'...
12-13 10:32:24.864     0     0 I init    : starting service 'vendor.keymaster-4-1'...
12-13 10:32:24.865     0     0 I init    : processing action (post-fs-data) from (/system/etc/init/hw/init.rc:528)
12-13 10:32:24.865     0     0 I init    : starting service 'exec 3 (/system/bin/vdc checkpoint prepareCheckpoint)'...
12-13 10:32:24.866     0     0 I init    : SVC_EXEC service 'exec 3 (/system/bin/vdc checkpoint prepareCheckpoint)' pid 44 (uid 1000 gid 1000+0 context default) started; waiting...
12-13 10:32:24.869    26    26 I Checkpoint: cp_prepareCheckpoint called
12-13 10:32:24.870    41    41 I HidlServiceManagement: Registered android.system.suspend@1.0::ISystemSuspend/default
12-13 10:32:24.870    41    41 I HidlServiceManagement: Removing namespace from process name android.system.suspend@1.0-service to suspend@1.0-service.
12-13 10:32:24.873     0     0 I init    : Service 'exec 3 (/system/bin/vdc checkpoint prepareCheckpoint)' (pid 44) exited with status 0 waiting took 0.007000 seconds
12-13 10:32:24.873     0     0 I init    : Sending signal 9 to service 'exec 3 (/system/bin/vdc checkpoint prepareCheckpoint)' (pid 44) process group...
12-13 10:32:24.874     0     0 I libprocessgroup: Successfully killed process cgroup uid 1000 pid 44 in 0ms
12-13 10:32:24.875     0     0 I init    : starting service 'exec 4 (/system/bin/vdc --wait cryptfs enablefilecrypto)'...
12-13 10:32:24.876     0     0 I init    : SVC_EXEC service 'exec 4 (/system/bin/vdc --wait cryptfs enablefilecrypto)' pid 47 (uid 0 gid 0+0 context default) started; waiting...
12-13 10:32:24.880    26    26 I vold    : fscrypt_initialize_systemwide_keys
12-13 10:32:24.881    26    26 D vold    : Key exists, using: /data/unencrypted/key
12-13 10:32:24.883     0     0 D vdc     : Waited 0ms for vold
12-13 10:32:24.885     0     0 W         : NOHZ tick-stop error: Non-RCU local softirq work is pending, handler #280!!!
12-13 10:32:24.886    23    23 I hwservicemanager: Since android.hardware.keymaster@4.0::IKeymasterDevice/default is not registered, trying to start it as a lazy HAL.
12-13 10:32:24.887    23    23 I hwservicemanager: Since android.hardware.keymaster@4.0::IKeymasterDevice/default is not registered, trying to start it as a lazy HAL.
12-13 10:32:24.887    26    26 I HidlServiceManagement: getService: Trying again for android.hardware.keymaster@4.0::IKeymasterDevice/default...
12-13 10:32:24.891     0     0 I init    : Control message: Processed ctl.interface_start for 'android.hardware.keymaster@4.0::IKeymasterDevice/default' from pid: 23 (/system/bin/hwservicemanager)
12-13 10:32:24.891     0     0 I init    : Control message: Processed ctl.interface_start for 'android.hardware.keymaster@4.0::IKeymasterDevice/default' from pid: 23 (/system/bin/hwservicemanager)
12-13 10:32:24.899    43    43 I HidlServiceManagement: Registered android.hardware.keymaster@4.1::IKeymasterDevice/default
12-13 10:32:24.899    42    42 I HidlServiceManagement: Registered windows.services.rcm@1.0::IRemoteConnectionManager/default
12-13 10:32:24.900    43    43 I HidlServiceManagement: Removing namespace from process name android.hardware.keymaster@4.1-service to keymaster@4.1-service.
12-13 10:32:24.900    42    42 I HidlServiceManagement: Removing namespace from process name windows.services.rcm@1.0-service to rcm@1.0-service.
12-13 10:32:24.900    42    42 D RemoteConnectionManager: Initializing client connection.
12-13 10:32:24.900    42    51 D librcm  : Waiting for client connection.
12-13 10:32:24.901    23    23 I hw-BpHwBinder: onLastStrongRef automatically unlinking death recipients
12-13 10:32:24.901    42    51 D windows.services.rcm@1.0-service: SocketClient connected to host port 35002
12-13 10:32:24.901    42    51 D librcm  : Client has connected
12-13 10:32:24.901    42    51 D librcm  : Starting receive loop
12-13 10:32:24.902    23    23 I hwservicemanager: getTransport: Cannot find entry android.hardware.keymaster@3.0::IKeymasterDevice/default in either framework or device manifest.
12-13 10:32:24.903    26    26 I vold    : List of Keymaster HALs found:
12-13 10:32:24.903    26    26 I vold    : Keymaster HAL #1: SoftwareKeymasterDevice from Google SecurityLevel: SOFTWARE HAL: android.hardware.keymaster@4.1::IKeymasterDevice/default
12-13 10:32:24.904    26    26 D vold    : Computing HMAC with params { (seed: , nonce: 9629476b66175641a55caf57f511677ba52caa1b287424680568ed08958c22b) }
12-13 10:32:24.904    26    26 D vold    : Computing HMAC for SoftwareKeymasterDevice from Google SecurityLevel: SOFTWARE HAL: android.hardware.keymaster@4.1::IKeymasterDevice/default
12-13 10:32:24.904    26    26 I vold    : Using SoftwareKeymasterDevice from Google for encryption.  Security level: SOFTWARE, HAL: android.hardware.keymaster@4.1::IKeymasterDevice/default
12-13 10:32:24.907    26    26 D vold    : Installed fscrypt key with ref ab821d9df022fa689c9fe7123d4648ab to /data
12-13 10:32:24.907    26    26 D vold    : Added fscrypt-provisioning key for ab821d9df022fa689c9fe7123d4648ab to session keyring
12-13 10:32:24.958    26    26 I vold    : Wrote system DE key reference to:/data/unencrypted/ref
12-13 10:32:24.958    26    26 D vold    : Installed fscrypt key with ref f52e6a9f88161d08951df724bcdfd122 to /data
12-13 10:32:24.958    26    26 D vold    : Added fscrypt-provisioning key for f52e6a9f88161d08951df724bcdfd122 to session keyring
12-13 10:32:24.970    26    26 I vold    : Wrote per boot key reference to:/data/unencrypted/per_boot_ref
12-13 10:32:24.974     0     0 I init    : Service 'exec 4 (/system/bin/vdc --wait cryptfs enablefilecrypto)' (pid 47) exited with status 0 waiting took 0.098000 seconds
12-13 10:32:24.974     0     0 I init    : Sending signal 9 to service 'exec 4 (/system/bin/vdc --wait cryptfs enablefilecrypto)' (pid 47) process group...
12-13 10:32:24.974     0     0 I libprocessgroup: Successfully killed process cgroup uid 0 pid 47 in 0ms
12-13 10:32:24.975     0     0 I init    : Verified that /data/bootchart has the encryption policy ab821d9df022fa689c9fe7123d4648ab v2 modes 1/4 flags 0x2
12-13 10:32:24.976     0     0 I fscrypt : AES-256-CTS-CBC using implementation "cts(cbc-aes-aesni)"
12-13 10:32:24.976     0     0 I init    : Switched to default mount namespace
12-13 10:32:24.976     0     0 I init    : Not setting encryption policy on: /data/apex
12-13 10:32:24.977     0     0 I init    : Not setting encryption policy on: /data/app-staging
12-13 10:32:24.977     0     0 I init    : starting service 'apexd'...
12-13 10:32:24.980     0     0 I fscrypt : AES-256-XTS using implementation "xts-aes-aesni"
12-13 10:32:24.982     0     0 I init    : Verified that /data/misc has the encryption policy ab821d9df022fa689c9fe7123d4648ab v2 modes 1/4 flags 0x2
12-13 10:32:24.989     0     0 I init    : Verified that /data/local has the encryption policy ab821d9df022fa689c9fe7123d4648ab v2 modes 1/4 flags 0x2
12-13 10:32:24.990     0     0 I init    : Not setting encryption policy on: /data/preloads
12-13 10:32:24.990     0     0 I apexd   : This device does not support updatable APEX. Exiting
12-13 10:32:24.991     0     0 I apexd   : Marking APEXd as activated
12-13 10:32:24.991     0     0 I init    : Verified that /data/vendor has the encryption policy ab821d9df022fa689c9fe7123d4648ab v2 modes 1/4 flags 0x2
12-13 10:32:24.991     0     0 I init    : Not setting encryption policy on: /data/vendor_ce
12-13 10:32:24.991     0     0 I init    : Not setting encryption policy on: /data/vendor_de
12-13 10:32:24.992     0     0 I init    : Service 'apexd' (pid 52) exited with status 0 oneshot service took 0.014000 seconds in background
12-13 10:32:24.992     0     0 I init    : Sending signal 9 to service 'apexd' (pid 52) process group...
12-13 10:32:24.992     0     0 I libprocessgroup: Successfully killed process cgroup uid 0 pid 52 in 0ms
12-13 10:32:24.994     0     0 I init    : Not setting encryption policy on: /data/data
12-13 10:32:24.995     0     0 I init    : Verified that /data/app-private has the encryption policy ab821d9df022fa689c9fe7123d4648ab v2 modes 1/4 flags 0x2
12-13 10:32:24.995     0     0 I init    : Verified that /data/app-ephemeral has the encryption policy ab821d9df022fa689c9fe7123d4648ab v2 modes 1/4 flags 0x2
12-13 10:32:24.996     0     0 I init    : Verified that /data/app-asec has the encryption policy ab821d9df022fa689c9fe7123d4648ab v2 modes 1/4 flags 0x2
12-13 10:32:24.996     0     0 I init    : Verified that /data/app-lib has the encryption policy ab821d9df022fa689c9fe7123d4648ab v2 modes 1/4 flags 0x2
12-13 10:32:24.997     0     0 I init    : Verified that /data/app has the encryption policy ab821d9df022fa689c9fe7123d4648ab v2 modes 1/4 flags 0x2
12-13 10:32:24.997     0     0 I init    : Verified that /data/property has the encryption policy ab821d9df022fa689c9fe7123d4648ab v2 modes 1/4 flags 0x2
12-13 10:32:24.997     0     0 I init    : Verified that /data/tombstones has the encryption policy ab821d9df022fa689c9fe7123d4648ab v2 modes 1/4 flags 0x2
12-13 10:32:24.998     0     0 I init    : Verified that /data/dalvik-cache has the encryption policy ab821d9df022fa689c9fe7123d4648ab v2 modes 1/4 flags 0x2
12-13 10:32:24.999     0     0 I init    : Verified that /data/ota has the encryption policy ab821d9df022fa689c9fe7123d4648ab v2 modes 1/4 flags 0x2
12-13 10:32:24.999     0     0 I init    : Verified that /data/ota_package has the encryption policy ab821d9df022fa689c9fe7123d4648ab v2 modes 1/4 flags 0x2
12-13 10:32:24.999     0     0 I init    : Verified that /data/resource-cache has the encryption policy ab821d9df022fa689c9fe7123d4648ab v2 modes 1/4 flags 0x2
12-13 10:32:25.000     0     0 I init    : Not setting encryption policy on: /data/lost+found
12-13 10:32:25.000     0     0 I init    : Verified that /data/drm has the encryption policy ab821d9df022fa689c9fe7123d4648ab v2 modes 1/4 flags 0x2
12-13 10:32:25.000     0     0 I init    : Verified that /data/mediadrm has the encryption policy ab821d9df022fa689c9fe7123d4648ab v2 modes 1/4 flags 0x2
12-13 10:32:25.001     0     0 I init    : Verified that /data/anr has the encryption policy ab821d9df022fa689c9fe7123d4648ab v2 modes 1/4 flags 0x2
12-13 10:32:25.001     0     0 I init    : Verified that /data/nfc has the encryption policy ab821d9df022fa689c9fe7123d4648ab v2 modes 1/4 flags 0x2
12-13 10:32:25.002     0     0 I init    : Verified that /data/backup has the encryption policy ab821d9df022fa689c9fe7123d4648ab v2 modes 1/4 flags 0x2
12-13 10:32:25.002     0     0 I init    : Verified that /data/ss has the encryption policy ab821d9df022fa689c9fe7123d4648ab v2 modes 1/4 flags 0x2
12-13 10:32:25.002     0     0 I init    : Verified that /data/system has the encryption policy ab821d9df022fa689c9fe7123d4648ab v2 modes 1/4 flags 0x2
12-13 10:32:25.002     0     0 I init    : Not setting encryption policy on: /data/system_de
12-13 10:32:25.002     0     0 I init    : Not setting encryption policy on: /data/system_ce
12-13 10:32:25.003     0     0 I init    : Not setting encryption policy on: /data/misc_de
12-13 10:32:25.003     0     0 I init    : Not setting encryption policy on: /data/misc_ce
12-13 10:32:25.004     0     0 I init    : Not setting encryption policy on: /data/user
12-13 10:32:25.004     0     0 I init    : Not setting encryption policy on: /data/user_de
12-13 10:32:25.005     0     0 W         : NOHZ tick-stop error: Non-RCU local softirq work is pending, handler #80!!!
12-13 10:32:25.006     0     0 I init    : Command 'rm /data/user/0' action=post-fs-data (/system/etc/init/hw/init.rc:706) took 1ms and failed: unlink() failed: Is a directory
12-13 10:32:25.010     0     0 I init    : Verified that /data/cache has the encryption policy ab821d9df022fa689c9fe7123d4648ab v2 modes 1/4 flags 0x2
12-13 10:32:25.011     0     0 I init    : Verified that /data/rollback has the encryption policy ab821d9df022fa689c9fe7123d4648ab v2 modes 1/4 flags 0x2
12-13 10:32:25.011     0     0 I init    : Verified that /data/rollback-observer has the encryption policy ab821d9df022fa689c9fe7123d4648ab v2 modes 1/4 flags 0x2
12-13 10:32:25.012     0     0 I init    : Verified that /data/incremental has the encryption policy ab821d9df022fa689c9fe7123d4648ab v2 modes 1/4 flags 0x2
12-13 10:32:25.012     0     0 I init    : start_waiting_for_property("apexd.status", "activated"): already set
12-13 10:32:25.015     0     0 I init    : Parsing file /apex/com.android.adbd/etc/init.rc...
12-13 10:32:25.015     0     0 I init    : Parsing file /apex/com.android.media.swcodec/etc/init.rc...
12-13 10:32:25.015     0     0 I init    : Parsing file /apex/com.android.os.statsd/etc/init.rc...
12-13 10:32:25.015     0     0 I init    : Parsing file /apex/com.android.sdkext/etc/derive_sdk.rc...
12-13 10:32:25.015     0     0 I init    : Not setting encryption policy on: /data/media
12-13 10:32:25.016     0     0 I init    : starting service 'exec 5 (/system/bin/chattr +F /data/media)'...
12-13 10:32:25.017     0     0 I init    : SVC_EXEC service 'exec 5 (/system/bin/chattr +F /data/media)' pid 53 (uid 1023 gid 1023+0 context default) started; waiting...
12-13 10:32:25.028     0     0 I init    : Service 'exec 5 (/system/bin/chattr +F /data/media)' (pid 53) exited with status 0 waiting took 0.010000 seconds
12-13 10:32:25.028     0     0 I init    : Sending signal 9 to service 'exec 5 (/system/bin/chattr +F /data/media)' (pid 53) process group...
12-13 10:32:25.028     0     0 I libprocessgroup: Successfully killed process cgroup uid 1023 pid 53 in 0ms
12-13 10:32:25.030     0     0 I init    : Encryption policy of /data/media/obb set to ab821d9df022fa689c9fe7123d4648ab v2 modes 1/4 flags 0x2
12-13 10:32:25.031     0     0 I init    : starting service 'derive_sdk'...
12-13 10:32:25.032     0     0 I init    : SVC_EXEC service 'derive_sdk' pid 54 (uid 9999 gid 9999+0 context default) started; waiting...
12-13 10:32:25.034    54    54 I derive_sdk: Read version 0 from /apex/com.android.sdkext/etc/sdkinfo.binarypb
12-13 10:32:25.035    54    54 I derive_sdk: R extension version is 0
12-13 10:32:25.039     0     0 I init    : Service 'derive_sdk' (pid 54) exited with status 0 waiting took 0.007000 seconds
12-13 10:32:25.039     0     0 I init    : Sending signal 9 to service 'derive_sdk' (pid 54) process group...
12-13 10:32:25.039     0     0 I libprocessgroup: Successfully killed process cgroup uid 9999 pid 54 in 0ms
12-13 10:32:25.039     0     0 I init    : starting service 'exec 6 (/system/bin/vdc --wait cryptfs init_user0)'...
12-13 10:32:25.040     0     0 I init    : SVC_EXEC service 'exec 6 (/system/bin/vdc --wait cryptfs init_user0)' pid 55 (uid 0 gid 0+0 context default) started; waiting...
12-13 10:32:25.042    26    26 D vold    : fscrypt_init_user0
12-13 10:32:25.043    26    26 D vold    : Preparing: /data/misc/vold/user_keys
12-13 10:32:25.043    26    26 D vold    : Preparing: /data/misc/vold/user_keys/ce
12-13 10:32:25.043    26    26 D vold    : Preparing: /data/misc/vold/user_keys/de
12-13 10:32:25.046     0     0 D vdc     : Waited 0ms for vold
12-13 10:32:25.047    23    23 I hwservicemanager: getTransport: Cannot find entry android.hardware.keymaster@3.0::IKeymasterDevice/default in either framework or device manifest.
12-13 10:32:25.047    26    26 I vold    : List of Keymaster HALs found:
12-13 10:32:25.047    26    26 I vold    : Keymaster HAL #1: SoftwareKeymasterDevice from Google SecurityLevel: SOFTWARE HAL: android.hardware.keymaster@4.1::IKeymasterDevice/default
12-13 10:32:25.047    26    26 I vold    : Using SoftwareKeymasterDevice from Google for encryption.  Security level: SOFTWARE, HAL: android.hardware.keymaster@4.1::IKeymasterDevice/default
12-13 10:32:25.048    26    26 D vold    : Installed fscrypt key with ref def96e015042a3169eae9b3601cfb45f to /data
12-13 10:32:25.048    26    26 D vold    : Added fscrypt-provisioning key for def96e015042a3169eae9b3601cfb45f to session keyring
12-13 10:32:25.048    26    26 D vold    : Installed de key for user 0
12-13 10:32:25.048    26    26 D vold    : Skipping non-de-key ..
12-13 10:32:25.048    26    26 D vold    : Skipping non-de-key .
12-13 10:32:25.048    26    26 D vold    : fscrypt_prepare_user_storage for volume null, user 0, serial 0, flags 1
12-13 10:32:25.049    26    26 D vold    : Preparing: /data/system/users/0
12-13 10:32:25.049    26    26 D vold    : Preparing: /data/misc/profiles/cur/0
12-13 10:32:25.049    26    26 D vold    : Preparing: /data/system_de/0
12-13 10:32:25.050    26    26 D vold    : Preparing: /data/misc_de/0
12-13 10:32:25.050    26    26 D vold    : Preparing: /data/vendor_de/0
12-13 10:32:25.051    26    26 D vold    : Preparing: /data/user_de/0
